Archive member included because of file (symbol)

C:/NXP/S32DS_ARM_v2018.R1/S32DS/arm_ewl2/lib/armv6-m\libc99.a(exit.o)
                              C:/NXP/S32DS_ARM_v2018.R1/S32DS/arm_ewl2/lib/armv6-m/__arm_start.o (exit)
C:/NXP/S32DS_ARM_v2018.R1/S32DS/arm_ewl2/lib/armv6-m\libc99.a(memcpy.o)
                              ./SDK/platform/devices/startup.o (memcpy)
C:/NXP/S32DS_ARM_v2018.R1/S32DS/arm_ewl2/lib/armv6-m\libc99.a(memset.o)
                              C:/NXP/S32DS_ARM_v2018.R1/S32DS/arm_ewl2/lib/armv6-m/__arm_start.o (memset)
C:/NXP/S32DS_ARM_v2018.R1/S32DS/arm_ewl2/lib/armv6-m\libc99.a(__filll_mem.o)
                              C:/NXP/S32DS_ARM_v2018.R1/S32DS/arm_ewl2/lib/armv6-m\libc99.a(memset.o) (__fill_mem)
c:/nxp/s32ds_arm_v2018.r1/cross_tools/gcc-arm-none-eabi-4_9/bin/../lib/gcc/arm-none-eabi/4.9.3/armv6-m\libgcc.a(_udivsi3.o)
                              ./SDK/rtos/osif/osif_baremetal.o (__aeabi_uidiv)
c:/nxp/s32ds_arm_v2018.r1/cross_tools/gcc-arm-none-eabi-4_9/bin/../lib/gcc/arm-none-eabi/4.9.3/armv6-m\libgcc.a(_divsi3.o)
                              ./SDK/platform/drivers/src/lpspi/lpspi_shared_function.o (__aeabi_idivmod)
c:/nxp/s32ds_arm_v2018.r1/cross_tools/gcc-arm-none-eabi-4_9/bin/../lib/gcc/arm-none-eabi/4.9.3/armv6-m\libgcc.a(_dvmd_tls.o)
                              c:/nxp/s32ds_arm_v2018.r1/cross_tools/gcc-arm-none-eabi-4_9/bin/../lib/gcc/arm-none-eabi/4.9.3/armv6-m\libgcc.a(_udivsi3.o) (__aeabi_idiv0)
C:/NXP/S32DS_ARM_v2018.R1/S32DS/arm_ewl2/lib/armv6-m\librt.a(gcc_ctor_dtor.o)
                              C:/NXP/S32DS_ARM_v2018.R1/S32DS/arm_ewl2/lib/armv6-m/__arm_start.o (__init_cpp)
C:/NXP/S32DS_ARM_v2018.R1/S32DS/arm_ewl2/lib/armv6-m\librt.a(__arm_eabi_init.o)
                              C:/NXP/S32DS_ARM_v2018.R1/S32DS/arm_ewl2/lib/armv6-m\libc99.a(exit.o) (__destroy_global_chain)
C:/NXP/S32DS_ARM_v2018.R1/S32DS/arm_ewl2/lib/armv6-m\librt.a(ROMCopy.o)
                              C:/NXP/S32DS_ARM_v2018.R1/S32DS/arm_ewl2/lib/armv6-m/__arm_start.o (__copy_rom_sections_to_ram)

Allocating common symbols
Common symbol       size              file

g_xtal0ClkFreq      0x4               ./SDK/platform/drivers/src/clock/S32K1xx/clock_S32K1xx.o
canCom1_State       0x10c             ./Generated_Code/canCom1.o
g_RtcClkInFreq      0x4               ./SDK/platform/drivers/src/clock/S32K1xx/clock_S32K1xx.o
g_TClkFreq          0xc               ./SDK/platform/drivers/src/clock/S32K1xx/clock_S32K1xx.o
lpspiCom1State      0x34              ./Generated_Code/lpspiCom1.o
dmaController1_State
                    0x10              ./Generated_Code/dmaController1.o
dmaController1Chn0_State
                    0x10              ./Generated_Code/dmaController1.o

Discarded input sections

 .text          0x00000000        0x0 C:/NXP/S32DS_ARM_v2018.R1/S32DS/arm_ewl2/lib/armv6-m/__arm_start.o
 .data          0x00000000        0x0 C:/NXP/S32DS_ARM_v2018.R1/S32DS/arm_ewl2/lib/armv6-m/__arm_start.o
 .bss           0x00000000        0x0 C:/NXP/S32DS_ARM_v2018.R1/S32DS/arm_ewl2/lib/armv6-m/__arm_start.o
 .text.__thumb_startup
                0x00000000       0x3c C:/NXP/S32DS_ARM_v2018.R1/S32DS/arm_ewl2/lib/armv6-m/__arm_start.o
 .text.__iar_program_start
                0x00000000        0x4 C:/NXP/S32DS_ARM_v2018.R1/S32DS/arm_ewl2/lib/armv6-m/__arm_start.o
 .bss.argv      0x00000000        0x4 C:/NXP/S32DS_ARM_v2018.R1/S32DS/arm_ewl2/lib/armv6-m/__arm_start.o
 .debug_info    0x00000000      0x144 C:/NXP/S32DS_ARM_v2018.R1/S32DS/arm_ewl2/lib/armv6-m/__arm_start.o
 .debug_abbrev  0x00000000       0xc0 C:/NXP/S32DS_ARM_v2018.R1/S32DS/arm_ewl2/lib/armv6-m/__arm_start.o
 .debug_aranges
                0x00000000       0x28 C:/NXP/S32DS_ARM_v2018.R1/S32DS/arm_ewl2/lib/armv6-m/__arm_start.o
 .debug_line    0x00000000       0x68 C:/NXP/S32DS_ARM_v2018.R1/S32DS/arm_ewl2/lib/armv6-m/__arm_start.o
 .debug_str     0x00000000      0x270 C:/NXP/S32DS_ARM_v2018.R1/S32DS/arm_ewl2/lib/armv6-m/__arm_start.o
 .comment       0x00000000       0x71 C:/NXP/S32DS_ARM_v2018.R1/S32DS/arm_ewl2/lib/armv6-m/__arm_start.o
 .debug_frame   0x00000000       0x30 C:/NXP/S32DS_ARM_v2018.R1/S32DS/arm_ewl2/lib/armv6-m/__arm_start.o
 .ARM.attributes
                0x00000000       0x31 C:/NXP/S32DS_ARM_v2018.R1/S32DS/arm_ewl2/lib/armv6-m/__arm_start.o
 .text          0x00000000        0x0 ./Sources/main.o
 .data          0x00000000        0x0 ./Sources/main.o
 .bss           0x00000000        0x0 ./Sources/main.o
 .text.Init_SBC
                0x00000000        0x4 ./Sources/main.o
 .text          0x00000000        0x0 ./SDK/rtos/osif/osif_baremetal.o
 .data          0x00000000        0x0 ./SDK/rtos/osif/osif_baremetal.o
 .bss           0x00000000        0x0 ./SDK/rtos/osif/osif_baremetal.o
 .text.OSIF_TimeDelay
                0x00000000       0x40 ./SDK/rtos/osif/osif_baremetal.o
 .text.OSIF_GetMilliseconds
                0x00000000        0xc ./SDK/rtos/osif/osif_baremetal.o
 .text.OSIF_MutexLock
                0x00000000        0x4 ./SDK/rtos/osif/osif_baremetal.o
 .text.OSIF_MutexUnlock
                0x00000000        0x4 ./SDK/rtos/osif/osif_baremetal.o
 .text.OSIF_MutexCreate
                0x00000000        0x4 ./SDK/rtos/osif/osif_baremetal.o
 .text.OSIF_MutexDestroy
                0x00000000        0x4 ./SDK/rtos/osif/osif_baremetal.o
 .text.OSIF_SemaWait
                0x00000000       0x6c ./SDK/rtos/osif/osif_baremetal.o
 .text          0x00000000        0x0 ./SDK/platform/drivers/src/pins/pins_port_hw_access.o
 .data          0x00000000        0x0 ./SDK/platform/drivers/src/pins/pins_port_hw_access.o
 .bss           0x00000000        0x0 ./SDK/platform/drivers/src/pins/pins_port_hw_access.o
 .text.PINS_SetGlobalPinControl
                0x00000000       0x28 ./SDK/platform/drivers/src/pins/pins_port_hw_access.o
 .text.PINS_SetGlobalIntControl
                0x00000000       0x24 ./SDK/platform/drivers/src/pins/pins_port_hw_access.o
 .text          0x00000000        0x0 ./SDK/platform/drivers/src/pins/pins_driver.o
 .data          0x00000000        0x0 ./SDK/platform/drivers/src/pins/pins_driver.o
 .bss           0x00000000        0x0 ./SDK/platform/drivers/src/pins/pins_driver.o
 .text.PINS_DRV_SetPullSel
                0x00000000       0x38 ./SDK/platform/drivers/src/pins/pins_driver.o
 .text.PINS_DRV_SetMuxModeSel
                0x00000000       0x1c ./SDK/platform/drivers/src/pins/pins_driver.o
 .text.PINS_DRV_SetPinIntSel
                0x00000000       0x1c ./SDK/platform/drivers/src/pins/pins_driver.o
 .text.PINS_DRV_GetPinIntSel
                0x00000000        0xc ./SDK/platform/drivers/src/pins/pins_driver.o
 .text.PINS_DRV_ClearPinIntFlagCmd
                0x00000000       0x10 ./SDK/platform/drivers/src/pins/pins_driver.o
 .text.PINS_DRV_EnableDigitalFilter
                0x00000000       0x14 ./SDK/platform/drivers/src/pins/pins_driver.o
 .text.PINS_DRV_DisableDigitalFilter
                0x00000000       0x10 ./SDK/platform/drivers/src/pins/pins_driver.o
 .text.PINS_DRV_ConfigDigitalFilter
                0x00000000       0x18 ./SDK/platform/drivers/src/pins/pins_driver.o
 .text.PINS_DRV_GetPortIntFlag
                0x00000000        0x8 ./SDK/platform/drivers/src/pins/pins_driver.o
 .text.PINS_DRV_ClearPortIntFlagCmd
                0x00000000        0xc ./SDK/platform/drivers/src/pins/pins_driver.o
 .text.PINS_DRV_GetPinsDirection
                0x00000000        0x4 ./SDK/platform/drivers/src/pins/pins_driver.o
 .text.PINS_DRV_SetPinDirection
                0x00000000       0x14 ./SDK/platform/drivers/src/pins/pins_driver.o
 .text.PINS_DRV_SetPinsDirection
                0x00000000        0x4 ./SDK/platform/drivers/src/pins/pins_driver.o
 .text.PINS_DRV_SetGlobalPinControl
                0x00000000        0x8 ./SDK/platform/drivers/src/pins/pins_driver.o
 .text.PINS_DRV_SetGlobalIntControl
                0x00000000        0x8 ./SDK/platform/drivers/src/pins/pins_driver.o
 .text.PINS_DRV_WritePins
                0x00000000        0x4 ./SDK/platform/drivers/src/pins/pins_driver.o
 .text.PINS_DRV_GetPinsOutput
                0x00000000        0x4 ./SDK/platform/drivers/src/pins/pins_driver.o
 .text.PINS_DRV_SetPins
                0x00000000        0x4 ./SDK/platform/drivers/src/pins/pins_driver.o
 .text.PINS_DRV_ClearPins
                0x00000000        0x4 ./SDK/platform/drivers/src/pins/pins_driver.o
 .text.PINS_DRV_TogglePins
                0x00000000        0x4 ./SDK/platform/drivers/src/pins/pins_driver.o
 .text.PINS_DRV_ReadPins
                0x00000000        0x4 ./SDK/platform/drivers/src/pins/pins_driver.o
 .text          0x00000000        0x0 ./SDK/platform/drivers/src/lpspi/lpspi_slave_driver.o
 .data          0x00000000        0x0 ./SDK/platform/drivers/src/lpspi/lpspi_slave_driver.o
 .bss           0x00000000        0x0 ./SDK/platform/drivers/src/lpspi/lpspi_slave_driver.o
 .text.LPSPI_DRV_SlaveCompleteDMATransfer
                0x00000000       0x78 ./SDK/platform/drivers/src/lpspi/lpspi_slave_driver.o
 .text.LPSPI_DRV_SlaveInit
                0x00000000       0xf8 ./SDK/platform/drivers/src/lpspi/lpspi_slave_driver.o
 .text.LPSPI_DRV_SlaveDeinit
                0x00000000       0x44 ./SDK/platform/drivers/src/lpspi/lpspi_slave_driver.o
 .text.LPSPI_DRV_SlaveTransferBlocking
                0x00000000      0x2a0 ./SDK/platform/drivers/src/lpspi/lpspi_slave_driver.o
 .text.LPSPI_DRV_SlaveTransfer
                0x00000000      0x1e0 ./SDK/platform/drivers/src/lpspi/lpspi_slave_driver.o
 .text.LPSPI_DRV_SlaveAbortTransfer
                0x00000000       0x6c ./SDK/platform/drivers/src/lpspi/lpspi_slave_driver.o
 .text.LPSPI_DRV_SlaveGetTransferStatus
                0x00000000       0x28 ./SDK/platform/drivers/src/lpspi/lpspi_slave_driver.o
 .text          0x00000000        0x0 ./SDK/platform/drivers/src/lpspi/lpspi_shared_function.o
 .data          0x00000000        0x0 ./SDK/platform/drivers/src/lpspi/lpspi_shared_function.o
 .bss           0x00000000        0x0 ./SDK/platform/drivers/src/lpspi/lpspi_shared_function.o
 .text          0x00000000        0x0 ./SDK/platform/drivers/src/lpspi/lpspi_master_driver.o
 .data          0x00000000        0x0 ./SDK/platform/drivers/src/lpspi/lpspi_master_driver.o
 .bss           0x00000000        0x0 ./SDK/platform/drivers/src/lpspi/lpspi_master_driver.o
 .text.LPSPI_DRV_MasterClearCountinuous
                0x00000000       0x18 ./SDK/platform/drivers/src/lpspi/lpspi_master_driver.o
 .text.LPSPI_DRV_MasterCompleteDMATransfer
                0x00000000       0x80 ./SDK/platform/drivers/src/lpspi/lpspi_master_driver.o
 .text.LPSPI_DRV_MasterDeinit
                0x00000000       0x34 ./SDK/platform/drivers/src/lpspi/lpspi_master_driver.o
 .text.LPSPI_DRV_MasterSetDelay
                0x00000000      0x104 ./SDK/platform/drivers/src/lpspi/lpspi_master_driver.o
 .text.LPSPI_DRV_MasterConfigureBus
                0x00000000       0xec ./SDK/platform/drivers/src/lpspi/lpspi_master_driver.o
 .text.LPSPI_DRV_MasterTransferBlocking
                0x00000000      0x348 ./SDK/platform/drivers/src/lpspi/lpspi_master_driver.o
 .text.LPSPI_DRV_MasterTransfer
                0x00000000      0x244 ./SDK/platform/drivers/src/lpspi/lpspi_master_driver.o
 .text.LPSPI_DRV_MasterGetTransferStatus
                0x00000000       0x28 ./SDK/platform/drivers/src/lpspi/lpspi_master_driver.o
 .text.LPSPI_DRV_MasterAbortTransfer
                0x00000000       0x94 ./SDK/platform/drivers/src/lpspi/lpspi_master_driver.o
 .text.LPSPI_DRV_SetPcs
                0x00000000       0x40 ./SDK/platform/drivers/src/lpspi/lpspi_master_driver.o
 .rodata.s_baudratePrescaler
                0x00000000       0x20 ./SDK/platform/drivers/src/lpspi/lpspi_master_driver.o
 .text          0x00000000        0x0 ./SDK/platform/drivers/src/lpspi/lpspi_irq.o
 .data          0x00000000        0x0 ./SDK/platform/drivers/src/lpspi/lpspi_irq.o
 .bss           0x00000000        0x0 ./SDK/platform/drivers/src/lpspi/lpspi_irq.o
 .text          0x00000000        0x0 ./SDK/platform/drivers/src/lpspi/lpspi_hw_access.o
 .data          0x00000000        0x0 ./SDK/platform/drivers/src/lpspi/lpspi_hw_access.o
 .bss           0x00000000        0x0 ./SDK/platform/drivers/src/lpspi/lpspi_hw_access.o
 .text.LPSPI_Config
                0x00000000      0x1fc ./SDK/platform/drivers/src/lpspi/lpspi_hw_access.o
 .text.LPSPI_GetVersionId
                0x00000000       0x1c ./SDK/platform/drivers/src/lpspi/lpspi_hw_access.o
 .text.LPSPI_SetHostRequestMode
                0x00000000       0x18 ./SDK/platform/drivers/src/lpspi/lpspi_hw_access.o
 .text.LPSPI_SetMatchConfigMode
                0x00000000       0x38 ./SDK/platform/drivers/src/lpspi/lpspi_hw_access.o
 .text.LPSPI_SetBaudRateDivisor
                0x00000000       0x24 ./SDK/platform/drivers/src/lpspi/lpspi_hw_access.o
 .text.LPSPI_SetDelay
                0x00000000       0x2c ./SDK/platform/drivers/src/lpspi/lpspi_hw_access.o
 .text.LPSPI_WriteDataBlocking
                0x00000000       0x14 ./SDK/platform/drivers/src/lpspi/lpspi_hw_access.o
 .text.LPSPI_ReadDataBlocking
                0x00000000        0xc ./SDK/platform/drivers/src/lpspi/lpspi_hw_access.o
 .text.LPSPI_SetPcs
                0x00000000       0x14 ./SDK/platform/drivers/src/lpspi/lpspi_hw_access.o
 .text          0x00000000        0x0 ./SDK/platform/drivers/src/interrupt/interrupt_manager.o
 .data          0x00000000        0x0 ./SDK/platform/drivers/src/interrupt/interrupt_manager.o
 .bss           0x00000000        0x0 ./SDK/platform/drivers/src/interrupt/interrupt_manager.o
 .text.INT_SYS_InstallHandler
                0x00000000       0x18 ./SDK/platform/drivers/src/interrupt/interrupt_manager.o
 .text.INT_SYS_DisableIRQ
                0x00000000       0x1c ./SDK/platform/drivers/src/interrupt/interrupt_manager.o
 .text.INT_SYS_SetPriority
                0x00000000       0x74 ./SDK/platform/drivers/src/interrupt/interrupt_manager.o
 .text.INT_SYS_GetPriority
                0x00000000       0x40 ./SDK/platform/drivers/src/interrupt/interrupt_manager.o
 .text.INT_SYS_ClearPending
                0x00000000       0x1c ./SDK/platform/drivers/src/interrupt/interrupt_manager.o
 .text.INT_SYS_SetPending
                0x00000000       0x1c ./SDK/platform/drivers/src/interrupt/interrupt_manager.o
 .text.INT_SYS_GetPending
                0x00000000       0x1c ./SDK/platform/drivers/src/interrupt/interrupt_manager.o
 .text          0x00000000        0x0 ./SDK/platform/drivers/src/flexcan/flexcan_irq.o
 .data          0x00000000        0x0 ./SDK/platform/drivers/src/flexcan/flexcan_irq.o
 .bss           0x00000000        0x0 ./SDK/platform/drivers/src/flexcan/flexcan_irq.o
 .text          0x00000000        0x0 ./SDK/platform/drivers/src/flexcan/flexcan_hw_access.o
 .data          0x00000000        0x0 ./SDK/platform/drivers/src/flexcan/flexcan_hw_access.o
 .bss           0x00000000        0x0 ./SDK/platform/drivers/src/flexcan/flexcan_hw_access.o
 .text.FLEXCAN_SetTxMsgBuff
                0x00000000      0x2a0 ./SDK/platform/drivers/src/flexcan/flexcan_hw_access.o
 .text.FLEXCAN_SetRxMsgBuff
                0x00000000      0x13c ./SDK/platform/drivers/src/flexcan/flexcan_hw_access.o
 .text.FLEXCAN_SetRxFifoFilter
                0x00000000      0x154 ./SDK/platform/drivers/src/flexcan/flexcan_hw_access.o
 .text.FLEXCAN_GetPayloadSize
                0x00000000       0x20 ./SDK/platform/drivers/src/flexcan/flexcan_hw_access.o
 .text.FLEXCAN_ConfigPN
                0x00000000      0x1f4 ./SDK/platform/drivers/src/flexcan/flexcan_hw_access.o
 .text          0x00000000        0x0 ./SDK/platform/drivers/src/flexcan/flexcan_driver.o
 .data          0x00000000        0x0 ./SDK/platform/drivers/src/flexcan/flexcan_driver.o
 .bss           0x00000000        0x0 ./SDK/platform/drivers/src/flexcan/flexcan_driver.o
 .text.FLEXCAN_CompleteRxFifoDataDMA
                0x00000000       0x8c ./SDK/platform/drivers/src/flexcan/flexcan_driver.o
 .text.FLEXCAN_DRV_SetBitrate
                0x00000000       0xb0 ./SDK/platform/drivers/src/flexcan/flexcan_driver.o
 .text.FLEXCAN_DRV_SetBitrateCbt
                0x00000000       0x6c ./SDK/platform/drivers/src/flexcan/flexcan_driver.o
 .text.FLEXCAN_DRV_GetBitrate
                0x00000000       0x40 ./SDK/platform/drivers/src/flexcan/flexcan_driver.o
 .text.FLEXCAN_DRV_GetBitrateFD
                0x00000000       0x48 ./SDK/platform/drivers/src/flexcan/flexcan_driver.o
 .text.FLEXCAN_DRV_SetRxMaskType
                0x00000000       0x34 ./SDK/platform/drivers/src/flexcan/flexcan_driver.o
 .text.FLEXCAN_DRV_SetRxFifoGlobalMask
                0x00000000       0x38 ./SDK/platform/drivers/src/flexcan/flexcan_driver.o
 .text.FLEXCAN_DRV_SetRxMbGlobalMask
                0x00000000       0x38 ./SDK/platform/drivers/src/flexcan/flexcan_driver.o
 .text.FLEXCAN_DRV_SetRxMb14Mask
                0x00000000       0x38 ./SDK/platform/drivers/src/flexcan/flexcan_driver.o
 .text.FLEXCAN_DRV_SetRxMb15Mask
                0x00000000       0x38 ./SDK/platform/drivers/src/flexcan/flexcan_driver.o
 .text.FLEXCAN_DRV_SetRxIndividualMask
                0x00000000       0x58 ./SDK/platform/drivers/src/flexcan/flexcan_driver.o
 .text.FLEXCAN_DRV_ConfigTxMb
                0x00000000       0x30 ./SDK/platform/drivers/src/flexcan/flexcan_driver.o
 .text.FLEXCAN_DRV_SendBlocking
                0x00000000       0xb4 ./SDK/platform/drivers/src/flexcan/flexcan_driver.o
 .text.FLEXCAN_DRV_Send
                0x00000000       0x84 ./SDK/platform/drivers/src/flexcan/flexcan_driver.o
 .text.FLEXCAN_DRV_ConfigRxMb
                0x00000000       0x58 ./SDK/platform/drivers/src/flexcan/flexcan_driver.o
 .text.FLEXCAN_DRV_ConfigRxFifo
                0x00000000       0x24 ./SDK/platform/drivers/src/flexcan/flexcan_driver.o
 .text.FLEXCAN_DRV_ReceiveBlocking
                0x00000000       0x94 ./SDK/platform/drivers/src/flexcan/flexcan_driver.o
 .text.FLEXCAN_DRV_Receive
                0x00000000       0x4c ./SDK/platform/drivers/src/flexcan/flexcan_driver.o
 .text.FLEXCAN_DRV_RxFifoBlocking
                0x00000000      0x108 ./SDK/platform/drivers/src/flexcan/flexcan_driver.o
 .text.FLEXCAN_DRV_RxFifo
                0x00000000       0xbc ./SDK/platform/drivers/src/flexcan/flexcan_driver.o
 .text.FLEXCAN_DRV_Deinit
                0x00000000       0x54 ./SDK/platform/drivers/src/flexcan/flexcan_driver.o
 .text.FLEXCAN_DRV_SetTDCOffset
                0x00000000       0x44 ./SDK/platform/drivers/src/flexcan/flexcan_driver.o
 .text.FLEXCAN_DRV_GetTDCValue
                0x00000000       0x14 ./SDK/platform/drivers/src/flexcan/flexcan_driver.o
 .text.FLEXCAN_DRV_GetTDCFail
                0x00000000       0x14 ./SDK/platform/drivers/src/flexcan/flexcan_driver.o
 .text.FLEXCAN_DRV_ClearTDCFail
                0x00000000       0x18 ./SDK/platform/drivers/src/flexcan/flexcan_driver.o
 .text.FLEXCAN_WakeUpHandler
                0x00000000       0x7c ./SDK/platform/drivers/src/flexcan/flexcan_driver.o
 .text.FLEXCAN_DRV_GetTransferStatus
                0x00000000       0x18 ./SDK/platform/drivers/src/flexcan/flexcan_driver.o
 .text.FLEXCAN_DRV_AbortTransfer
                0x00000000       0x4c ./SDK/platform/drivers/src/flexcan/flexcan_driver.o
 .text.FLEXCAN_DRV_InstallEventCallback
                0x00000000       0x18 ./SDK/platform/drivers/src/flexcan/flexcan_driver.o
 .text.FLEXCAN_DRV_ConfigPN
                0x00000000       0x44 ./SDK/platform/drivers/src/flexcan/flexcan_driver.o
 .text.FLEXCAN_DRV_GetWMB
                0x00000000       0x48 ./SDK/platform/drivers/src/flexcan/flexcan_driver.o
 .text.FLEXCAN_DRV_GetDefaultConfig
                0x00000000       0x4c ./SDK/platform/drivers/src/flexcan/flexcan_driver.o
 .rodata        0x00000000       0x14 ./SDK/platform/drivers/src/flexcan/flexcan_driver.o
 .text          0x00000000        0x0 ./SDK/platform/drivers/src/edma/edma_irq.o
 .data          0x00000000        0x0 ./SDK/platform/drivers/src/edma/edma_irq.o
 .bss           0x00000000        0x0 ./SDK/platform/drivers/src/edma/edma_irq.o
 .text.DMA4_IRQHandler
                0x00000000        0xc ./SDK/platform/drivers/src/edma/edma_irq.o
 .text.DMA5_IRQHandler
                0x00000000        0xc ./SDK/platform/drivers/src/edma/edma_irq.o
 .text.DMA6_IRQHandler
                0x00000000        0xc ./SDK/platform/drivers/src/edma/edma_irq.o
 .text.DMA7_IRQHandler
                0x00000000        0xc ./SDK/platform/drivers/src/edma/edma_irq.o
 .text.DMA8_IRQHandler
                0x00000000        0xc ./SDK/platform/drivers/src/edma/edma_irq.o
 .text.DMA9_IRQHandler
                0x00000000        0xc ./SDK/platform/drivers/src/edma/edma_irq.o
 .text.DMA10_IRQHandler
                0x00000000        0xc ./SDK/platform/drivers/src/edma/edma_irq.o
 .text.DMA11_IRQHandler
                0x00000000        0xc ./SDK/platform/drivers/src/edma/edma_irq.o
 .text.DMA12_IRQHandler
                0x00000000        0xc ./SDK/platform/drivers/src/edma/edma_irq.o
 .text.DMA13_IRQHandler
                0x00000000        0xc ./SDK/platform/drivers/src/edma/edma_irq.o
 .text.DMA14_IRQHandler
                0x00000000        0xc ./SDK/platform/drivers/src/edma/edma_irq.o
 .text.DMA15_IRQHandler
                0x00000000        0xc ./SDK/platform/drivers/src/edma/edma_irq.o
 .text          0x00000000        0x0 ./SDK/platform/drivers/src/edma/edma_hw_access.o
 .data          0x00000000        0x0 ./SDK/platform/drivers/src/edma/edma_hw_access.o
 .bss           0x00000000        0x0 ./SDK/platform/drivers/src/edma/edma_hw_access.o
 .text.EDMA_Init
                0x00000000      0x160 ./SDK/platform/drivers/src/edma/edma_hw_access.o
 .text.EDMA_CancelTransfer
                0x00000000       0x1c ./SDK/platform/drivers/src/edma/edma_hw_access.o
 .text.EDMA_CancelTransferWithError
                0x00000000       0x1c ./SDK/platform/drivers/src/edma/edma_hw_access.o
 .text.EDMA_SetErrorIntCmd
                0x00000000        0xc ./SDK/platform/drivers/src/edma/edma_hw_access.o
 .text.EDMA_TCDClearReg
                0x00000000       0x48 ./SDK/platform/drivers/src/edma/edma_hw_access.o
 .text.EDMA_TCDSetAttribute
                0x00000000       0x30 ./SDK/platform/drivers/src/edma/edma_hw_access.o
 .text.EDMA_TCDSetNbytes
                0x00000000       0x50 ./SDK/platform/drivers/src/edma/edma_hw_access.o
 .text.EDMA_TCDSetMinorLoopOffset
                0x00000000       0x48 ./SDK/platform/drivers/src/edma/edma_hw_access.o
 .text.EDMA_TCDSetScatterGatherLink
                0x00000000       0x14 ./SDK/platform/drivers/src/edma/edma_hw_access.o
 .text.EDMA_TCDSetChannelMinorLink
                0x00000000       0x6c ./SDK/platform/drivers/src/edma/edma_hw_access.o
 .text.EDMA_TCDSetMajorCount
                0x00000000       0x58 ./SDK/platform/drivers/src/edma/edma_hw_access.o
 .text.EDMA_TCDGetCurrentMajorCount
                0x00000000       0x34 ./SDK/platform/drivers/src/edma/edma_hw_access.o
 .text.DMAMUX_Init
                0x00000000        0xc ./SDK/platform/drivers/src/edma/edma_hw_access.o
 .text          0x00000000        0x0 ./SDK/platform/drivers/src/edma/edma_driver.o
 .data          0x00000000        0x0 ./SDK/platform/drivers/src/edma/edma_driver.o
 .bss           0x00000000        0x0 ./SDK/platform/drivers/src/edma/edma_driver.o
 .text.EDMA_DRV_Deinit
                0x00000000       0x8c ./SDK/platform/drivers/src/edma/edma_driver.o
 .text.EDMA_DRV_ChannelInit
                0x00000000       0xb8 ./SDK/platform/drivers/src/edma/edma_driver.o
 .text.EDMA_DRV_Init
                0x00000000       0xc8 ./SDK/platform/drivers/src/edma/edma_driver.o
 .text.EDMA_DRV_InstallCallback
                0x00000000       0x18 ./SDK/platform/drivers/src/edma/edma_driver.o
 .text.EDMA_DRV_ReleaseChannel
                0x00000000       0x34 ./SDK/platform/drivers/src/edma/edma_driver.o
 .text.EDMA_DRV_ConfigSingleBlockTransfer
                0x00000000      0x104 ./SDK/platform/drivers/src/edma/edma_driver.o
 .text.EDMA_DRV_ConfigMultiBlockTransfer
                0x00000000      0x128 ./SDK/platform/drivers/src/edma/edma_driver.o
 .text.EDMA_DRV_ConfigLoopTransfer
                0x00000000      0x1ac ./SDK/platform/drivers/src/edma/edma_driver.o
 .text.EDMA_DRV_StartChannel
                0x00000000       0x18 ./SDK/platform/drivers/src/edma/edma_driver.o
 .text.EDMA_DRV_SetChannelRequest
                0x00000000       0x18 ./SDK/platform/drivers/src/edma/edma_driver.o
 .text.EDMA_DRV_ClearTCD
                0x00000000       0x14 ./SDK/platform/drivers/src/edma/edma_driver.o
 .text.EDMA_DRV_SetSrcAddr
                0x00000000       0x14 ./SDK/platform/drivers/src/edma/edma_driver.o
 .text.EDMA_DRV_SetSrcOffset
                0x00000000       0x18 ./SDK/platform/drivers/src/edma/edma_driver.o
 .text.EDMA_DRV_SetSrcReadChunkSize
                0x00000000       0x34 ./SDK/platform/drivers/src/edma/edma_driver.o
 .text.EDMA_DRV_SetSrcLastAddrAdjustment
                0x00000000       0x14 ./SDK/platform/drivers/src/edma/edma_driver.o
 .text.EDMA_DRV_SetDestLastAddrAdjustment
                0x00000000       0x14 ./SDK/platform/drivers/src/edma/edma_driver.o
 .text.EDMA_DRV_SetDestAddr
                0x00000000       0x14 ./SDK/platform/drivers/src/edma/edma_driver.o
 .text.EDMA_DRV_SetDestOffset
                0x00000000       0x18 ./SDK/platform/drivers/src/edma/edma_driver.o
 .text.EDMA_DRV_SetDestWriteChunkSize
                0x00000000       0x28 ./SDK/platform/drivers/src/edma/edma_driver.o
 .text.EDMA_DRV_SetMinorLoopBlockSize
                0x00000000       0x14 ./SDK/platform/drivers/src/edma/edma_driver.o
 .text.EDMA_DRV_SetMajorLoopIterationCount
                0x00000000       0x14 ./SDK/platform/drivers/src/edma/edma_driver.o
 .text.EDMA_DRV_GetRemainingMajorIterationsCount
                0x00000000       0x14 ./SDK/platform/drivers/src/edma/edma_driver.o
 .text.EDMA_DRV_SetScatterGatherLink
                0x00000000       0x14 ./SDK/platform/drivers/src/edma/edma_driver.o
 .text.EDMA_DRV_DisableRequestsOnTransferComplete
                0x00000000       0x24 ./SDK/platform/drivers/src/edma/edma_driver.o
 .text.EDMA_DRV_ConfigureInterrupt
                0x00000000       0x58 ./SDK/platform/drivers/src/edma/edma_driver.o
 .text.EDMA_DRV_CancelTransfer
                0x00000000       0x1c ./SDK/platform/drivers/src/edma/edma_driver.o
 .text.EDMA_DRV_TriggerSwRequest
                0x00000000       0x10 ./SDK/platform/drivers/src/edma/edma_driver.o
 .text.EDMA_DRV_PushConfigToSTCD
                0x00000000       0x8c ./SDK/platform/drivers/src/edma/edma_driver.o
 .text.EDMA_DRV_PushConfigToReg
                0x00000000      0x184 ./SDK/platform/drivers/src/edma/edma_driver.o
 .text.EDMA_DRV_ConfigScatterGatherTransfer
                0x00000000      0x22c ./SDK/platform/drivers/src/edma/edma_driver.o
 .text.EDMA_DRV_GetChannelStatus
                0x00000000       0x14 ./SDK/platform/drivers/src/edma/edma_driver.o
 .text          0x00000000        0x0 ./SDK/platform/drivers/src/clock/clock_manager.o
 .data          0x00000000        0x0 ./SDK/platform/drivers/src/clock/clock_manager.o
 .bss           0x00000000        0x0 ./SDK/platform/drivers/src/clock/clock_manager.o
 .text.CLOCK_SYS_GetCurrentConfiguration
                0x00000000        0xc ./SDK/platform/drivers/src/clock/clock_manager.o
 .text.CLOCK_SYS_GetErrorCallback
                0x00000000       0x1c ./SDK/platform/drivers/src/clock/clock_manager.o
 .text          0x00000000        0x0 ./SDK/platform/drivers/src/clock/S32K1xx/clock_S32K1xx.o
 .data          0x00000000        0x0 ./SDK/platform/drivers/src/clock/S32K1xx/clock_S32K1xx.o
 .bss           0x00000000        0x0 ./SDK/platform/drivers/src/clock/S32K1xx/clock_S32K1xx.o
 .text.CLOCK_SYS_GetSircFreq.part.0
                0x00000000       0x20 ./SDK/platform/drivers/src/clock/S32K1xx/clock_S32K1xx.o
 .text.CLOCK_SYS_GetSimRtcClkFreq
                0x00000000       0xa4 ./SDK/platform/drivers/src/clock/S32K1xx/clock_S32K1xx.o
 .text.CLOCK_SYS_TransitionToTmpSysClk
                0x00000000      0x23c ./SDK/platform/drivers/src/clock/S32K1xx/clock_S32K1xx.o
 .text.CLOCK_SYS_GetSystemClockFreq
                0x00000000       0xb4 ./SDK/platform/drivers/src/clock/S32K1xx/clock_S32K1xx.o
 .text.CLOCK_SYS_GetSimClkOutFreq.part.5
                0x00000000      0x1f0 ./SDK/platform/drivers/src/clock/S32K1xx/clock_S32K1xx.o
 .rodata.CLOCK_SYS_GetSimClkOutFreq.part.5
                0x00000000       0x3c ./SDK/platform/drivers/src/clock/S32K1xx/clock_S32K1xx.o
 .text.CLOCK_SYS_GetScgClkOutFreq
                0x00000000      0x100 ./SDK/platform/drivers/src/clock/S32K1xx/clock_S32K1xx.o
 .text.unlikely.CLOCK_SYS_GetPeripheralClock
                0x00000000      0x178 ./SDK/platform/drivers/src/clock/S32K1xx/clock_S32K1xx.o
 .text.CLOCK_SYS_GetFreq
                0x00000000      0x4c0 ./SDK/platform/drivers/src/clock/S32K1xx/clock_S32K1xx.o
 .rodata.CLOCK_SYS_GetFreq
                0x00000000       0x74 ./SDK/platform/drivers/src/clock/S32K1xx/clock_S32K1xx.o
 .text.CLOCK_DRV_Init
                0x00000000        0x8 ./SDK/platform/drivers/src/clock/S32K1xx/clock_S32K1xx.o
 .text.CLOCK_DRV_GetFreq
                0x00000000      0x52c ./SDK/platform/drivers/src/clock/S32K1xx/clock_S32K1xx.o
 .rodata.CLOCK_DRV_GetFreq
                0x00000000       0x74 ./SDK/platform/drivers/src/clock/S32K1xx/clock_S32K1xx.o
 .text.CLOCK_DRV_SetModuleClock
                0x00000000       0xec ./SDK/platform/drivers/src/clock/S32K1xx/clock_S32K1xx.o
 .rodata.CLOCK_DRV_SetModuleClock
                0x00000000       0x14 ./SDK/platform/drivers/src/clock/S32K1xx/clock_S32K1xx.o
 .text.CLOCK_DRV_SetSystemClock
                0x00000000      0x330 ./SDK/platform/drivers/src/clock/S32K1xx/clock_S32K1xx.o
 .text.CLOCK_DRV_GetSystemClockSource
                0x00000000       0x4c ./SDK/platform/drivers/src/clock/S32K1xx/clock_S32K1xx.o
 .text.CLOCK_DRV_SetClockSource
                0x00000000      0x2a4 ./SDK/platform/drivers/src/clock/S32K1xx/clock_S32K1xx.o
 .rodata.sysClkDivMappings.6214
                0x00000000       0x10 ./SDK/platform/drivers/src/clock/S32K1xx/clock_S32K1xx.o
 .rodata.sysClkDivMappings.6257
                0x00000000       0x11 ./SDK/platform/drivers/src/clock/S32K1xx/clock_S32K1xx.o
 .rodata.CSWTCH.139
                0x00000000        0x4 ./SDK/platform/drivers/src/clock/S32K1xx/clock_S32K1xx.o
 .rodata.peripheralFeaturesList
                0x00000000       0x45 ./SDK/platform/drivers/src/clock/S32K1xx/clock_S32K1xx.o
 .text          0x00000000        0x0 ./SDK/platform/devices/startup.o
 .data          0x00000000        0x0 ./SDK/platform/devices/startup.o
 .bss           0x00000000        0x0 ./SDK/platform/devices/startup.o
 .text          0x00000000        0x0 ./SDK/platform/devices/S32K116/startup/system_S32K116.o
 .data          0x00000000        0x0 ./SDK/platform/devices/S32K116/startup/system_S32K116.o
 .bss           0x00000000        0x0 ./SDK/platform/devices/S32K116/startup/system_S32K116.o
 .text.SystemCoreClockUpdate
                0x00000000       0x54 ./SDK/platform/devices/S32K116/startup/system_S32K116.o
 .text.SystemSoftwareReset
                0x00000000       0x20 ./SDK/platform/devices/S32K116/startup/system_S32K116.o
 .data.SystemCoreClock
                0x00000000        0x4 ./SDK/platform/devices/S32K116/startup/system_S32K116.o
 .data          0x00000000        0x0 ./Project_Settings/Startup_Code/startup_S32K116.o
 .bss           0x00000000        0x0 ./Project_Settings/Startup_Code/startup_S32K116.o
 .text          0x00000000        0x0 ./Generated_Code/pin_mux.o
 .data          0x00000000        0x0 ./Generated_Code/pin_mux.o
 .bss           0x00000000        0x0 ./Generated_Code/pin_mux.o
 .text          0x00000000        0x0 ./Generated_Code/lpspiCom1.o
 .data          0x00000000        0x0 ./Generated_Code/lpspiCom1.o
 .bss           0x00000000        0x0 ./Generated_Code/lpspiCom1.o
 .rodata.lpspiCom1_SlaveConfig0
                0x00000000       0x14 ./Generated_Code/lpspiCom1.o
 .text          0x00000000        0x0 ./Generated_Code/dmaController1.o
 .data          0x00000000        0x0 ./Generated_Code/dmaController1.o
 .bss           0x00000000        0x0 ./Generated_Code/dmaController1.o
 .rodata.edmaChnConfigArray
                0x00000000        0x4 ./Generated_Code/dmaController1.o
 .rodata.dmaController1_InitConfig0
                0x00000000        0x2 ./Generated_Code/dmaController1.o
 .rodata.edmaChnStateArray
                0x00000000        0x4 ./Generated_Code/dmaController1.o
 .data.dmaController1Chn0_Config
                0x00000000        0xc ./Generated_Code/dmaController1.o
 .comment       0x00000000       0x71 ./Generated_Code/dmaController1.o
 .ARM.attributes
                0x00000000       0x32 ./Generated_Code/dmaController1.o
 COMMON         0x00000000       0x20 ./Generated_Code/dmaController1.o
 .text          0x00000000        0x0 ./Generated_Code/clockMan1.o
 .data          0x00000000        0x0 ./Generated_Code/clockMan1.o
 .bss           0x00000000        0x0 ./Generated_Code/clockMan1.o
 .text          0x00000000        0x0 ./Generated_Code/canCom1.o
 .data          0x00000000        0x0 ./Generated_Code/canCom1.o
 .bss           0x00000000        0x0 ./Generated_Code/canCom1.o
 .text          0x00000000        0x0 ./Generated_Code/Cpu.o
 .data          0x00000000        0x0 ./Generated_Code/Cpu.o
 .bss           0x00000000        0x0 ./Generated_Code/Cpu.o
 .comment       0x00000000       0x71 ./Generated_Code/Cpu.o
 .ARM.attributes
                0x00000000       0x32 ./Generated_Code/Cpu.o
 .text          0x00000000        0x0 C:/NXP/S32DS_ARM_v2018.R1/S32DS/arm_ewl2/lib/armv6-m\libc99.a(exit.o)
 .data          0x00000000        0x0 C:/NXP/S32DS_ARM_v2018.R1/S32DS/arm_ewl2/lib/armv6-m\libc99.a(exit.o)
 .bss           0x00000000        0x0 C:/NXP/S32DS_ARM_v2018.R1/S32DS/arm_ewl2/lib/armv6-m\libc99.a(exit.o)
 .text.exit     0x00000000       0x38 C:/NXP/S32DS_ARM_v2018.R1/S32DS/arm_ewl2/lib/armv6-m\libc99.a(exit.o)
 .text._Exit    0x00000000        0x8 C:/NXP/S32DS_ARM_v2018.R1/S32DS/arm_ewl2/lib/armv6-m\libc99.a(exit.o)
 .bss.__stdio_exit
                0x00000000        0x4 C:/NXP/S32DS_ARM_v2018.R1/S32DS/arm_ewl2/lib/armv6-m\libc99.a(exit.o)
 .bss.__console_exit
                0x00000000        0x4 C:/NXP/S32DS_ARM_v2018.R1/S32DS/arm_ewl2/lib/armv6-m\libc99.a(exit.o)
 .debug_info    0x00000000      0x112 C:/NXP/S32DS_ARM_v2018.R1/S32DS/arm_ewl2/lib/armv6-m\libc99.a(exit.o)
 .debug_abbrev  0x00000000       0x7a C:/NXP/S32DS_ARM_v2018.R1/S32DS/arm_ewl2/lib/armv6-m\libc99.a(exit.o)
 .debug_loc     0x00000000       0x71 C:/NXP/S32DS_ARM_v2018.R1/S32DS/arm_ewl2/lib/armv6-m\libc99.a(exit.o)
 .debug_aranges
                0x00000000       0x28 C:/NXP/S32DS_ARM_v2018.R1/S32DS/arm_ewl2/lib/armv6-m\libc99.a(exit.o)
 .debug_line    0x00000000       0x9e C:/NXP/S32DS_ARM_v2018.R1/S32DS/arm_ewl2/lib/armv6-m\libc99.a(exit.o)
 .debug_str     0x00000000      0x23c C:/NXP/S32DS_ARM_v2018.R1/S32DS/arm_ewl2/lib/armv6-m\libc99.a(exit.o)
 .comment       0x00000000       0x71 C:/NXP/S32DS_ARM_v2018.R1/S32DS/arm_ewl2/lib/armv6-m\libc99.a(exit.o)
 .debug_frame   0x00000000       0x44 C:/NXP/S32DS_ARM_v2018.R1/S32DS/arm_ewl2/lib/armv6-m\libc99.a(exit.o)
 .ARM.attributes
                0x00000000       0x31 C:/NXP/S32DS_ARM_v2018.R1/S32DS/arm_ewl2/lib/armv6-m\libc99.a(exit.o)
 .text          0x00000000        0x0 C:/NXP/S32DS_ARM_v2018.R1/S32DS/arm_ewl2/lib/armv6-m\libc99.a(memcpy.o)
 .data          0x00000000        0x0 C:/NXP/S32DS_ARM_v2018.R1/S32DS/arm_ewl2/lib/armv6-m\libc99.a(memcpy.o)
 .bss           0x00000000        0x0 C:/NXP/S32DS_ARM_v2018.R1/S32DS/arm_ewl2/lib/armv6-m\libc99.a(memcpy.o)
 .text          0x00000000        0x0 C:/NXP/S32DS_ARM_v2018.R1/S32DS/arm_ewl2/lib/armv6-m\libc99.a(memset.o)
 .data          0x00000000        0x0 C:/NXP/S32DS_ARM_v2018.R1/S32DS/arm_ewl2/lib/armv6-m\libc99.a(memset.o)
 .bss           0x00000000        0x0 C:/NXP/S32DS_ARM_v2018.R1/S32DS/arm_ewl2/lib/armv6-m\libc99.a(memset.o)
 .text          0x00000000        0x0 C:/NXP/S32DS_ARM_v2018.R1/S32DS/arm_ewl2/lib/armv6-m\libc99.a(__filll_mem.o)
 .data          0x00000000        0x0 C:/NXP/S32DS_ARM_v2018.R1/S32DS/arm_ewl2/lib/armv6-m\libc99.a(__filll_mem.o)
 .bss           0x00000000        0x0 C:/NXP/S32DS_ARM_v2018.R1/S32DS/arm_ewl2/lib/armv6-m\libc99.a(__filll_mem.o)
 .data          0x00000000        0x0 c:/nxp/s32ds_arm_v2018.r1/cross_tools/gcc-arm-none-eabi-4_9/bin/../lib/gcc/arm-none-eabi/4.9.3/armv6-m\libgcc.a(_udivsi3.o)
 .bss           0x00000000        0x0 c:/nxp/s32ds_arm_v2018.r1/cross_tools/gcc-arm-none-eabi-4_9/bin/../lib/gcc/arm-none-eabi/4.9.3/armv6-m\libgcc.a(_udivsi3.o)
 .data          0x00000000        0x0 c:/nxp/s32ds_arm_v2018.r1/cross_tools/gcc-arm-none-eabi-4_9/bin/../lib/gcc/arm-none-eabi/4.9.3/armv6-m\libgcc.a(_divsi3.o)
 .bss           0x00000000        0x0 c:/nxp/s32ds_arm_v2018.r1/cross_tools/gcc-arm-none-eabi-4_9/bin/../lib/gcc/arm-none-eabi/4.9.3/armv6-m\libgcc.a(_divsi3.o)
 .data          0x00000000        0x0 c:/nxp/s32ds_arm_v2018.r1/cross_tools/gcc-arm-none-eabi-4_9/bin/../lib/gcc/arm-none-eabi/4.9.3/armv6-m\libgcc.a(_dvmd_tls.o)
 .bss           0x00000000        0x0 c:/nxp/s32ds_arm_v2018.r1/cross_tools/gcc-arm-none-eabi-4_9/bin/../lib/gcc/arm-none-eabi/4.9.3/armv6-m\libgcc.a(_dvmd_tls.o)
 .text          0x00000000        0x0 C:/NXP/S32DS_ARM_v2018.R1/S32DS/arm_ewl2/lib/armv6-m\librt.a(gcc_ctor_dtor.o)
 .data          0x00000000        0x0 C:/NXP/S32DS_ARM_v2018.R1/S32DS/arm_ewl2/lib/armv6-m\librt.a(gcc_ctor_dtor.o)
 .bss           0x00000000        0x0 C:/NXP/S32DS_ARM_v2018.R1/S32DS/arm_ewl2/lib/armv6-m\librt.a(gcc_ctor_dtor.o)
 .text.__init_cpp
                0x00000000       0x48 C:/NXP/S32DS_ARM_v2018.R1/S32DS/arm_ewl2/lib/armv6-m\librt.a(gcc_ctor_dtor.o)
 .text.__fini_cpp
                0x00000000       0x34 C:/NXP/S32DS_ARM_v2018.R1/S32DS/arm_ewl2/lib/armv6-m\librt.a(gcc_ctor_dtor.o)
 .text._ExitProcess
                0x00000000        0x2 C:/NXP/S32DS_ARM_v2018.R1/S32DS/arm_ewl2/lib/armv6-m\librt.a(gcc_ctor_dtor.o)
 .bss.__dso_handle
                0x00000000        0x4 C:/NXP/S32DS_ARM_v2018.R1/S32DS/arm_ewl2/lib/armv6-m\librt.a(gcc_ctor_dtor.o)
 .debug_info    0x00000000      0x14a C:/NXP/S32DS_ARM_v2018.R1/S32DS/arm_ewl2/lib/armv6-m\librt.a(gcc_ctor_dtor.o)
 .debug_abbrev  0x00000000       0xae C:/NXP/S32DS_ARM_v2018.R1/S32DS/arm_ewl2/lib/armv6-m\librt.a(gcc_ctor_dtor.o)
 .debug_loc     0x00000000       0xb3 C:/NXP/S32DS_ARM_v2018.R1/S32DS/arm_ewl2/lib/armv6-m\librt.a(gcc_ctor_dtor.o)
 .debug_aranges
                0x00000000       0x30 C:/NXP/S32DS_ARM_v2018.R1/S32DS/arm_ewl2/lib/armv6-m\librt.a(gcc_ctor_dtor.o)
 .debug_line    0x00000000       0x74 C:/NXP/S32DS_ARM_v2018.R1/S32DS/arm_ewl2/lib/armv6-m\librt.a(gcc_ctor_dtor.o)
 .debug_str     0x00000000      0x28e C:/NXP/S32DS_ARM_v2018.R1/S32DS/arm_ewl2/lib/armv6-m\librt.a(gcc_ctor_dtor.o)
 .comment       0x00000000       0x71 C:/NXP/S32DS_ARM_v2018.R1/S32DS/arm_ewl2/lib/armv6-m\librt.a(gcc_ctor_dtor.o)
 .debug_frame   0x00000000       0x50 C:/NXP/S32DS_ARM_v2018.R1/S32DS/arm_ewl2/lib/armv6-m\librt.a(gcc_ctor_dtor.o)
 .ARM.attributes
                0x00000000       0x31 C:/NXP/S32DS_ARM_v2018.R1/S32DS/arm_ewl2/lib/armv6-m\librt.a(gcc_ctor_dtor.o)
 .text          0x00000000        0x0 C:/NXP/S32DS_ARM_v2018.R1/S32DS/arm_ewl2/lib/armv6-m\librt.a(__arm_eabi_init.o)
 .data          0x00000000        0x0 C:/NXP/S32DS_ARM_v2018.R1/S32DS/arm_ewl2/lib/armv6-m\librt.a(__arm_eabi_init.o)
 .bss           0x00000000        0x0 C:/NXP/S32DS_ARM_v2018.R1/S32DS/arm_ewl2/lib/armv6-m\librt.a(__arm_eabi_init.o)
 .text.__destroy_global_chain
                0x00000000       0x1c C:/NXP/S32DS_ARM_v2018.R1/S32DS/arm_ewl2/lib/armv6-m\librt.a(__arm_eabi_init.o)
 .text.__register_global_object
                0x00000000       0x14 C:/NXP/S32DS_ARM_v2018.R1/S32DS/arm_ewl2/lib/armv6-m\librt.a(__arm_eabi_init.o)
 .text.__cxa_atexit
                0x00000000       0x38 C:/NXP/S32DS_ARM_v2018.R1/S32DS/arm_ewl2/lib/armv6-m\librt.a(__arm_eabi_init.o)
 .text.__aeabi_atexit
                0x00000000        0xe C:/NXP/S32DS_ARM_v2018.R1/S32DS/arm_ewl2/lib/armv6-m\librt.a(__arm_eabi_init.o)
 .text.__register_atexit
                0x00000000        0xc C:/NXP/S32DS_ARM_v2018.R1/S32DS/arm_ewl2/lib/armv6-m\librt.a(__arm_eabi_init.o)
 .text.__init_registers
                0x00000000       0x1c C:/NXP/S32DS_ARM_v2018.R1/S32DS/arm_ewl2/lib/armv6-m\librt.a(__arm_eabi_init.o)
 .text.__init_hardware
                0x00000000        0x4 C:/NXP/S32DS_ARM_v2018.R1/S32DS/arm_ewl2/lib/armv6-m\librt.a(__arm_eabi_init.o)
 .text.__init_user
                0x00000000        0x4 C:/NXP/S32DS_ARM_v2018.R1/S32DS/arm_ewl2/lib/armv6-m\librt.a(__arm_eabi_init.o)
 .bss.atexit_curr_func
                0x00000000        0x4 C:/NXP/S32DS_ARM_v2018.R1/S32DS/arm_ewl2/lib/armv6-m\librt.a(__arm_eabi_init.o)
 .bss.atexit_funcs
                0x00000000      0x300 C:/NXP/S32DS_ARM_v2018.R1/S32DS/arm_ewl2/lib/armv6-m\librt.a(__arm_eabi_init.o)
 .bss.__global_destructor_chain
                0x00000000        0x4 C:/NXP/S32DS_ARM_v2018.R1/S32DS/arm_ewl2/lib/armv6-m\librt.a(__arm_eabi_init.o)
 .debug_info    0x00000000      0x2b5 C:/NXP/S32DS_ARM_v2018.R1/S32DS/arm_ewl2/lib/armv6-m\librt.a(__arm_eabi_init.o)
 .debug_abbrev  0x00000000      0x1ba C:/NXP/S32DS_ARM_v2018.R1/S32DS/arm_ewl2/lib/armv6-m\librt.a(__arm_eabi_init.o)
 .debug_loc     0x00000000      0x184 C:/NXP/S32DS_ARM_v2018.R1/S32DS/arm_ewl2/lib/armv6-m\librt.a(__arm_eabi_init.o)
 .debug_aranges
                0x00000000       0x58 C:/NXP/S32DS_ARM_v2018.R1/S32DS/arm_ewl2/lib/armv6-m\librt.a(__arm_eabi_init.o)
 .debug_line    0x00000000      0x10f C:/NXP/S32DS_ARM_v2018.R1/S32DS/arm_ewl2/lib/armv6-m\librt.a(__arm_eabi_init.o)
 .debug_str     0x00000000      0x2b5 C:/NXP/S32DS_ARM_v2018.R1/S32DS/arm_ewl2/lib/armv6-m\librt.a(__arm_eabi_init.o)
 .comment       0x00000000       0x71 C:/NXP/S32DS_ARM_v2018.R1/S32DS/arm_ewl2/lib/armv6-m\librt.a(__arm_eabi_init.o)
 .debug_frame   0x00000000       0xbc C:/NXP/S32DS_ARM_v2018.R1/S32DS/arm_ewl2/lib/armv6-m\librt.a(__arm_eabi_init.o)
 .ARM.attributes
                0x00000000       0x31 C:/NXP/S32DS_ARM_v2018.R1/S32DS/arm_ewl2/lib/armv6-m\librt.a(__arm_eabi_init.o)
 .text          0x00000000        0x0 C:/NXP/S32DS_ARM_v2018.R1/S32DS/arm_ewl2/lib/armv6-m\librt.a(ROMCopy.o)
 .data          0x00000000        0x0 C:/NXP/S32DS_ARM_v2018.R1/S32DS/arm_ewl2/lib/armv6-m\librt.a(ROMCopy.o)
 .bss           0x00000000        0x0 C:/NXP/S32DS_ARM_v2018.R1/S32DS/arm_ewl2/lib/armv6-m\librt.a(ROMCopy.o)
 .text.__flush_cache
                0x00000000        0x2 C:/NXP/S32DS_ARM_v2018.R1/S32DS/arm_ewl2/lib/armv6-m\librt.a(ROMCopy.o)
 .text.__copy_rom_section
                0x00000000       0x40 C:/NXP/S32DS_ARM_v2018.R1/S32DS/arm_ewl2/lib/armv6-m\librt.a(ROMCopy.o)
 .text.__copy_rom_sections_to_ram
                0x00000000       0x34 C:/NXP/S32DS_ARM_v2018.R1/S32DS/arm_ewl2/lib/armv6-m\librt.a(ROMCopy.o)
 .debug_info    0x00000000      0x20f C:/NXP/S32DS_ARM_v2018.R1/S32DS/arm_ewl2/lib/armv6-m\librt.a(ROMCopy.o)
 .debug_abbrev  0x00000000      0x12e C:/NXP/S32DS_ARM_v2018.R1/S32DS/arm_ewl2/lib/armv6-m\librt.a(ROMCopy.o)
 .debug_loc     0x00000000       0xf4 C:/NXP/S32DS_ARM_v2018.R1/S32DS/arm_ewl2/lib/armv6-m\librt.a(ROMCopy.o)
 .debug_aranges
                0x00000000       0x30 C:/NXP/S32DS_ARM_v2018.R1/S32DS/arm_ewl2/lib/armv6-m\librt.a(ROMCopy.o)
 .debug_line    0x00000000       0xac C:/NXP/S32DS_ARM_v2018.R1/S32DS/arm_ewl2/lib/armv6-m\librt.a(ROMCopy.o)
 .debug_str     0x00000000      0x233 C:/NXP/S32DS_ARM_v2018.R1/S32DS/arm_ewl2/lib/armv6-m\librt.a(ROMCopy.o)
 .comment       0x00000000       0x71 C:/NXP/S32DS_ARM_v2018.R1/S32DS/arm_ewl2/lib/armv6-m\librt.a(ROMCopy.o)
 .debug_frame   0x00000000       0x50 C:/NXP/S32DS_ARM_v2018.R1/S32DS/arm_ewl2/lib/armv6-m\librt.a(ROMCopy.o)
 .ARM.attributes
                0x00000000       0x31 C:/NXP/S32DS_ARM_v2018.R1/S32DS/arm_ewl2/lib/armv6-m\librt.a(ROMCopy.o)
 .text          0x00000000        0x0 C:/NXP/S32DS_ARM_v2018.R1/S32DS/arm_ewl2/lib/armv6-m/__arm_end.o
 .data          0x00000000        0x0 C:/NXP/S32DS_ARM_v2018.R1/S32DS/arm_ewl2/lib/armv6-m/__arm_end.o
 .bss           0x00000000        0x0 C:/NXP/S32DS_ARM_v2018.R1/S32DS/arm_ewl2/lib/armv6-m/__arm_end.o
 .text._ExitProcess
                0x00000000        0x2 C:/NXP/S32DS_ARM_v2018.R1/S32DS/arm_ewl2/lib/armv6-m/__arm_end.o
 .debug_info    0x00000000       0x4e C:/NXP/S32DS_ARM_v2018.R1/S32DS/arm_ewl2/lib/armv6-m/__arm_end.o
 .debug_abbrev  0x00000000       0x4a C:/NXP/S32DS_ARM_v2018.R1/S32DS/arm_ewl2/lib/armv6-m/__arm_end.o
 .debug_aranges
                0x00000000       0x20 C:/NXP/S32DS_ARM_v2018.R1/S32DS/arm_ewl2/lib/armv6-m/__arm_end.o
 .debug_line    0x00000000       0x45 C:/NXP/S32DS_ARM_v2018.R1/S32DS/arm_ewl2/lib/armv6-m/__arm_end.o
 .debug_str     0x00000000      0x1a7 C:/NXP/S32DS_ARM_v2018.R1/S32DS/arm_ewl2/lib/armv6-m/__arm_end.o
 .comment       0x00000000       0x71 C:/NXP/S32DS_ARM_v2018.R1/S32DS/arm_ewl2/lib/armv6-m/__arm_end.o
 .debug_frame   0x00000000       0x20 C:/NXP/S32DS_ARM_v2018.R1/S32DS/arm_ewl2/lib/armv6-m/__arm_end.o
 .ARM.attributes
                0x00000000       0x31 C:/NXP/S32DS_ARM_v2018.R1/S32DS/arm_ewl2/lib/armv6-m/__arm_end.o

Memory Configuration

Name             Origin             Length             Attributes
m_interrupts     0x00000000         0x000000c0         xr
m_flash_config   0x00000400         0x00000010         xr
m_text           0x00000410         0x0001fbf0         xr
m_data           0x20000000         0x000020c0         rw
m_data_2         0x200020c0         0x00001740         rw
*default*        0x00000000         0xffffffff

Linker script and memory map

LOAD C:/NXP/S32DS_ARM_v2018.R1/S32DS/arm_ewl2/lib/armv6-m/__arm_start.o
LOAD ./Sources/main.o
LOAD ./SDK/rtos/osif/osif_baremetal.o
LOAD ./SDK/platform/drivers/src/pins/pins_port_hw_access.o
LOAD ./SDK/platform/drivers/src/pins/pins_driver.o
LOAD ./SDK/platform/drivers/src/lpspi/lpspi_slave_driver.o
LOAD ./SDK/platform/drivers/src/lpspi/lpspi_shared_function.o
LOAD ./SDK/platform/drivers/src/lpspi/lpspi_master_driver.o
LOAD ./SDK/platform/drivers/src/lpspi/lpspi_irq.o
LOAD ./SDK/platform/drivers/src/lpspi/lpspi_hw_access.o
LOAD ./SDK/platform/drivers/src/interrupt/interrupt_manager.o
LOAD ./SDK/platform/drivers/src/flexcan/flexcan_irq.o
LOAD ./SDK/platform/drivers/src/flexcan/flexcan_hw_access.o
LOAD ./SDK/platform/drivers/src/flexcan/flexcan_driver.o
LOAD ./SDK/platform/drivers/src/edma/edma_irq.o
LOAD ./SDK/platform/drivers/src/edma/edma_hw_access.o
LOAD ./SDK/platform/drivers/src/edma/edma_driver.o
LOAD ./SDK/platform/drivers/src/clock/clock_manager.o
LOAD ./SDK/platform/drivers/src/clock/S32K1xx/clock_S32K1xx.o
LOAD ./SDK/platform/devices/startup.o
LOAD ./SDK/platform/devices/S32K116/startup/system_S32K116.o
LOAD ./Project_Settings/Startup_Code/startup_S32K116.o
LOAD ./Generated_Code/pin_mux.o
LOAD ./Generated_Code/lpspiCom1.o
LOAD ./Generated_Code/dmaController1.o
LOAD ./Generated_Code/clockMan1.o
LOAD ./Generated_Code/canCom1.o
LOAD ./Generated_Code/Cpu.o
START GROUP
LOAD C:/NXP/S32DS_ARM_v2018.R1/S32DS/arm_ewl2/lib/armv6-m\libc99.a
LOAD C:/NXP/S32DS_ARM_v2018.R1/S32DS/arm_ewl2/lib/armv6-m\libm.a
LOAD c:/nxp/s32ds_arm_v2018.r1/cross_tools/gcc-arm-none-eabi-4_9/bin/../lib/gcc/arm-none-eabi/4.9.3/armv6-m\libgcc.a
LOAD C:/NXP/S32DS_ARM_v2018.R1/S32DS/arm_ewl2/lib/armv6-m\librt.a
LOAD C:/NXP/S32DS_ARM_v2018.R1/S32DS/arm_ewl2/lib/armv6-m\libnoio.a
END GROUP
LOAD C:/NXP/S32DS_ARM_v2018.R1/S32DS/arm_ewl2/lib/armv6-m/__arm_end.o
                0x00000200                HEAP_SIZE = DEFINED (__heap_size__)?__heap_size__:0x200
                0x00000200                STACK_SIZE = DEFINED (__stack_size__)?__stack_size__:0x200
                0x000000c0                M_VECTOR_RAM_SIZE = DEFINED (__flash_vector_table__)?0x0:0xc0

.interrupts     0x00000000       0xc0
                0x00000000                __VECTOR_TABLE = .
                0x00000000                . = ALIGN (0x4)
 *(.isr_vector)
 .isr_vector    0x00000000       0xc0 ./Project_Settings/Startup_Code/startup_S32K116.o
                0x00000000                __isr_vector
                0x000000c0                . = ALIGN (0x4)

.flash_config   0x00000400       0x10
                0x00000400                . = ALIGN (0x4)
 *(.FlashConfig)
 .FlashConfig   0x00000400       0x10 ./Project_Settings/Startup_Code/startup_S32K116.o
                0x00000410                . = ALIGN (0x4)

.text           0x00000410     0x2aa4
                0x00000410                . = ALIGN (0x4)
 *(.text)
 .text          0x00000410       0x60 ./Project_Settings/Startup_Code/startup_S32K116.o
                0x00000410                Reset_Handler
                0x0000046c                ERM_fault_IRQHandler
                0x0000046c                PendSV_Handler
                0x0000046c                NMI_Handler
                0x0000046c                LPIT0_IRQHandler
                0x0000046c                ADC0_IRQHandler
                0x0000046c                FTM0_Ovf_Reload_IRQHandler
                0x0000046c                FTM1_Ch0_7_IRQHandler
                0x0000046c                DefaultISR
                0x0000046c                SCG_CMU_LVD_LVWSCG_IRQHandler
                0x0000046c                FTM0_Ch0_7_IRQHandler
                0x0000046c                RTC_IRQHandler
                0x0000046c                PDB0_IRQHandler
                0x0000046c                HardFault_Handler
                0x0000046c                Reserved27_IRQHandler
                0x0000046c                LPUART1_RxTx_IRQHandler
                0x0000046c                RTC_Seconds_IRQHandler
                0x0000046c                FTFC_IRQHandler
                0x0000046c                FTM0_Fault_IRQHandler
                0x0000046c                SVC_Handler
                0x0000046c                RCM_IRQHandler
                0x0000046c                FTM1_Fault_IRQHandler
                0x0000046c                LPI2C0_Master_Slave_IRQHandler
                0x0000046c                LPUART0_RxTx_IRQHandler
                0x0000046c                WDOG_IRQHandler
                0x0000046c                LPTMR0_IRQHandler
                0x0000046c                FTM1_Ovf_Reload_IRQHandler
                0x0000046c                CMP0_IRQHandler
                0x0000046c                PORT_IRQHandler
                0x0000046c                FLEXIO_IRQHandler
 .text          0x00000470      0x120 c:/nxp/s32ds_arm_v2018.r1/cross_tools/gcc-arm-none-eabi-4_9/bin/../lib/gcc/arm-none-eabi/4.9.3/armv6-m\libgcc.a(_udivsi3.o)
                0x00000470                __aeabi_uidiv
                0x00000470                __udivsi3
                0x0000057c                __aeabi_uidivmod
 .text          0x00000590      0x1e0 c:/nxp/s32ds_arm_v2018.r1/cross_tools/gcc-arm-none-eabi-4_9/bin/../lib/gcc/arm-none-eabi/4.9.3/armv6-m\libgcc.a(_divsi3.o)
                0x00000590                __divsi3
                0x00000590                __aeabi_idiv
                0x0000075c                __aeabi_idivmod
 .text          0x00000770        0x4 c:/nxp/s32ds_arm_v2018.r1/cross_tools/gcc-arm-none-eabi-4_9/bin/../lib/gcc/arm-none-eabi/4.9.3/armv6-m\libgcc.a(_dvmd_tls.o)
                0x00000770                __aeabi_idiv0
                0x00000770                __aeabi_ldiv0
 *(.text*)
 .text.Init_Board
                0x00000774       0x6c ./Sources/main.o
                0x00000774                Init_Board
 .text.startup.main
                0x000007e0       0x18 ./Sources/main.o
                0x000007e0                main
 .text.SysTick_Handler
                0x000007f8       0x10 ./SDK/rtos/osif/osif_baremetal.o
                0x000007f8                SysTick_Handler
 .text.OSIF_SemaPost
                0x00000808       0x24 ./SDK/rtos/osif/osif_baremetal.o
                0x00000808                OSIF_SemaPost
 .text.OSIF_SemaCreate
                0x0000082c       0x14 ./SDK/rtos/osif/osif_baremetal.o
                0x0000082c                OSIF_SemaCreate
 .text.OSIF_SemaDestroy
                0x00000840        0x4 ./SDK/rtos/osif/osif_baremetal.o
                0x00000840                OSIF_SemaDestroy
 .text.PINS_Init
                0x00000844       0xd8 ./SDK/platform/drivers/src/pins/pins_port_hw_access.o
                0x00000844                PINS_Init
 .text.PINS_DRV_Init
                0x0000091c       0x2c ./SDK/platform/drivers/src/pins/pins_driver.o
                0x0000091c                PINS_DRV_Init
 .text.PINS_DRV_WritePin
                0x00000948       0x14 ./SDK/platform/drivers/src/pins/pins_driver.o
                0x00000948                PINS_DRV_WritePin
 .text.LPSPI_DRV_SlaveIRQHandler
                0x0000095c      0x148 ./SDK/platform/drivers/src/lpspi/lpspi_slave_driver.o
                0x0000095c                LPSPI_DRV_SlaveIRQHandler
 .text.LPSPI_DRV_IRQHandler
                0x00000aa4       0x24 ./SDK/platform/drivers/src/lpspi/lpspi_shared_function.o
                0x00000aa4                LPSPI_DRV_IRQHandler
 .text.LPSPI_DRV_FillupTxBuffer
                0x00000ac8      0x114 ./SDK/platform/drivers/src/lpspi/lpspi_shared_function.o
                0x00000ac8                LPSPI_DRV_FillupTxBuffer
 .text.LPSPI_DRV_ReadRXBuffer
                0x00000bdc      0x120 ./SDK/platform/drivers/src/lpspi/lpspi_shared_function.o
                0x00000bdc                LPSPI_DRV_ReadRXBuffer
 .text.LPSPI_DRV_DisableTEIEInterrupts
                0x00000cfc       0x38 ./SDK/platform/drivers/src/lpspi/lpspi_shared_function.o
                0x00000cfc                LPSPI_DRV_DisableTEIEInterrupts
 .text.LPSPI_DRV_MasterInit
                0x00000d34      0x158 ./SDK/platform/drivers/src/lpspi/lpspi_master_driver.o
                0x00000d34                LPSPI_DRV_MasterInit
 .text.LPSPI_DRV_MasterIRQHandler
                0x00000e8c      0x218 ./SDK/platform/drivers/src/lpspi/lpspi_master_driver.o
                0x00000e8c                LPSPI_DRV_MasterIRQHandler
 .text.LPSPI0_IRQHandler
                0x000010a4        0xc ./SDK/platform/drivers/src/lpspi/lpspi_irq.o
                0x000010a4                LPSPI0_IRQHandler
 .text.LPSPI_Init
                0x000010b0        0xc ./SDK/platform/drivers/src/lpspi/lpspi_hw_access.o
                0x000010b0                LPSPI_Init
 .text.LPSPI_Disable
                0x000010bc       0x18 ./SDK/platform/drivers/src/lpspi/lpspi_hw_access.o
                0x000010bc                LPSPI_Disable
 .text.LPSPI_SetMasterSlaveMode
                0x000010d4       0x18 ./SDK/platform/drivers/src/lpspi/lpspi_hw_access.o
                0x000010d4                LPSPI_SetMasterSlaveMode
 .text.LPSPI_GetFifoSizes
                0x000010ec       0x24 ./SDK/platform/drivers/src/lpspi/lpspi_hw_access.o
                0x000010ec                LPSPI_GetFifoSizes
 .text.LPSPI_SetFlushFifoCmd
                0x00001110       0x10 ./SDK/platform/drivers/src/lpspi/lpspi_hw_access.o
                0x00001110                LPSPI_SetFlushFifoCmd
 .text.LPSPI_ClearStatusFlag
                0x00001120       0x2c ./SDK/platform/drivers/src/lpspi/lpspi_hw_access.o
                0x00001120                LPSPI_ClearStatusFlag
 .text.LPSPI_SetPcsPolarityMode
                0x0000114c       0x24 ./SDK/platform/drivers/src/lpspi/lpspi_hw_access.o
                0x0000114c                LPSPI_SetPcsPolarityMode
 .text.LPSPI_SetPinConfigMode
                0x00001170       0x2c ./SDK/platform/drivers/src/lpspi/lpspi_hw_access.o
                0x00001170                LPSPI_SetPinConfigMode
 .text.LPSPI_SetBaudRate
                0x0000119c      0x11c ./SDK/platform/drivers/src/lpspi/lpspi_hw_access.o
                0x0000119c                LPSPI_SetBaudRate
 .text.LPSPI_SetTxCommandReg
                0x000012b8       0x4c ./SDK/platform/drivers/src/lpspi/lpspi_hw_access.o
                0x000012b8                LPSPI_SetTxCommandReg
 .text.INT_SYS_EnableIRQ
                0x00001304       0x18 ./SDK/platform/drivers/src/interrupt/interrupt_manager.o
                0x00001304                INT_SYS_EnableIRQ
 .text.INT_SYS_EnableIRQGlobal
                0x0000131c       0x18 ./SDK/platform/drivers/src/interrupt/interrupt_manager.o
                0x0000131c                INT_SYS_EnableIRQGlobal
 .text.INT_SYS_DisableIRQGlobal
                0x00001334       0x10 ./SDK/platform/drivers/src/interrupt/interrupt_manager.o
                0x00001334                INT_SYS_DisableIRQGlobal
 .text.CAN0_ORed_Err_Wakeup_IRQHandler
                0x00001344        0xc ./SDK/platform/drivers/src/flexcan/flexcan_irq.o
                0x00001344                CAN0_ORed_Err_Wakeup_IRQHandler
 .text.CAN0_ORed_0_31_MB_IRQHandler
                0x00001350        0xc ./SDK/platform/drivers/src/flexcan/flexcan_irq.o
                0x00001350                CAN0_ORed_0_31_MB_IRQHandler
 .text.FLEXCAN_Enable
                0x0000135c       0x34 ./SDK/platform/drivers/src/flexcan/flexcan_hw_access.o
                0x0000135c                FLEXCAN_Enable
 .text.FLEXCAN_Disable
                0x00001390       0x1c ./SDK/platform/drivers/src/flexcan/flexcan_hw_access.o
                0x00001390                FLEXCAN_Disable
 .text.FLEXCAN_Init
                0x000013ac       0x58 ./SDK/platform/drivers/src/flexcan/flexcan_hw_access.o
                0x000013ac                FLEXCAN_Init
 .text.FLEXCAN_GetMsgBuff
                0x00001404      0x10c ./SDK/platform/drivers/src/flexcan/flexcan_hw_access.o
                0x00001404                FLEXCAN_GetMsgBuff
 .text.FLEXCAN_LockRxMsgBuff
                0x00001510       0x78 ./SDK/platform/drivers/src/flexcan/flexcan_hw_access.o
                0x00001510                FLEXCAN_LockRxMsgBuff
 .text.FLEXCAN_EnableRxFifo
                0x00001588       0x4c ./SDK/platform/drivers/src/flexcan/flexcan_hw_access.o
                0x00001588                FLEXCAN_EnableRxFifo
 .text.FLEXCAN_SetMaxMsgBuffNum
                0x000015d4       0xfc ./SDK/platform/drivers/src/flexcan/flexcan_hw_access.o
                0x000015d4                FLEXCAN_SetMaxMsgBuffNum
 .text.FLEXCAN_SetMsgBuffIntCmd
                0x000016d0       0x3c ./SDK/platform/drivers/src/flexcan/flexcan_hw_access.o
                0x000016d0                FLEXCAN_SetMsgBuffIntCmd
 .text.FLEXCAN_SetErrIntCmd
                0x0000170c       0x34 ./SDK/platform/drivers/src/flexcan/flexcan_hw_access.o
                0x0000170c                FLEXCAN_SetErrIntCmd
 .text.FLEXCAN_ExitFreezeMode
                0x00001740       0x24 ./SDK/platform/drivers/src/flexcan/flexcan_hw_access.o
                0x00001740                FLEXCAN_ExitFreezeMode
 .text.FLEXCAN_EnterFreezeMode
                0x00001764       0x20 ./SDK/platform/drivers/src/flexcan/flexcan_hw_access.o
                0x00001764                FLEXCAN_EnterFreezeMode
 .text.FLEXCAN_ClearErrIntStatusFlag
                0x00001784        0xc ./SDK/platform/drivers/src/flexcan/flexcan_hw_access.o
                0x00001784                FLEXCAN_ClearErrIntStatusFlag
 .text.FLEXCAN_ReadRxFifo
                0x00001790       0x5c ./SDK/platform/drivers/src/flexcan/flexcan_hw_access.o
                0x00001790                FLEXCAN_ReadRxFifo
 .text.FLEXCAN_SetOperationMode
                0x000017ec       0x80 ./SDK/platform/drivers/src/flexcan/flexcan_hw_access.o
                0x000017ec                FLEXCAN_SetOperationMode
 .text.FLEXCAN_SetPayloadSize
                0x0000186c       0x20 ./SDK/platform/drivers/src/flexcan/flexcan_hw_access.o
                0x0000186c                FLEXCAN_SetPayloadSize
 .text.FLEXCAN_DRV_Init
                0x0000188c      0x2bc ./SDK/platform/drivers/src/flexcan/flexcan_driver.o
                0x0000188c                FLEXCAN_DRV_Init
 .text.FLEXCAN_IRQHandler
                0x00001b48      0x2b4 ./SDK/platform/drivers/src/flexcan/flexcan_driver.o
                0x00001b48                FLEXCAN_IRQHandler
 .text.DMA0_IRQHandler
                0x00001dfc        0xc ./SDK/platform/drivers/src/edma/edma_irq.o
                0x00001dfc                DMA0_IRQHandler
 .text.DMA1_IRQHandler
                0x00001e08        0xc ./SDK/platform/drivers/src/edma/edma_irq.o
                0x00001e08                DMA1_IRQHandler
 .text.DMA2_IRQHandler
                0x00001e14        0xc ./SDK/platform/drivers/src/edma/edma_irq.o
                0x00001e14                DMA2_IRQHandler
 .text.DMA3_IRQHandler
                0x00001e20        0xc ./SDK/platform/drivers/src/edma/edma_irq.o
                0x00001e20                DMA3_IRQHandler
 .text.DMA_Error_IRQHandler
                0x00001e2c       0x4c ./SDK/platform/drivers/src/edma/edma_irq.o
                0x00001e2c                DMA_Error_IRQHandler
 .text.EDMA_SetDmaRequestCmd
                0x00001e78        0xc ./SDK/platform/drivers/src/edma/edma_hw_access.o
                0x00001e78                EDMA_SetDmaRequestCmd
 .text.EDMA_DRV_IRQHandler
                0x00001e84       0x30 ./SDK/platform/drivers/src/edma/edma_driver.o
                0x00001e84                EDMA_DRV_IRQHandler
 .text.EDMA_DRV_ErrorIRQHandler
                0x00001eb4       0x4c ./SDK/platform/drivers/src/edma/edma_driver.o
                0x00001eb4                EDMA_DRV_ErrorIRQHandler
 .text.EDMA_DRV_StopChannel
                0x00001f00       0x18 ./SDK/platform/drivers/src/edma/edma_driver.o
                0x00001f00                EDMA_DRV_StopChannel
 .text.EDMA_DRV_GetDmaRegBaseAddr
                0x00001f18        0x8 ./SDK/platform/drivers/src/edma/edma_driver.o
                0x00001f18                EDMA_DRV_GetDmaRegBaseAddr
 .text.CLOCK_SYS_Init
                0x00001f20       0x18 ./SDK/platform/drivers/src/clock/clock_manager.o
                0x00001f20                CLOCK_SYS_Init
 .text.CLOCK_SYS_UpdateConfiguration
                0x00001f38      0x184 ./SDK/platform/drivers/src/clock/clock_manager.o
                0x00001f38                CLOCK_SYS_UpdateConfiguration
 .text.CLOCK_SYS_ConfigureSOSC
                0x000020bc      0x130 ./SDK/platform/drivers/src/clock/S32K1xx/clock_S32K1xx.o
 .text.CLOCK_SYS_ConfigureFIRC
                0x000021ec       0xd4 ./SDK/platform/drivers/src/clock/S32K1xx/clock_S32K1xx.o
 .text.CLOCK_SYS_ConfigureSIRC
                0x000022c0       0xd0 ./SDK/platform/drivers/src/clock/S32K1xx/clock_S32K1xx.o
 .text.CLOCK_SYS_TransitionSystemClock
                0x00002390      0x224 ./SDK/platform/drivers/src/clock/S32K1xx/clock_S32K1xx.o
 .text.CLOCK_SYS_SetSystemClockConfig
                0x000025b4      0x174 ./SDK/platform/drivers/src/clock/S32K1xx/clock_S32K1xx.o
 .text.CLOCK_SYS_SetConfiguration
                0x00002728      0x508 ./SDK/platform/drivers/src/clock/S32K1xx/clock_S32K1xx.o
                0x00002728                CLOCK_SYS_SetConfiguration
 .text.init_data_bss
                0x00002c30       0x80 ./SDK/platform/devices/startup.o
                0x00002c30                init_data_bss
 .text.SystemInit
                0x00002cb0       0x24 ./SDK/platform/devices/S32K116/startup/system_S32K116.o
                0x00002cb0                SystemInit
 .text.memcpy   0x00002cd4       0x12 C:/NXP/S32DS_ARM_v2018.R1/S32DS/arm_ewl2/lib/armv6-m\libc99.a(memcpy.o)
                0x00002cd4                memcpy
 .text.memset   0x00002ce6        0xc C:/NXP/S32DS_ARM_v2018.R1/S32DS/arm_ewl2/lib/armv6-m\libc99.a(memset.o)
                0x00002ce6                memset
 .text.__fill_mem
                0x00002cf2       0x82 C:/NXP/S32DS_ARM_v2018.R1/S32DS/arm_ewl2/lib/armv6-m\libc99.a(__filll_mem.o)
                0x00002cf2                __fill_mem
 *(.rodata)
 .rodata        0x00002d74       0x24 ./SDK/platform/drivers/src/clock/S32K1xx/clock_S32K1xx.o
 *(.rodata*)
 .rodata.s_baudratePrescaler
                0x00002d98       0x20 ./SDK/platform/drivers/src/lpspi/lpspi_hw_access.o
 .rodata.CSWTCH.34
                0x00002db8        0x7 ./SDK/platform/drivers/src/flexcan/flexcan_hw_access.o
 *fill*         0x00002dbf        0x1 
 .rodata.fircFreq.6194
                0x00002dc0       0x10 ./SDK/platform/drivers/src/clock/S32K1xx/clock_S32K1xx.o
 .rodata.clockNameMappings
                0x00002dd0       0x8a ./SDK/platform/drivers/src/clock/S32K1xx/clock_S32K1xx.o
                0x00002dd0                clockNameMappings
 *fill*         0x00002e5a        0x2 
 .rodata.lpspiCom1_MasterConfig0
                0x00002e5c       0x20 ./Generated_Code/lpspiCom1.o
                0x00002e5c                lpspiCom1_MasterConfig0
 .rodata.canCom1_InitConfig0
                0x00002e7c       0x38 ./Generated_Code/canCom1.o
                0x00002e7c                canCom1_InitConfig0
 *(.glue_7)
 .glue_7        0x00000000        0x0 linker stubs
 *(.glue_7t)
 .glue_7t       0x00000000        0x0 linker stubs
 *(.eh_frame)
 *(.init)
 *(.fini)
                0x00002eb4                . = ALIGN (0x4)

.vfp11_veneer   0x00002eb4        0x0
 .vfp11_veneer  0x00000000        0x0 linker stubs

.v4_bx          0x00002eb4        0x0
 .v4_bx         0x00000000        0x0 linker stubs

.iplt           0x00002eb4        0x0
 .iplt          0x00000000        0x0 C:/NXP/S32DS_ARM_v2018.R1/S32DS/arm_ewl2/lib/armv6-m/__arm_start.o

.rel.dyn        0x00002eb4        0x0
 .rel.iplt      0x00000000        0x0 C:/NXP/S32DS_ARM_v2018.R1/S32DS/arm_ewl2/lib/armv6-m/__arm_start.o

.ARM.extab
 *(.ARM.extab* .gnu.linkonce.armextab.*)

.ARM            0x00002eb4        0x0
                0x00002eb4                __exidx_start = .
 *(.ARM.exidx*)
                0x00002eb4                __exidx_end = .

.ctors          0x00002eb4        0x0
                0x00002eb4                __CTOR_LIST__ = .
 *crtbegin.o(.ctors)
 *crtbegin?.o(.ctors)
 *(EXCLUDE_FILE(*crtend.o *crtend?.o) .ctors)
 *(SORT(.ctors.*))
 *(.ctors)
                0x00002eb4                __CTOR_END__ = .

.dtors          0x00002eb4        0x0
                0x00002eb4                __DTOR_LIST__ = .
 *crtbegin.o(.dtors)
 *crtbegin?.o(.dtors)
 *(EXCLUDE_FILE(*crtend.o *crtend?.o) .dtors)
 *(SORT(.dtors.*))
 *(.dtors)
                0x00002eb4                __DTOR_END__ = .

.preinit_array  0x00002eb4        0x0
                0x00002eb4                PROVIDE (__preinit_array_start, .)
 *(.preinit_array*)
                0x00002eb4                PROVIDE (__preinit_array_end, .)

.init_array     0x00002eb4        0x0
                0x00002eb4                PROVIDE (__init_array_start, .)
 *(SORT(.init_array.*))
 *(.init_array*)
                0x00002eb4                PROVIDE (__init_array_end, .)

.fini_array     0x00002eb4        0x0
                0x00002eb4                PROVIDE (__fini_array_start, .)
 *(SORT(.fini_array.*))
 *(.fini_array*)
                0x00002eb4                PROVIDE (__fini_array_end, .)
                0x00002eb4                __etext = .
                0x00002eb4                __DATA_ROM = .

.interrupts_ram
                0x20000000       0xc0
                0x20000000                . = ALIGN (0x4)
                0x20000000                __VECTOR_RAM__ = .
                0x20000000                __RAM_START = .
                0x20000000                __interrupts_ram_start__ = .
 *(.m_interrupts_ram)
                0x200000c0                . = (. + M_VECTOR_RAM_SIZE)
 *fill*         0x20000000       0xc0 
                0x200000c0                . = ALIGN (0x4)
                0x200000c0                __interrupts_ram_end__ = .
                0x20000000                __VECTOR_RAM = DEFINED (__flash_vector_table__)?ORIGIN (m_interrupts):__VECTOR_RAM__
                0x000000c0                __RAM_VECTOR_TABLE_SIZE = DEFINED (__flash_vector_table__)?0x0:(__interrupts_ram_end__ - __interrupts_ram_start__)

.data           0x200000c0      0x520 load address 0x00002eb4
                0x200000c0                . = ALIGN (0x4)
                0x200000c0                __DATA_RAM = .
                0x200000c0                __data_start__ = .
 *(.data)
 *(.data*)
 .data.g_lpspiIrqId
                0x200000c0        0x1 ./SDK/platform/drivers/src/lpspi/lpspi_shared_function.o
                0x200000c0                g_lpspiIrqId
 *fill*         0x200000c1        0x3 
 .data.g_lpspiBase
                0x200000c4        0x4 ./SDK/platform/drivers/src/lpspi/lpspi_shared_function.o
                0x200000c4                g_lpspiBase
 .data.peripheralClockConfig.5951
                0x200000c8       0x6e ./SDK/platform/drivers/src/clock/S32K1xx/clock_S32K1xx.o
 *fill*         0x20000136        0x2 
 .data.g_pin_mux_InitConfigArr
                0x20000138      0x408 ./Generated_Code/pin_mux.o
                0x20000138                g_pin_mux_InitConfigArr
 .data.clockMan1_InitConfig0
                0x20000540       0x78 ./Generated_Code/clockMan1.o
                0x20000540                clockMan1_InitConfig0
 .data.peripheralClockConfig0
                0x200005b8       0x23 ./Generated_Code/clockMan1.o
                0x200005b8                peripheralClockConfig0
 *fill*         0x200005db        0x1 
 .data.g_clockManConfigsArr
                0x200005dc        0x4 ./Generated_Code/clockMan1.o
                0x200005dc                g_clockManConfigsArr
 *(.jcr*)
                0x200005e0                . = ALIGN (0x4)
                0x200005e0                __data_end__ = .
                0x000033d4                __DATA_END = (__DATA_ROM + (__data_end__ - __data_start__))
                0x000033d4                __CODE_ROM = __DATA_END

.igot.plt       0x200005e0        0x0 load address 0x000033d4
 .igot.plt      0x00000000        0x0 C:/NXP/S32DS_ARM_v2018.R1/S32DS/arm_ewl2/lib/armv6-m/__arm_start.o

.code           0x200005e0        0x0 load address 0x000033d4
                0x200005e0                . = ALIGN (0x4)
                0x200005e0                __CODE_RAM = .
                0x200005e0                __code_start__ = .
 *(.code_ram)
                0x200005e0                . = ALIGN (0x4)
                0x200005e0                __code_end__ = .
                0x000033d4                __CODE_END = (__CODE_ROM + (__code_end__ - __code_start__))

.customSectionBlock
 *(.customSection)

.bss            0x200020c0      0x180
                0x200020c0                . = ALIGN (0x4)
                0x200020c0                __BSS_START = .
                0x200020c0                __bss_start__ = .
 *(.bss)
 *(.bss*)
 .bss.exit_code
                0x200020c0        0x4 ./Sources/main.o
                0x200020c0                exit_code
 .bss.s_osif_tick_cnt
                0x200020c4        0x4 ./SDK/rtos/osif/osif_baremetal.o
 .bss.g_lpspiStatePtr
                0x200020c8        0x4 ./SDK/platform/drivers/src/lpspi/lpspi_shared_function.o
                0x200020c8                g_lpspiStatePtr
 .bss.g_interruptDisableCount
                0x200020cc        0x4 ./SDK/platform/drivers/src/interrupt/interrupt_manager.o
 .bss.g_flexcanStatePtr
                0x200020d0        0x4 ./SDK/platform/drivers/src/flexcan/flexcan_driver.o
 .bss.s_virtEdmaState
                0x200020d4        0x4 ./SDK/platform/drivers/src/edma/edma_driver.o
 .bss.g_clockState
                0x200020d8       0x10 ./SDK/platform/drivers/src/clock/clock_manager.o
 .bss.g_clockManCallbacksArr
                0x200020e8        0x4 ./Generated_Code/clockMan1.o
                0x200020e8                g_clockManCallbacksArr
 *(COMMON)
 COMMON         0x200020ec       0x14 ./SDK/platform/drivers/src/clock/S32K1xx/clock_S32K1xx.o
                0x200020ec                g_xtal0ClkFreq
                0x200020f0                g_RtcClkInFreq
                0x200020f4                g_TClkFreq
 COMMON         0x20002100       0x34 ./Generated_Code/lpspiCom1.o
                0x20002100                lpspiCom1State
 COMMON         0x20002134      0x10c ./Generated_Code/canCom1.o
                0x20002134                canCom1_State
                0x20002240                . = ALIGN (0x4)
                0x20002240                __bss_end__ = .
                0x20002240                __BSS_END = .

.heap           0x20002240      0x200
                0x20002240                . = ALIGN (0x8)
                0x20002240                __end__ = .
                0x20002240                PROVIDE (end, .)
                0x20002240                PROVIDE (_end, .)
                0x20002240                PROVIDE (__end, .)
                0x20002240                __HeapBase = .
                0x20002440                . = (. + HEAP_SIZE)
 *fill*         0x20002240      0x200 
                0x20002440                __HeapLimit = .
                0x20002440                __heap_limit = .

.stack          0x20002440      0x200
                0x20002440                . = ALIGN (0x8)
                0x20002640                . = (. + STACK_SIZE)
 *fill*         0x20002440      0x200 
                0x20003800                __StackTop = (ORIGIN (m_data_2) + 0x1740)
                0x20003600                __StackLimit = (__StackTop - STACK_SIZE)
                0x20003800                PROVIDE (__stack, __StackTop)
                0x20003800                __RAM_END = __StackTop

.ARM.attributes
                0x00000000       0x29
 *(.ARM.attributes)
 .ARM.attributes
                0x00000000       0x32 ./Sources/main.o
 .ARM.attributes
                0x00000032       0x32 ./SDK/rtos/osif/osif_baremetal.o
 .ARM.attributes
                0x00000064       0x32 ./SDK/platform/drivers/src/pins/pins_port_hw_access.o
 .ARM.attributes
                0x00000096       0x32 ./SDK/platform/drivers/src/pins/pins_driver.o
 .ARM.attributes
                0x000000c8       0x32 ./SDK/platform/drivers/src/lpspi/lpspi_slave_driver.o
 .ARM.attributes
                0x000000fa       0x32 ./SDK/platform/drivers/src/lpspi/lpspi_shared_function.o
 .ARM.attributes
                0x0000012c       0x32 ./SDK/platform/drivers/src/lpspi/lpspi_master_driver.o
 .ARM.attributes
                0x0000015e       0x32 ./SDK/platform/drivers/src/lpspi/lpspi_irq.o
 .ARM.attributes
                0x00000190       0x32 ./SDK/platform/drivers/src/lpspi/lpspi_hw_access.o
 .ARM.attributes
                0x000001c2       0x32 ./SDK/platform/drivers/src/interrupt/interrupt_manager.o
 .ARM.attributes
                0x000001f4       0x32 ./SDK/platform/drivers/src/flexcan/flexcan_irq.o
 .ARM.attributes
                0x00000226       0x32 ./SDK/platform/drivers/src/flexcan/flexcan_hw_access.o
 .ARM.attributes
                0x00000258       0x32 ./SDK/platform/drivers/src/flexcan/flexcan_driver.o
 .ARM.attributes
                0x0000028a       0x32 ./SDK/platform/drivers/src/edma/edma_irq.o
 .ARM.attributes
                0x000002bc       0x32 ./SDK/platform/drivers/src/edma/edma_hw_access.o
 .ARM.attributes
                0x000002ee       0x32 ./SDK/platform/drivers/src/edma/edma_driver.o
 .ARM.attributes
                0x00000320       0x32 ./SDK/platform/drivers/src/clock/clock_manager.o
 .ARM.attributes
                0x00000352       0x32 ./SDK/platform/drivers/src/clock/S32K1xx/clock_S32K1xx.o
 .ARM.attributes
                0x00000384       0x32 ./SDK/platform/devices/startup.o
 .ARM.attributes
                0x000003b6       0x32 ./SDK/platform/devices/S32K116/startup/system_S32K116.o
 .ARM.attributes
                0x000003e8       0x1b ./Project_Settings/Startup_Code/startup_S32K116.o
 .ARM.attributes
                0x00000403       0x32 ./Generated_Code/pin_mux.o
 .ARM.attributes
                0x00000435       0x32 ./Generated_Code/lpspiCom1.o
 .ARM.attributes
                0x00000467       0x32 ./Generated_Code/clockMan1.o
 .ARM.attributes
                0x00000499       0x32 ./Generated_Code/canCom1.o
 .ARM.attributes
                0x000004cb       0x31 C:/NXP/S32DS_ARM_v2018.R1/S32DS/arm_ewl2/lib/armv6-m\libc99.a(memcpy.o)
 .ARM.attributes
                0x000004fc       0x31 C:/NXP/S32DS_ARM_v2018.R1/S32DS/arm_ewl2/lib/armv6-m\libc99.a(memset.o)
 .ARM.attributes
                0x0000052d       0x31 C:/NXP/S32DS_ARM_v2018.R1/S32DS/arm_ewl2/lib/armv6-m\libc99.a(__filll_mem.o)
 .ARM.attributes
                0x0000055e       0x1e c:/nxp/s32ds_arm_v2018.r1/cross_tools/gcc-arm-none-eabi-4_9/bin/../lib/gcc/arm-none-eabi/4.9.3/armv6-m\libgcc.a(_udivsi3.o)
 .ARM.attributes
                0x0000057c       0x1e c:/nxp/s32ds_arm_v2018.r1/cross_tools/gcc-arm-none-eabi-4_9/bin/../lib/gcc/arm-none-eabi/4.9.3/armv6-m\libgcc.a(_divsi3.o)
 .ARM.attributes
                0x0000059a       0x1e c:/nxp/s32ds_arm_v2018.r1/cross_tools/gcc-arm-none-eabi-4_9/bin/../lib/gcc/arm-none-eabi/4.9.3/armv6-m\libgcc.a(_dvmd_tls.o)
                0x00000001                ASSERT ((__StackLimit >= __HeapLimit), region m_data_2 overflowed with stack and heap)
OUTPUT(ControlBoard_CORE.elf elf32-littlearm)

.comment        0x00000000       0x70
 .comment       0x00000000       0x70 ./Sources/main.o
                                 0x71 (size before relaxing)
 .comment       0x00000000       0x71 ./SDK/rtos/osif/osif_baremetal.o
 .comment       0x00000000       0x71 ./SDK/platform/drivers/src/pins/pins_port_hw_access.o
 .comment       0x00000000       0x71 ./SDK/platform/drivers/src/pins/pins_driver.o
 .comment       0x00000000       0x71 ./SDK/platform/drivers/src/lpspi/lpspi_slave_driver.o
 .comment       0x00000000       0x71 ./SDK/platform/drivers/src/lpspi/lpspi_shared_function.o
 .comment       0x00000000       0x71 ./SDK/platform/drivers/src/lpspi/lpspi_master_driver.o
 .comment       0x00000000       0x71 ./SDK/platform/drivers/src/lpspi/lpspi_irq.o
 .comment       0x00000000       0x71 ./SDK/platform/drivers/src/lpspi/lpspi_hw_access.o
 .comment       0x00000000       0x71 ./SDK/platform/drivers/src/interrupt/interrupt_manager.o
 .comment       0x00000000       0x71 ./SDK/platform/drivers/src/flexcan/flexcan_irq.o
 .comment       0x00000000       0x71 ./SDK/platform/drivers/src/flexcan/flexcan_hw_access.o
 .comment       0x00000000       0x71 ./SDK/platform/drivers/src/flexcan/flexcan_driver.o
 .comment       0x00000000       0x71 ./SDK/platform/drivers/src/edma/edma_irq.o
 .comment       0x00000000       0x71 ./SDK/platform/drivers/src/edma/edma_hw_access.o
 .comment       0x00000000       0x71 ./SDK/platform/drivers/src/edma/edma_driver.o
 .comment       0x00000000       0x71 ./SDK/platform/drivers/src/clock/clock_manager.o
 .comment       0x00000000       0x71 ./SDK/platform/drivers/src/clock/S32K1xx/clock_S32K1xx.o
 .comment       0x00000000       0x71 ./SDK/platform/devices/startup.o
 .comment       0x00000000       0x71 ./SDK/platform/devices/S32K116/startup/system_S32K116.o
 .comment       0x00000000       0x71 ./Generated_Code/pin_mux.o
 .comment       0x00000000       0x71 ./Generated_Code/lpspiCom1.o
 .comment       0x00000000       0x71 ./Generated_Code/clockMan1.o
 .comment       0x00000000       0x71 ./Generated_Code/canCom1.o
 .comment       0x00000000       0x71 C:/NXP/S32DS_ARM_v2018.R1/S32DS/arm_ewl2/lib/armv6-m\libc99.a(memcpy.o)
 .comment       0x00000000       0x71 C:/NXP/S32DS_ARM_v2018.R1/S32DS/arm_ewl2/lib/armv6-m\libc99.a(memset.o)
 .comment       0x00000000       0x71 C:/NXP/S32DS_ARM_v2018.R1/S32DS/arm_ewl2/lib/armv6-m\libc99.a(__filll_mem.o)

.debug_info     0x00000000      0x332
 .debug_info    0x00000000      0x10f C:/NXP/S32DS_ARM_v2018.R1/S32DS/arm_ewl2/lib/armv6-m\libc99.a(memcpy.o)
 .debug_info    0x0000010f       0xec C:/NXP/S32DS_ARM_v2018.R1/S32DS/arm_ewl2/lib/armv6-m\libc99.a(memset.o)
 .debug_info    0x000001fb      0x137 C:/NXP/S32DS_ARM_v2018.R1/S32DS/arm_ewl2/lib/armv6-m\libc99.a(__filll_mem.o)

.debug_abbrev   0x00000000      0x16f
 .debug_abbrev  0x00000000       0x95 C:/NXP/S32DS_ARM_v2018.R1/S32DS/arm_ewl2/lib/armv6-m\libc99.a(memcpy.o)
 .debug_abbrev  0x00000095       0x62 C:/NXP/S32DS_ARM_v2018.R1/S32DS/arm_ewl2/lib/armv6-m\libc99.a(memset.o)
 .debug_abbrev  0x000000f7       0x78 C:/NXP/S32DS_ARM_v2018.R1/S32DS/arm_ewl2/lib/armv6-m\libc99.a(__filll_mem.o)

.debug_loc      0x00000000      0x1db
 .debug_loc     0x00000000       0x59 C:/NXP/S32DS_ARM_v2018.R1/S32DS/arm_ewl2/lib/armv6-m\libc99.a(memcpy.o)
 .debug_loc     0x00000059       0x6f C:/NXP/S32DS_ARM_v2018.R1/S32DS/arm_ewl2/lib/armv6-m\libc99.a(memset.o)
 .debug_loc     0x000000c8      0x113 C:/NXP/S32DS_ARM_v2018.R1/S32DS/arm_ewl2/lib/armv6-m\libc99.a(__filll_mem.o)

.debug_aranges  0x00000000       0x60
 .debug_aranges
                0x00000000       0x20 C:/NXP/S32DS_ARM_v2018.R1/S32DS/arm_ewl2/lib/armv6-m\libc99.a(memcpy.o)
 .debug_aranges
                0x00000020       0x20 C:/NXP/S32DS_ARM_v2018.R1/S32DS/arm_ewl2/lib/armv6-m\libc99.a(memset.o)
 .debug_aranges
                0x00000040       0x20 C:/NXP/S32DS_ARM_v2018.R1/S32DS/arm_ewl2/lib/armv6-m\libc99.a(__filll_mem.o)

.debug_line     0x00000000      0x1cd
 .debug_line    0x00000000       0x8e C:/NXP/S32DS_ARM_v2018.R1/S32DS/arm_ewl2/lib/armv6-m\libc99.a(memcpy.o)
 .debug_line    0x0000008e       0x90 C:/NXP/S32DS_ARM_v2018.R1/S32DS/arm_ewl2/lib/armv6-m\libc99.a(memset.o)
 .debug_line    0x0000011e       0xaf C:/NXP/S32DS_ARM_v2018.R1/S32DS/arm_ewl2/lib/armv6-m\libc99.a(__filll_mem.o)

.debug_str      0x00000000      0x228
 .debug_str     0x00000000      0x1d0 C:/NXP/S32DS_ARM_v2018.R1/S32DS/arm_ewl2/lib/armv6-m\libc99.a(memcpy.o)
                                0x217 (size before relaxing)
 .debug_str     0x000001d0       0x2b C:/NXP/S32DS_ARM_v2018.R1/S32DS/arm_ewl2/lib/armv6-m\libc99.a(memset.o)
                                0x21f (size before relaxing)
 .debug_str     0x000001fb       0x2d C:/NXP/S32DS_ARM_v2018.R1/S32DS/arm_ewl2/lib/armv6-m\libc99.a(__filll_mem.o)
                                0x231 (size before relaxing)

.debug_frame    0x00000000       0xbc
 .debug_frame   0x00000000       0x28 C:/NXP/S32DS_ARM_v2018.R1/S32DS/arm_ewl2/lib/armv6-m\libc99.a(memcpy.o)
 .debug_frame   0x00000028       0x28 C:/NXP/S32DS_ARM_v2018.R1/S32DS/arm_ewl2/lib/armv6-m\libc99.a(memset.o)
 .debug_frame   0x00000050       0x2c C:/NXP/S32DS_ARM_v2018.R1/S32DS/arm_ewl2/lib/armv6-m\libc99.a(__filll_mem.o)
 .debug_frame   0x0000007c       0x20 c:/nxp/s32ds_arm_v2018.r1/cross_tools/gcc-arm-none-eabi-4_9/bin/../lib/gcc/arm-none-eabi/4.9.3/armv6-m\libgcc.a(_udivsi3.o)
 .debug_frame   0x0000009c       0x20 c:/nxp/s32ds_arm_v2018.r1/cross_tools/gcc-arm-none-eabi-4_9/bin/../lib/gcc/arm-none-eabi/4.9.3/armv6-m\libgcc.a(_divsi3.o)
