Archive member included because of file (symbol)

C:/NXP/S32DS_ARM_v2018.R1/S32DS/arm_ewl2/lib/armv6-m\libc99.a(exit.o)
                              C:/NXP/S32DS_ARM_v2018.R1/S32DS/arm_ewl2/lib/armv6-m/__arm_start.o (exit)
C:/NXP/S32DS_ARM_v2018.R1/S32DS/arm_ewl2/lib/armv6-m\libc99.a(memcpy.o)
                              ./SDK/platform/drivers/src/lpit/lpit_driver.o (memcpy)
C:/NXP/S32DS_ARM_v2018.R1/S32DS/arm_ewl2/lib/armv6-m\libc99.a(memset.o)
                              C:/NXP/S32DS_ARM_v2018.R1/S32DS/arm_ewl2/lib/armv6-m/__arm_start.o (memset)
C:/NXP/S32DS_ARM_v2018.R1/S32DS/arm_ewl2/lib/armv6-m\libc99.a(__filll_mem.o)
                              C:/NXP/S32DS_ARM_v2018.R1/S32DS/arm_ewl2/lib/armv6-m\libc99.a(memset.o) (__fill_mem)
c:/nxp/s32ds_arm_v2018.r1/cross_tools/gcc-arm-none-eabi-4_9/bin/../lib/gcc/arm-none-eabi/4.9.3/armv6-m\libgcc.a(_udivsi3.o)
                              ./Sources/main.o (__aeabi_uidiv)
c:/nxp/s32ds_arm_v2018.r1/cross_tools/gcc-arm-none-eabi-4_9/bin/../lib/gcc/arm-none-eabi/4.9.3/armv6-m\libgcc.a(_divsi3.o)
                              ./SDK/platform/drivers/src/lpspi/lpspi_shared_function.o (__aeabi_idivmod)
c:/nxp/s32ds_arm_v2018.r1/cross_tools/gcc-arm-none-eabi-4_9/bin/../lib/gcc/arm-none-eabi/4.9.3/armv6-m\libgcc.a(_dvmd_tls.o)
                              c:/nxp/s32ds_arm_v2018.r1/cross_tools/gcc-arm-none-eabi-4_9/bin/../lib/gcc/arm-none-eabi/4.9.3/armv6-m\libgcc.a(_udivsi3.o) (__aeabi_idiv0)
c:/nxp/s32ds_arm_v2018.r1/cross_tools/gcc-arm-none-eabi-4_9/bin/../lib/gcc/arm-none-eabi/4.9.3/armv6-m\libgcc.a(_aeabi_uldivmod.o)
                              ./SDK/platform/drivers/src/lpit/lpit_driver.o (__aeabi_uldivmod)
c:/nxp/s32ds_arm_v2018.r1/cross_tools/gcc-arm-none-eabi-4_9/bin/../lib/gcc/arm-none-eabi/4.9.3/armv6-m\libgcc.a(_muldi3.o)
                              ./SDK/platform/drivers/src/lpit/lpit_driver.o (__aeabi_lmul)
c:/nxp/s32ds_arm_v2018.r1/cross_tools/gcc-arm-none-eabi-4_9/bin/../lib/gcc/arm-none-eabi/4.9.3/armv6-m\libgcc.a(bpabi.o)
                              c:/nxp/s32ds_arm_v2018.r1/cross_tools/gcc-arm-none-eabi-4_9/bin/../lib/gcc/arm-none-eabi/4.9.3/armv6-m\libgcc.a(_aeabi_uldivmod.o) (__gnu_uldivmod_helper)
c:/nxp/s32ds_arm_v2018.r1/cross_tools/gcc-arm-none-eabi-4_9/bin/../lib/gcc/arm-none-eabi/4.9.3/armv6-m\libgcc.a(_divdi3.o)
                              c:/nxp/s32ds_arm_v2018.r1/cross_tools/gcc-arm-none-eabi-4_9/bin/../lib/gcc/arm-none-eabi/4.9.3/armv6-m\libgcc.a(bpabi.o) (__divdi3)
c:/nxp/s32ds_arm_v2018.r1/cross_tools/gcc-arm-none-eabi-4_9/bin/../lib/gcc/arm-none-eabi/4.9.3/armv6-m\libgcc.a(_udivdi3.o)
                              c:/nxp/s32ds_arm_v2018.r1/cross_tools/gcc-arm-none-eabi-4_9/bin/../lib/gcc/arm-none-eabi/4.9.3/armv6-m\libgcc.a(bpabi.o) (__udivdi3)
c:/nxp/s32ds_arm_v2018.r1/cross_tools/gcc-arm-none-eabi-4_9/bin/../lib/gcc/arm-none-eabi/4.9.3/armv6-m\libgcc.a(_clzdi2.o)
                              c:/nxp/s32ds_arm_v2018.r1/cross_tools/gcc-arm-none-eabi-4_9/bin/../lib/gcc/arm-none-eabi/4.9.3/armv6-m\libgcc.a(_divdi3.o) (__clzdi2)
c:/nxp/s32ds_arm_v2018.r1/cross_tools/gcc-arm-none-eabi-4_9/bin/../lib/gcc/arm-none-eabi/4.9.3/armv6-m\libgcc.a(_clzsi2.o)
                              c:/nxp/s32ds_arm_v2018.r1/cross_tools/gcc-arm-none-eabi-4_9/bin/../lib/gcc/arm-none-eabi/4.9.3/armv6-m\libgcc.a(_clzdi2.o) (__clzsi2)
C:/NXP/S32DS_ARM_v2018.R1/S32DS/arm_ewl2/lib/armv6-m\librt.a(gcc_ctor_dtor.o)
                              C:/NXP/S32DS_ARM_v2018.R1/S32DS/arm_ewl2/lib/armv6-m/__arm_start.o (__init_cpp)
C:/NXP/S32DS_ARM_v2018.R1/S32DS/arm_ewl2/lib/armv6-m\librt.a(__arm_eabi_init.o)
                              C:/NXP/S32DS_ARM_v2018.R1/S32DS/arm_ewl2/lib/armv6-m\libc99.a(exit.o) (__destroy_global_chain)
C:/NXP/S32DS_ARM_v2018.R1/S32DS/arm_ewl2/lib/armv6-m\librt.a(ROMCopy.o)
                              C:/NXP/S32DS_ARM_v2018.R1/S32DS/arm_ewl2/lib/armv6-m/__arm_start.o (__copy_rom_sections_to_ram)

Allocating common symbols
Common symbol       size              file

lpuart1_State       0x34              ./Generated_Code/lpuart1.o
g_xtal0ClkFreq      0x4               ./SDK/platform/drivers/src/clock/S32K1xx/clock_S32K1xx.o
canCom1_State       0x10c             ./Generated_Code/canCom1.o
g_RtcClkInFreq      0x4               ./SDK/platform/drivers/src/clock/S32K1xx/clock_S32K1xx.o
data                0x4c              ./Sources/main.o
g_TClkFreq          0xc               ./SDK/platform/drivers/src/clock/S32K1xx/clock_S32K1xx.o
lpspiCom1State      0x34              ./Generated_Code/lpspiCom1.o
dmaController1_State
                    0x10              ./Generated_Code/dmaController1.o
dmaController1Chn0_State
                    0x10              ./Generated_Code/dmaController1.o

Discarded input sections

 .text          0x00000000        0x0 C:/NXP/S32DS_ARM_v2018.R1/S32DS/arm_ewl2/lib/armv6-m/__arm_start.o
 .data          0x00000000        0x0 C:/NXP/S32DS_ARM_v2018.R1/S32DS/arm_ewl2/lib/armv6-m/__arm_start.o
[...]
Memory Configuration

Name             Origin             Length             Attributes
m_interrupts     0x00000000         0x000000c0         xr
m_flash_config   0x00000400         0x00000010         xr
m_text           0x00000410         0x0001fbf0         xr
m_data           0x20000000         0x000020c0         rw
m_data_2         0x200020c0         0x00001740         rw
*default*        0x00000000         0xffffffff

Linker script and memory map

LOAD C:/NXP/S32DS_ARM_v2018.R1/S32DS/arm_ewl2/lib/armv6-m/__arm_start.o
LOAD ./Sources/main.o
LOAD ./SDK/rtos/osif/osif_baremetal.o
LOAD ./SDK/platform/drivers/src/pins/pins_port_hw_access.o
LOAD ./SDK/platform/drivers/src/pins/pins_driver.o
LOAD ./SDK/platform/drivers/src/lpuart/lpuart_irq.o
LOAD ./SDK/platform/drivers/src/lpuart/lpuart_hw_access.o
LOAD ./SDK/platform/drivers/src/lpuart/lpuart_driver.o
LOAD ./SDK/platform/drivers/src/lpspi/lpspi_slave_driver.o
LOAD ./SDK/platform/drivers/src/lpspi/lpspi_shared_function.o
LOAD ./SDK/platform/drivers/src/lpspi/lpspi_master_driver.o
LOAD ./SDK/platform/drivers/src/lpspi/lpspi_irq.o
LOAD ./SDK/platform/drivers/src/lpspi/lpspi_hw_access.o
LOAD ./SDK/platform/drivers/src/lpit/lpit_driver.o
LOAD ./SDK/platform/drivers/src/interrupt/interrupt_manager.o
LOAD ./SDK/platform/drivers/src/flexcan/flexcan_irq.o
LOAD ./SDK/platform/drivers/src/flexcan/flexcan_hw_access.o
LOAD ./SDK/platform/drivers/src/flexcan/flexcan_driver.o
LOAD ./SDK/platform/drivers/src/edma/edma_irq.o
LOAD ./SDK/platform/drivers/src/edma/edma_hw_access.o
LOAD ./SDK/platform/drivers/src/edma/edma_driver.o
LOAD ./SDK/platform/drivers/src/clock/clock_manager.o
LOAD ./SDK/platform/drivers/src/clock/S32K1xx/clock_S32K1xx.o
LOAD ./SDK/platform/devices/startup.o
LOAD ./SDK/platform/devices/S32K116/startup/system_S32K116.o
LOAD ./Project_Settings/Startup_Code/startup_S32K116.o
LOAD ./Generated_Code/pin_mux.o
LOAD ./Generated_Code/lpuart1.o
LOAD ./Generated_Code/lpspiCom1.o
LOAD ./Generated_Code/lpit1.o
LOAD ./Generated_Code/dmaController1.o
LOAD ./Generated_Code/clockMan1.o
LOAD ./Generated_Code/canCom1.o
LOAD ./Generated_Code/Cpu.o
START GROUP
LOAD C:/NXP/S32DS_ARM_v2018.R1/S32DS/arm_ewl2/lib/armv6-m\libc99.a
LOAD C:/NXP/S32DS_ARM_v2018.R1/S32DS/arm_ewl2/lib/armv6-m\libm.a
LOAD c:/nxp/s32ds_arm_v2018.r1/cross_tools/gcc-arm-none-eabi-4_9/bin/../lib/gcc/arm-none-eabi/4.9.3/armv6-m\libgcc.a
LOAD C:/NXP/S32DS_ARM_v2018.R1/S32DS/arm_ewl2/lib/armv6-m\librt.a
LOAD C:/NXP/S32DS_ARM_v2018.R1/S32DS/arm_ewl2/lib/armv6-m\libnoio.a
END GROUP
LOAD C:/NXP/S32DS_ARM_v2018.R1/S32DS/arm_ewl2/lib/armv6-m/__arm_end.o
                0x00000200                HEAP_SIZE = DEFINED (__heap_size__)?__heap_size__:0x200
                0x00000200                STACK_SIZE = DEFINED (__stack_size__)?__stack_size__:0x200
                0x000000c0                M_VECTOR_RAM_SIZE = DEFINED (__flash_vector_table__)?0x0:0xc0

.interrupts     0x00000000       0xc0
                0x00000000                __VECTOR_TABLE = .
                0x00000000                . = ALIGN (0x4)
 *(.isr_vector)
 .isr_vector    0x00000000       0xc0 ./Project_Settings/Startup_Code/startup_S32K116.o
                0x00000000                __isr_vector
                0x000000c0                . = ALIGN (0x4)

.flash_config   0x00000400       0x10
                0x00000400                . = ALIGN (0x4)
 *(.FlashConfig)
 .FlashConfig   0x00000400       0x10 ./Project_Settings/Startup_Code/startup_S32K116.o
                0x00000410                . = ALIGN (0x4)

.text           0x00000410     0x8d94
                0x00000410                . = ALIGN (0x4)
 *(.text)
 .text          0x00000410       0x60 ./Project_Settings/Startup_Code/startup_S32K116.o
                0x00000410                Reset_Handler
                0x0000046c                ERM_fault_IRQHandler
                0x0000046c                PendSV_Handler
                0x0000046c                NMI_Handler
                0x0000046c                LPIT0_IRQHandler
                0x0000046c                ADC0_IRQHandler
                0x0000046c                FTM0_Ovf_Reload_IRQHandler
                0x0000046c                FTM1_Ch0_7_IRQHandler
                0x0000046c                DefaultISR
                0x0000046c                SCG_CMU_LVD_LVWSCG_IRQHandler
                0x0000046c                FTM0_Ch0_7_IRQHandler
                0x0000046c                RTC_IRQHandler
                0x0000046c                PDB0_IRQHandler
                0x0000046c                HardFault_Handler
                0x0000046c                Reserved27_IRQHandler
                0x0000046c                LPUART1_RxTx_IRQHandler
                0x0000046c                RTC_Seconds_IRQHandler
                0x0000046c                FTFC_IRQHandler
                0x0000046c                FTM0_Fault_IRQHandler
                0x0000046c                SVC_Handler
                0x0000046c                RCM_IRQHandler
                0x0000046c                FTM1_Fault_IRQHandler
                0x0000046c                LPI2C0_Master_Slave_IRQHandler
                0x0000046c                LPUART0_RxTx_IRQHandler
                0x0000046c                WDOG_IRQHandler
                0x0000046c                LPTMR0_IRQHandler
                0x0000046c                FTM1_Ovf_Reload_IRQHandler
                0x0000046c                CMP0_IRQHandler
                0x0000046c                PORT_IRQHandler
                0x0000046c                FLEXIO_IRQHandler
 .text          0x00000470      0x120 c:/nxp/s32ds_arm_v2018.r1/cross_tools/gcc-arm-none-eabi-4_9/bin/../lib/gcc/arm-none-eabi/4.9.3/armv6-m\libgcc.a(_udivsi3.o)
                0x00000470                __aeabi_uidiv
                0x00000470                __udivsi3
                0x0000057c                __aeabi_uidivmod
 .text          0x00000590      0x1e0 c:/nxp/s32ds_arm_v2018.r1/cross_tools/gcc-arm-none-eabi-4_9/bin/../lib/gcc/arm-none-eabi/4.9.3/armv6-m\libgcc.a(_divsi3.o)
                0x00000590                __divsi3
                0x00000590                __aeabi_idiv
                0x0000075c                __aeabi_idivmod
 .text          0x00000770        0x4 c:/nxp/s32ds_arm_v2018.r1/cross_tools/gcc-arm-none-eabi-4_9/bin/../lib/gcc/arm-none-eabi/4.9.3/armv6-m\libgcc.a(_dvmd_tls.o)
                0x00000770                __aeabi_idiv0
                0x00000770                __aeabi_ldiv0
 .text          0x00000774       0x40 c:/nxp/s32ds_arm_v2018.r1/cross_tools/gcc-arm-none-eabi-4_9/bin/../lib/gcc/arm-none-eabi/4.9.3/armv6-m\libgcc.a(_aeabi_uldivmod.o)
                0x00000774                __aeabi_uldivmod
 .text          0x000007b4       0x54 c:/nxp/s32ds_arm_v2018.r1/cross_tools/gcc-arm-none-eabi-4_9/bin/../lib/gcc/arm-none-eabi/4.9.3/armv6-m\libgcc.a(_muldi3.o)
                0x000007b4                __muldi3
                0x000007b4                __aeabi_lmul
 .text          0x00000808       0x6c c:/nxp/s32ds_arm_v2018.r1/cross_tools/gcc-arm-none-eabi-4_9/bin/../lib/gcc/arm-none-eabi/4.9.3/armv6-m\libgcc.a(bpabi.o)
                0x00000808                __gnu_ldivmod_helper
                0x00000840                __gnu_uldivmod_helper
 .text          0x00000874      0x1f0 c:/nxp/s32ds_arm_v2018.r1/cross_tools/gcc-arm-none-eabi-4_9/bin/../lib/gcc/arm-none-eabi/4.9.3/armv6-m\libgcc.a(_divdi3.o)
                0x00000874                __divdi3
 .text          0x00000a64      0x158 c:/nxp/s32ds_arm_v2018.r1/cross_tools/gcc-arm-none-eabi-4_9/bin/../lib/gcc/arm-none-eabi/4.9.3/armv6-m\libgcc.a(_udivdi3.o)
                0x00000a64                __udivdi3
 .text          0x00000bbc       0x18 c:/nxp/s32ds_arm_v2018.r1/cross_tools/gcc-arm-none-eabi-4_9/bin/../lib/gcc/arm-none-eabi/4.9.3/armv6-m\libgcc.a(_clzdi2.o)
                0x00000bbc                __clzdi2
 .text          0x00000bd4       0x3c c:/nxp/s32ds_arm_v2018.r1/cross_tools/gcc-arm-none-eabi-4_9/bin/../lib/gcc/arm-none-eabi/4.9.3/armv6-m\libgcc.a(_clzsi2.o)
                0x00000bd4                __clzsi2
 *(.text*)
 .text.Init_SBC
                0x00000c10       0x48 ./Sources/main.o
                0x00000c10                Init_SBC
 .text.FeedWatchDog
                0x00000c58       0x30 ./Sources/main.o
                0x00000c58                FeedWatchDog
 .text.LPIT_ISR
                0x00000c88       0x1c ./Sources/main.o
                0x00000c88                LPIT_ISR
 .text.Init_Board
                0x00000ca4       0xe0 ./Sources/main.o
                0x00000ca4                Init_Board
 .text.main     0x00000d84       0x34 ./Sources/main.o
                0x00000d84                main
 .text.osif_Tick
                0x00000db8       0x18 ./SDK/rtos/osif/osif_baremetal.o
 .text.osif_GetCurrentTickCount
                0x00000dd0       0x14 ./SDK/rtos/osif/osif_baremetal.o
 .text.SysTick_Handler
                0x00000de4        0xc ./SDK/rtos/osif/osif_baremetal.o
                0x00000de4                SysTick_Handler
 .text.osif_UpdateTickConfig
                0x00000df0       0x58 ./SDK/rtos/osif/osif_baremetal.o
 .text.osif_DisableIrqGlobal
                0x00000e48        0xc ./SDK/rtos/osif/osif_baremetal.o
 .text.osif_EnableIrqGlobal
                0x00000e54        0xc ./SDK/rtos/osif/osif_baremetal.o
 .text.OSIF_SemaWait
                0x00000e60       0xa4 ./SDK/rtos/osif/osif_baremetal.o
                0x00000e60                OSIF_SemaWait
 .text.OSIF_SemaPost
                0x00000f04       0x48 ./SDK/rtos/osif/osif_baremetal.o
                0x00000f04                OSIF_SemaPost
 .text.OSIF_SemaCreate
                0x00000f4c       0x28 ./SDK/rtos/osif/osif_baremetal.o
                0x00000f4c                OSIF_SemaCreate
 .text.OSIF_SemaDestroy
                0x00000f74       0x14 ./SDK/rtos/osif/osif_baremetal.o
                0x00000f74                OSIF_SemaDestroy
 .text.PINS_GPIO_WritePin
                0x00000f88       0x40 ./SDK/platform/drivers/src/pins/pins_port_hw_access.o
 .text.PINS_Init
                0x00000fc8      0x1b8 ./SDK/platform/drivers/src/pins/pins_port_hw_access.o
                0x00000fc8                PINS_Init
 .text.PINS_GPIO_WritePin
                0x00001180       0x40 ./SDK/platform/drivers/src/pins/pins_driver.o
 .text.PINS_GPIO_TogglePins
                0x000011c0       0x18 ./SDK/platform/drivers/src/pins/pins_driver.o
 .text.PINS_DRV_Init
                0x000011d8       0x68 ./SDK/platform/drivers/src/pins/pins_driver.o
                0x000011d8                PINS_DRV_Init
 .text.PINS_DRV_WritePin
                0x00001240       0x28 ./SDK/platform/drivers/src/pins/pins_driver.o
                0x00001240                PINS_DRV_WritePin
 .text.PINS_DRV_TogglePins
                0x00001268       0x1c ./SDK/platform/drivers/src/pins/pins_driver.o
                0x00001268                PINS_DRV_TogglePins
 .text.LPUART0_IrqHandler
                0x00001284       0x10 ./SDK/platform/drivers/src/lpuart/lpuart_irq.o
                0x00001284                LPUART0_IrqHandler
 .text.LPUART1_IrqHandler
                0x00001294       0x10 ./SDK/platform/drivers/src/lpuart/lpuart_irq.o
                0x00001294                LPUART1_IrqHandler
 .text.LPUART_Init
                0x000012a4       0x44 ./SDK/platform/drivers/src/lpuart/lpuart_hw_access.o
                0x000012a4                LPUART_Init
 .text.LPUART_SetBitCountPerChar
                0x000012e8       0x54 ./SDK/platform/drivers/src/lpuart/lpuart_hw_access.o
                0x000012e8                LPUART_SetBitCountPerChar
 .text.LPUART_SetParityMode
                0x0000133c       0x48 ./SDK/platform/drivers/src/lpuart/lpuart_hw_access.o
                0x0000133c                LPUART_SetParityMode
 .text.LPUART_Putchar9
                0x00001384       0x54 ./SDK/platform/drivers/src/lpuart/lpuart_hw_access.o
                0x00001384                LPUART_Putchar9
 .text.LPUART_Putchar10
                0x000013d8       0x80 ./SDK/platform/drivers/src/lpuart/lpuart_hw_access.o
                0x000013d8                LPUART_Putchar10
 .text.LPUART_Getchar9
                0x00001458       0x3c ./SDK/platform/drivers/src/lpuart/lpuart_hw_access.o
                0x00001458                LPUART_Getchar9
 .text.LPUART_Getchar10
                0x00001494       0x58 ./SDK/platform/drivers/src/lpuart/lpuart_hw_access.o
                0x00001494                LPUART_Getchar10
 .text.LPUART_SetIntMode
                0x000014ec      0x170 ./SDK/platform/drivers/src/lpuart/lpuart_hw_access.o
                0x000014ec                LPUART_SetIntMode
 .text.LPUART_GetIntMode
                0x0000165c       0xf4 ./SDK/platform/drivers/src/lpuart/lpuart_hw_access.o
                0x0000165c                LPUART_GetIntMode
 .text.LPUART_GetStatusFlag
                0x00001750       0xf4 ./SDK/platform/drivers/src/lpuart/lpuart_hw_access.o
                0x00001750                LPUART_GetStatusFlag
 .text.LPUART_ClearStatusFlag
                0x00001844      0x1b0 ./SDK/platform/drivers/src/lpuart/lpuart_hw_access.o
                0x00001844                LPUART_ClearStatusFlag
 .text.LPUART_SetTransmitterCmd
                0x000019f4       0x54 ./SDK/platform/drivers/src/lpuart/lpuart_driver.o
 .text.LPUART_SetReceiverCmd
                0x00001a48       0x54 ./SDK/platform/drivers/src/lpuart/lpuart_driver.o
 .text.LPUART_SetBaudRateDivisor
                0x00001a9c       0x30 ./SDK/platform/drivers/src/lpuart/lpuart_driver.o
 .text.LPUART_SetOversamplingRatio
                0x00001acc       0x38 ./SDK/platform/drivers/src/lpuart/lpuart_driver.o
 .text.LPUART_SetBothEdgeSamplingCmd
                0x00001b04       0x38 ./SDK/platform/drivers/src/lpuart/lpuart_driver.o
 .text.LPUART_SetStopBitCount
                0x00001b3c       0x2c ./SDK/platform/drivers/src/lpuart/lpuart_driver.o
 .text.LPUART_Putchar
                0x00001b68       0x24 ./SDK/platform/drivers/src/lpuart/lpuart_driver.o
 .text.LPUART_Getchar
                0x00001b8c       0x1c ./SDK/platform/drivers/src/lpuart/lpuart_driver.o
 .text.LPUART_DRV_Init
                0x00001ba8      0x164 ./SDK/platform/drivers/src/lpuart/lpuart_driver.o
                0x00001ba8                LPUART_DRV_Init
 .text.LPUART_DRV_SetBaudRate
                0x00001d0c      0x160 ./SDK/platform/drivers/src/lpuart/lpuart_driver.o
                0x00001d0c                LPUART_DRV_SetBaudRate
 .text.LPUART_DRV_IRQHandler
                0x00001e6c      0x1b0 ./SDK/platform/drivers/src/lpuart/lpuart_driver.o
                0x00001e6c                LPUART_DRV_IRQHandler
 .text.LPUART_DRV_CompleteSendDataUsingInt
                0x0000201c       0x5c ./SDK/platform/drivers/src/lpuart/lpuart_driver.o
 .text.LPUART_DRV_CompleteReceiveDataUsingInt
                0x00002078       0x70 ./SDK/platform/drivers/src/lpuart/lpuart_driver.o
 .text.LPUART_DRV_PutData
                0x000020e8       0xc4 ./SDK/platform/drivers/src/lpuart/lpuart_driver.o
 .text.LPUART_DRV_GetData
                0x000021ac       0xb0 ./SDK/platform/drivers/src/lpuart/lpuart_driver.o
 .text.LPSPI_GetStatusFlag
                0x0000225c       0x2c ./SDK/platform/drivers/src/lpspi/lpspi_slave_driver.o
 .text.LPSPI_SetIntMode
                0x00002288       0x58 ./SDK/platform/drivers/src/lpspi/lpspi_slave_driver.o
 .text.LPSPI_SetTxDmaCmd
                0x000022e0       0x28 ./SDK/platform/drivers/src/lpspi/lpspi_slave_driver.o
 .text.LPSPI_SetRxDmaCmd
                0x00002308       0x2c ./SDK/platform/drivers/src/lpspi/lpspi_slave_driver.o
 .text.LPSPI_DRV_SlaveIRQHandler
                0x00002334      0x160 ./SDK/platform/drivers/src/lpspi/lpspi_slave_driver.o
                0x00002334                LPSPI_DRV_SlaveIRQHandler
 .text.LPSPI_DRV_SlaveAbortTransfer
                0x00002494       0xa4 ./SDK/platform/drivers/src/lpspi/lpspi_slave_driver.o
                0x00002494                LPSPI_DRV_SlaveAbortTransfer
 .text.LPSPI_IsMaster
                0x00002538       0x20 ./SDK/platform/drivers/src/lpspi/lpspi_shared_function.o
 .text.LPSPI_SetIntMode
                0x00002558       0x58 ./SDK/platform/drivers/src/lpspi/lpspi_shared_function.o
 .text.LPSPI_WriteData
                0x000025b0       0x18 ./SDK/platform/drivers/src/lpspi/lpspi_shared_function.o
 .text.LPSPI_ReadData
                0x000025c8       0x14 ./SDK/platform/drivers/src/lpspi/lpspi_shared_function.o
 .text.LPSPI_ReadTxCount
                0x000025dc       0x18 ./SDK/platform/drivers/src/lpspi/lpspi_shared_function.o
 .text.LPSPI_ReadRxCount
                0x000025f4       0x1c ./SDK/platform/drivers/src/lpspi/lpspi_shared_function.o
 .text.LPSPI_ClearContCBit
                0x00002610       0x20 ./SDK/platform/drivers/src/lpspi/lpspi_shared_function.o
 .text.LPSPI_DRV_IRQHandler
                0x00002630       0x40 ./SDK/platform/drivers/src/lpspi/lpspi_shared_function.o
                0x00002630                LPSPI_DRV_IRQHandler
 .text.LPSPI_DRV_FillupTxBuffer
                0x00002670      0x1e4 ./SDK/platform/drivers/src/lpspi/lpspi_shared_function.o
                0x00002670                LPSPI_DRV_FillupTxBuffer
 .text.LPSPI_DRV_ReadRXBuffer
                0x00002854      0x1e8 ./SDK/platform/drivers/src/lpspi/lpspi_shared_function.o
                0x00002854                LPSPI_DRV_ReadRXBuffer
 .text.LPSPI_DRV_DisableTEIEInterrupts
                0x00002a3c       0x48 ./SDK/platform/drivers/src/lpspi/lpspi_shared_function.o
                0x00002a3c                LPSPI_DRV_DisableTEIEInterrupts
 .text.LPSPI_Enable
                0x00002a84       0x1c ./SDK/platform/drivers/src/lpspi/lpspi_master_driver.o
 .text.LPSPI_SetRxWatermarks
                0x00002aa0       0x34 ./SDK/platform/drivers/src/lpspi/lpspi_master_driver.o
 .text.LPSPI_SetTxWatermarks
                0x00002ad4       0x2c ./SDK/platform/drivers/src/lpspi/lpspi_master_driver.o
 .text.LPSPI_GetStatusFlag
                0x00002b00       0x2c ./SDK/platform/drivers/src/lpspi/lpspi_master_driver.o
 .text.LPSPI_SetIntMode
                0x00002b2c       0x58 ./SDK/platform/drivers/src/lpspi/lpspi_master_driver.o
 .text.LPSPI_SetTxDmaCmd
                0x00002b84       0x28 ./SDK/platform/drivers/src/lpspi/lpspi_master_driver.o
 .text.LPSPI_SetRxDmaCmd
                0x00002bac       0x2c ./SDK/platform/drivers/src/lpspi/lpspi_master_driver.o
 .text.LPSPI_ClearContCBit
                0x00002bd8       0x20 ./SDK/platform/drivers/src/lpspi/lpspi_master_driver.o
 .text.LPSPI_SetContCBit
                0x00002bf8       0x1c ./SDK/platform/drivers/src/lpspi/lpspi_master_driver.o
 .text.LPSPI_SetSamplingPoint
                0x00002c14       0x34 ./SDK/platform/drivers/src/lpspi/lpspi_master_driver.o
 .text.LPSPI_DRV_MasterInit
                0x00002c48       0xcc ./SDK/platform/drivers/src/lpspi/lpspi_master_driver.o
                0x00002c48                LPSPI_DRV_MasterInit
 .text.LPSPI_DRV_MasterConfigureBus
                0x00002d14      0x1b8 ./SDK/platform/drivers/src/lpspi/lpspi_master_driver.o
                0x00002d14                LPSPI_DRV_MasterConfigureBus
 .text.LPSPI_DRV_MasterTransferBlocking
                0x00002ecc      0x110 ./SDK/platform/drivers/src/lpspi/lpspi_master_driver.o
                0x00002ecc                LPSPI_DRV_MasterTransferBlocking
 .text.LPSPI_DRV_MasterAbortTransfer
                0x00002fdc       0x40 ./SDK/platform/drivers/src/lpspi/lpspi_master_driver.o
                0x00002fdc                LPSPI_DRV_MasterAbortTransfer
 .text.LPSPI_DRV_MasterStartTransfer
                0x0000301c      0x310 ./SDK/platform/drivers/src/lpspi/lpspi_master_driver.o
 .text.LPSPI_DRV_MasterCompleteTransfer
                0x0000332c       0xb8 ./SDK/platform/drivers/src/lpspi/lpspi_master_driver.o
 .text.LPSPI_DRV_MasterCompleteDMATransfer
                0x000033e4       0x20 ./SDK/platform/drivers/src/lpspi/lpspi_master_driver.o
 .text.LPSPI_DRV_MasterClearCountinuous
                0x00003404       0x30 ./SDK/platform/drivers/src/lpspi/lpspi_master_driver.o
 .text.LPSPI_DRV_MasterIRQHandler
                0x00003434      0x138 ./SDK/platform/drivers/src/lpspi/lpspi_master_driver.o
                0x00003434                LPSPI_DRV_MasterIRQHandler
 .text.LPSPI0_IRQHandler
                0x0000356c       0x10 ./SDK/platform/drivers/src/lpspi/lpspi_irq.o
                0x0000356c                LPSPI0_IRQHandler
 .text.LPSPI_IsModuleEnabled
                0x0000357c       0x20 ./SDK/platform/drivers/src/lpspi/lpspi_hw_access.o
 .text.LPSPI_IsMaster
                0x0000359c       0x20 ./SDK/platform/drivers/src/lpspi/lpspi_hw_access.o
 .text.LPSPI_Init
                0x000035bc       0x1c ./SDK/platform/drivers/src/lpspi/lpspi_hw_access.o
                0x000035bc                LPSPI_Init
 .text.LPSPI_Disable
                0x000035d8       0x3c ./SDK/platform/drivers/src/lpspi/lpspi_hw_access.o
                0x000035d8                LPSPI_Disable
 .text.LPSPI_SetMasterSlaveMode
                0x00003614       0x3c ./SDK/platform/drivers/src/lpspi/lpspi_hw_access.o
                0x00003614                LPSPI_SetMasterSlaveMode
 .text.LPSPI_GetFifoSizes
                0x00003650       0x4c ./SDK/platform/drivers/src/lpspi/lpspi_hw_access.o
                0x00003650                LPSPI_GetFifoSizes
 .text.LPSPI_SetFlushFifoCmd
                0x0000369c       0x40 ./SDK/platform/drivers/src/lpspi/lpspi_hw_access.o
                0x0000369c                LPSPI_SetFlushFifoCmd
 .text.LPSPI_ClearStatusFlag
                0x000036dc       0x64 ./SDK/platform/drivers/src/lpspi/lpspi_hw_access.o
                0x000036dc                LPSPI_ClearStatusFlag
 .text.LPSPI_SetPcsPolarityMode
                0x00003740       0x64 ./SDK/platform/drivers/src/lpspi/lpspi_hw_access.o
                0x00003740                LPSPI_SetPcsPolarityMode
 .text.LPSPI_SetPinConfigMode
                0x000037a4       0x74 ./SDK/platform/drivers/src/lpspi/lpspi_hw_access.o
                0x000037a4                LPSPI_SetPinConfigMode
 .text.LPSPI_SetBaudRate
                0x00003818      0x134 ./SDK/platform/drivers/src/lpspi/lpspi_hw_access.o
                0x00003818                LPSPI_SetBaudRate
 .text.LPSPI_SetDelay
                0x0000394c       0x84 ./SDK/platform/drivers/src/lpspi/lpspi_hw_access.o
                0x0000394c                LPSPI_SetDelay
 .text.LPSPI_SetTxCommandReg
                0x000039d0       0x74 ./SDK/platform/drivers/src/lpspi/lpspi_hw_access.o
                0x000039d0                LPSPI_SetTxCommandReg
 .text.LPIT_Enable
                0x00003a44       0x1c ./SDK/platform/drivers/src/lpit/lpit_driver.o
 .text.LPIT_Reset
                0x00003a60       0x28 ./SDK/platform/drivers/src/lpit/lpit_driver.o
 .text.LPIT_StartTimerChannels
                0x00003a88       0x1c ./SDK/platform/drivers/src/lpit/lpit_driver.o
 .text.LPIT_SetTimerPeriodByCount
                0x00003aa4       0x20 ./SDK/platform/drivers/src/lpit/lpit_driver.o
 .text.LPIT_EnableInterruptTimerChannels
                0x00003ac4       0x1c ./SDK/platform/drivers/src/lpit/lpit_driver.o
 .text.LPIT_DisableInterruptTimerChannels
                0x00003ae0       0x20 ./SDK/platform/drivers/src/lpit/lpit_driver.o
 .text.LPIT_ClearInterruptFlagTimerChannels
                0x00003b00       0x18 ./SDK/platform/drivers/src/lpit/lpit_driver.o
 .text.LPIT_SetTimerChannelModeCmd
                0x00003b18       0x58 ./SDK/platform/drivers/src/lpit/lpit_driver.o
 .text.LPIT_GetTimerChannelModeCmd
                0x00003b70       0x70 ./SDK/platform/drivers/src/lpit/lpit_driver.o
 .text.LPIT_SetTriggerSelectCmd
                0x00003be0       0x58 ./SDK/platform/drivers/src/lpit/lpit_driver.o
 .text.LPIT_SetTriggerSourceCmd
                0x00003c38       0x5c ./SDK/platform/drivers/src/lpit/lpit_driver.o
 .text.LPIT_SetReloadOnTriggerCmd
                0x00003c94       0x60 ./SDK/platform/drivers/src/lpit/lpit_driver.o
 .text.LPIT_SetStopOnInterruptCmd
                0x00003cf4       0x60 ./SDK/platform/drivers/src/lpit/lpit_driver.o
 .text.LPIT_SetStartOnTriggerCmd
                0x00003d54       0x60 ./SDK/platform/drivers/src/lpit/lpit_driver.o
 .text.LPIT_SetTimerChannelChainCmd
                0x00003db4       0x5c ./SDK/platform/drivers/src/lpit/lpit_driver.o
 .text.LPIT_SetTimerRunInDebugCmd
                0x00003e10       0x3c ./SDK/platform/drivers/src/lpit/lpit_driver.o
 .text.LPIT_SetTimerRunInDozeCmd
                0x00003e4c       0x3c ./SDK/platform/drivers/src/lpit/lpit_driver.o
 .text.LPIT_DRV_Init
                0x00003e88       0x64 ./SDK/platform/drivers/src/lpit/lpit_driver.o
                0x00003e88                LPIT_DRV_Init
 .text.LPIT_DRV_InitChannel
                0x00003eec      0x16c ./SDK/platform/drivers/src/lpit/lpit_driver.o
                0x00003eec                LPIT_DRV_InitChannel
 .text.LPIT_DRV_StartTimerChannels
                0x00004058       0x24 ./SDK/platform/drivers/src/lpit/lpit_driver.o
                0x00004058                LPIT_DRV_StartTimerChannels
 .text.LPIT_DRV_SetTimerPeriodByUs
                0x0000407c      0x174 ./SDK/platform/drivers/src/lpit/lpit_driver.o
                0x0000407c                LPIT_DRV_SetTimerPeriodByUs
 .text.LPIT_DRV_SetTimerPeriodByCount
                0x000041f0       0x2c ./SDK/platform/drivers/src/lpit/lpit_driver.o
                0x000041f0                LPIT_DRV_SetTimerPeriodByCount
 .text.LPIT_DRV_ClearInterruptFlagTimerChannels
                0x0000421c       0x24 ./SDK/platform/drivers/src/lpit/lpit_driver.o
                0x0000421c                LPIT_DRV_ClearInterruptFlagTimerChannels
 .text.INT_SYS_InstallHandler
                0x00004240       0x50 ./SDK/platform/drivers/src/interrupt/interrupt_manager.o
                0x00004240                INT_SYS_InstallHandler
 .text.INT_SYS_EnableIRQ
                0x00004290       0x34 ./SDK/platform/drivers/src/interrupt/interrupt_manager.o
                0x00004290                INT_SYS_EnableIRQ
 .text.INT_SYS_DisableIRQ
                0x000042c4       0x38 ./SDK/platform/drivers/src/interrupt/interrupt_manager.o
                0x000042c4                INT_SYS_DisableIRQ
 .text.INT_SYS_EnableIRQGlobal
                0x000042fc       0x28 ./SDK/platform/drivers/src/interrupt/interrupt_manager.o
                0x000042fc                INT_SYS_EnableIRQGlobal
 .text.INT_SYS_DisableIRQGlobal
                0x00004324       0x18 ./SDK/platform/drivers/src/interrupt/interrupt_manager.o
                0x00004324                INT_SYS_DisableIRQGlobal
 .text.CAN0_ORed_Err_Wakeup_IRQHandler
                0x0000433c       0x10 ./SDK/platform/drivers/src/flexcan/flexcan_irq.o
                0x0000433c                CAN0_ORed_Err_Wakeup_IRQHandler
 .text.CAN0_ORed_0_31_MB_IRQHandler
                0x0000434c       0x10 ./SDK/platform/drivers/src/flexcan/flexcan_irq.o
                0x0000434c                CAN0_ORed_0_31_MB_IRQHandler
 .text.FLEXCAN_IsFDEnabled
                0x0000435c       0x24 ./SDK/platform/drivers/src/flexcan/flexcan_hw_access.o
 .text.FLEXCAN_IsRxFifoEnabled
                0x00004380       0x24 ./SDK/platform/drivers/src/flexcan/flexcan_hw_access.o
 .text.RxFifoOcuppiedLastMsgBuff
                0x000043a4       0x1c ./SDK/platform/drivers/src/flexcan/flexcan_hw_access.o
 .text.FLEXCAN_GetMsgBuffRegion
                0x000043c0       0xa0 ./SDK/platform/drivers/src/flexcan/flexcan_hw_access.o
 .text.FLEXCAN_ComputePayloadSize
                0x00004460       0x98 ./SDK/platform/drivers/src/flexcan/flexcan_hw_access.o
 .text.FLEXCAN_GetMaxMbNum
                0x000044f8       0x5c ./SDK/platform/drivers/src/flexcan/flexcan_hw_access.o
 .text.FLEXCAN_ClearRAM
                0x00004554       0x7c ./SDK/platform/drivers/src/flexcan/flexcan_hw_access.o
 .text.FLEXCAN_Enable
                0x000045d0       0x5c ./SDK/platform/drivers/src/flexcan/flexcan_hw_access.o
                0x000045d0                FLEXCAN_Enable
 .text.FLEXCAN_Disable
                0x0000462c       0x34 ./SDK/platform/drivers/src/flexcan/flexcan_hw_access.o
                0x0000462c                FLEXCAN_Disable
 .text.FLEXCAN_Init
                0x00004660       0x58 ./SDK/platform/drivers/src/flexcan/flexcan_hw_access.o
                0x00004660                FLEXCAN_Init
 .text.FLEXCAN_GetMsgBuff
                0x000046b8      0x19c ./SDK/platform/drivers/src/flexcan/flexcan_hw_access.o
                0x000046b8                FLEXCAN_GetMsgBuff
 .text.FLEXCAN_LockRxMsgBuff
                0x00004854       0x58 ./SDK/platform/drivers/src/flexcan/flexcan_hw_access.o
                0x00004854                FLEXCAN_LockRxMsgBuff
 .text.FLEXCAN_EnableRxFifo
                0x000048ac       0x98 ./SDK/platform/drivers/src/flexcan/flexcan_hw_access.o
                0x000048ac                FLEXCAN_EnableRxFifo
 .text.FLEXCAN_SetMaxMsgBuffNum
                0x00004944      0x114 ./SDK/platform/drivers/src/flexcan/flexcan_hw_access.o
                0x00004944                FLEXCAN_SetMaxMsgBuffNum
 .text.FLEXCAN_SetMsgBuffIntCmd
                0x00004a58       0x80 ./SDK/platform/drivers/src/flexcan/flexcan_hw_access.o
                0x00004a58                FLEXCAN_SetMsgBuffIntCmd
 .text.FLEXCAN_SetErrIntCmd
                0x00004ad8       0x70 ./SDK/platform/drivers/src/flexcan/flexcan_hw_access.o
                0x00004ad8                FLEXCAN_SetErrIntCmd
 .text.FLEXCAN_ExitFreezeMode
                0x00004b48       0x40 ./SDK/platform/drivers/src/flexcan/flexcan_hw_access.o
                0x00004b48                FLEXCAN_ExitFreezeMode
 .text.FLEXCAN_EnterFreezeMode
                0x00004b88       0x3c ./SDK/platform/drivers/src/flexcan/flexcan_hw_access.o
                0x00004b88                FLEXCAN_EnterFreezeMode
 .text.FLEXCAN_ClearErrIntStatusFlag
                0x00004bc4       0x20 ./SDK/platform/drivers/src/flexcan/flexcan_hw_access.o
                0x00004bc4                FLEXCAN_ClearErrIntStatusFlag
 .text.FLEXCAN_ReadRxFifo
                0x00004be4       0xb8 ./SDK/platform/drivers/src/flexcan/flexcan_hw_access.o
                0x00004be4                FLEXCAN_ReadRxFifo
 .text.FLEXCAN_SetOperationMode
                0x00004c9c       0xb0 ./SDK/platform/drivers/src/flexcan/flexcan_hw_access.o
                0x00004c9c                FLEXCAN_SetOperationMode
 .text.FLEXCAN_SetPayloadSize
                0x00004d4c       0x4c ./SDK/platform/drivers/src/flexcan/flexcan_hw_access.o
                0x00004d4c                FLEXCAN_SetPayloadSize
 .text.FLEXCAN_GetPayloadSize
                0x00004d98       0x4c ./SDK/platform/drivers/src/flexcan/flexcan_hw_access.o
                0x00004d98                FLEXCAN_GetPayloadSize
 .text.FLEXCAN_SelectClock
                0x00004de4       0x34 ./SDK/platform/drivers/src/flexcan/flexcan_driver.o
 .text.FLEXCAN_SetTimeSegments
                0x00004e18       0x64 ./SDK/platform/drivers/src/flexcan/flexcan_driver.o
 .text.FLEXCAN_SetExtendedTimeSegments
                0x00004e7c       0x68 ./SDK/platform/drivers/src/flexcan/flexcan_driver.o
 .text.FLEXCAN_SetFDTimeSegments
                0x00004ee4       0x78 ./SDK/platform/drivers/src/flexcan/flexcan_driver.o
 .text.FLEXCAN_SetFDEnabled
                0x00004f5c       0x50 ./SDK/platform/drivers/src/flexcan/flexcan_driver.o
 .text.FLEXCAN_IsFDEnabled
                0x00004fac       0x24 ./SDK/platform/drivers/src/flexcan/flexcan_driver.o
 .text.FLEXCAN_UnlockRxMsgBuff
                0x00004fd0       0x14 ./SDK/platform/drivers/src/flexcan/flexcan_driver.o
 .text.FLEXCAN_IsRxFifoEnabled
                0x00004fe4       0x24 ./SDK/platform/drivers/src/flexcan/flexcan_driver.o
 .text.FLEXCAN_GetMsgBuffIntStatusFlag
                0x00005008       0x4c ./SDK/platform/drivers/src/flexcan/flexcan_driver.o
 .text.FLEXCAN_ClearMsgBuffIntStatusFlag
                0x00005054       0x2c ./SDK/platform/drivers/src/flexcan/flexcan_driver.o
 .text.FLEXCAN_SetStuffBitCount
                0x00005080       0x38 ./SDK/platform/drivers/src/flexcan/flexcan_driver.o
 .text.FLEXCAN_SetSelfReception
                0x000050b8       0x38 ./SDK/platform/drivers/src/flexcan/flexcan_driver.o
 .text.FLEXCAN_SetRxFifoDMA
                0x000050f0       0x38 ./SDK/platform/drivers/src/flexcan/flexcan_driver.o
 .text.FLEXCAN_IsPNEnabled
                0x00005128       0x24 ./SDK/platform/drivers/src/flexcan/flexcan_driver.o
 .text.FLEXCAN_GetWTOF
                0x0000514c       0x24 ./SDK/platform/drivers/src/flexcan/flexcan_driver.o
 .text.FLEXCAN_ClearWTOF
                0x00005170       0x24 ./SDK/platform/drivers/src/flexcan/flexcan_driver.o
 .text.FLEXCAN_GetWUMF
                0x00005194       0x24 ./SDK/platform/drivers/src/flexcan/flexcan_driver.o
 .text.FLEXCAN_ClearWUMF
                0x000051b8       0x24 ./SDK/platform/drivers/src/flexcan/flexcan_driver.o
 .text.FLEXCAN_DRV_Init
                0x000051dc      0x2b8 ./SDK/platform/drivers/src/flexcan/flexcan_driver.o
                0x000051dc                FLEXCAN_DRV_Init
 .text.FLEXCAN_IRQHandler
                0x00005494      0x278 ./SDK/platform/drivers/src/flexcan/flexcan_driver.o
                0x00005494                FLEXCAN_IRQHandler
 .text.FLEXCAN_WakeUpHandler
                0x0000570c       0x98 ./SDK/platform/drivers/src/flexcan/flexcan_driver.o
                0x0000570c                FLEXCAN_WakeUpHandler
 .text.FLEXCAN_CompleteTransfer
                0x000057a4       0x74 ./SDK/platform/drivers/src/flexcan/flexcan_driver.o
 .text.FLEXCAN_CompleteRxMessageFifoData
                0x00005818       0xe8 ./SDK/platform/drivers/src/flexcan/flexcan_driver.o
 .text.EDMA_GetErrorIntStatusFlag
                0x00005900       0x14 ./SDK/platform/drivers/src/edma/edma_irq.o
 .text.DMA0_IRQHandler
                0x00005914       0x10 ./SDK/platform/drivers/src/edma/edma_irq.o
                0x00005914                DMA0_IRQHandler
 .text.DMA1_IRQHandler
                0x00005924       0x10 ./SDK/platform/drivers/src/edma/edma_irq.o
                0x00005924                DMA1_IRQHandler
 .text.DMA2_IRQHandler
                0x00005934       0x10 ./SDK/platform/drivers/src/edma/edma_irq.o
                0x00005934                DMA2_IRQHandler
 .text.DMA3_IRQHandler
                0x00005944       0x10 ./SDK/platform/drivers/src/edma/edma_irq.o
                0x00005944                DMA3_IRQHandler
 .text.DMA_Error_IRQHandler
                0x00005954       0x68 ./SDK/platform/drivers/src/edma/edma_irq.o
                0x00005954                DMA_Error_IRQHandler
 .text.EDMA_SetDmaRequestCmd
                0x000059bc       0x38 ./SDK/platform/drivers/src/edma/edma_hw_access.o
                0x000059bc                EDMA_SetDmaRequestCmd
 .text.EDMA_TCDClearReg
                0x000059f4       0xe0 ./SDK/platform/drivers/src/edma/edma_hw_access.o
                0x000059f4                EDMA_TCDClearReg
 .text.EDMA_TCDSetAttribute
                0x00005ad4       0x90 ./SDK/platform/drivers/src/edma/edma_hw_access.o
                0x00005ad4                EDMA_TCDSetAttribute
 .text.EDMA_TCDSetNbytes
                0x00005b64       0xe8 ./SDK/platform/drivers/src/edma/edma_hw_access.o
                0x00005b64                EDMA_TCDSetNbytes
 .text.EDMA_TCDSetMajorCount
                0x00005c4c      0x1b0 ./SDK/platform/drivers/src/edma/edma_hw_access.o
                0x00005c4c                EDMA_TCDSetMajorCount
 .text.EDMA_SetHaltCmd
                0x00005dfc       0x3c ./SDK/platform/drivers/src/edma/edma_driver.o
 .text.EDMA_ClearErrorIntStatusFlag
                0x00005e38       0x1c ./SDK/platform/drivers/src/edma/edma_driver.o
 .text.EDMA_ClearDoneStatusFlag
                0x00005e54       0x1c ./SDK/platform/drivers/src/edma/edma_driver.o
 .text.EDMA_ClearIntStatusFlag
                0x00005e70       0x1c ./SDK/platform/drivers/src/edma/edma_driver.o
 .text.EDMA_TCDSetSrcAddr
                0x00005e8c       0x28 ./SDK/platform/drivers/src/edma/edma_driver.o
 .text.EDMA_TCDSetSrcOffset
                0x00005eb4       0x34 ./SDK/platform/drivers/src/edma/edma_driver.o
 .text.EDMA_TCDSetDestAddr
                0x00005ee8       0x30 ./SDK/platform/drivers/src/edma/edma_driver.o
 .text.EDMA_TCDSetDestOffset
                0x00005f18       0x38 ./SDK/platform/drivers/src/edma/edma_driver.o
 .text.EDMA_TCDSetDisableDmaRequestAfterTCDDoneCmd
                0x00005f50       0x7c ./SDK/platform/drivers/src/edma/edma_driver.o
 .text.EDMA_TCDSetMajorCompleteIntCmd
                0x00005fcc       0x7c ./SDK/platform/drivers/src/edma/edma_driver.o
 .text.EDMA_DRV_InstallCallback
                0x00006048       0x44 ./SDK/platform/drivers/src/edma/edma_driver.o
                0x00006048                EDMA_DRV_InstallCallback
 .text.EDMA_DRV_ClearIntStatus
                0x0000608c       0x54 ./SDK/platform/drivers/src/edma/edma_driver.o
 .text.EDMA_DRV_IRQHandler
                0x000060e0       0x50 ./SDK/platform/drivers/src/edma/edma_driver.o
                0x000060e0                EDMA_DRV_IRQHandler
 .text.EDMA_DRV_ErrorIRQHandler
                0x00006130       0xa4 ./SDK/platform/drivers/src/edma/edma_driver.o
                0x00006130                EDMA_DRV_ErrorIRQHandler
 .text.EDMA_DRV_ConfigSingleBlockTransfer
                0x000061d4      0x208 ./SDK/platform/drivers/src/edma/edma_driver.o
                0x000061d4                EDMA_DRV_ConfigSingleBlockTransfer
 .text.EDMA_DRV_ConfigMultiBlockTransfer
                0x000063dc       0xb8 ./SDK/platform/drivers/src/edma/edma_driver.o
                0x000063dc                EDMA_DRV_ConfigMultiBlockTransfer
 .text.EDMA_DRV_StartChannel
                0x00006494       0x4c ./SDK/platform/drivers/src/edma/edma_driver.o
                0x00006494                EDMA_DRV_StartChannel
 .text.EDMA_DRV_StopChannel
                0x000064e0       0x4c ./SDK/platform/drivers/src/edma/edma_driver.o
                0x000064e0                EDMA_DRV_StopChannel
 .text.EDMA_DRV_GetDmaRegBaseAddr
                0x0000652c       0x18 ./SDK/platform/drivers/src/edma/edma_driver.o
                0x0000652c                EDMA_DRV_GetDmaRegBaseAddr
 .text.CLOCK_SYS_Init
                0x00006544       0x58 ./SDK/platform/drivers/src/clock/clock_manager.o
                0x00006544                CLOCK_SYS_Init
 .text.CLOCK_SYS_UpdateConfiguration
                0x0000659c      0x200 ./SDK/platform/drivers/src/clock/clock_manager.o
                0x0000659c                CLOCK_SYS_UpdateConfiguration
 .text.SIM_GetRtcClkSrc
                0x0000679c       0x1c ./SDK/platform/drivers/src/clock/S32K1xx/clock_S32K1xx.o
 .text.SIM_SetLpoClocks
                0x000067b8       0x80 ./SDK/platform/drivers/src/clock/S32K1xx/clock_S32K1xx.o
 .text.SIM_SetEimClockGate
                0x00006838       0x3c ./SDK/platform/drivers/src/clock/S32K1xx/clock_S32K1xx.o
 .text.SIM_GetEimClockGate
                0x00006874       0x28 ./SDK/platform/drivers/src/clock/S32K1xx/clock_S32K1xx.o
 .text.SIM_SetErmClockGate
                0x0000689c       0x3c ./SDK/platform/drivers/src/clock/S32K1xx/clock_S32K1xx.o
 .text.SIM_GetErmClockGate
                0x000068d8       0x28 ./SDK/platform/drivers/src/clock/S32K1xx/clock_S32K1xx.o
 .text.SIM_SetDmaClockGate
                0x00006900       0x3c ./SDK/platform/drivers/src/clock/S32K1xx/clock_S32K1xx.o
 .text.SIM_GetDmaClockGate
                0x0000693c       0x28 ./SDK/platform/drivers/src/clock/S32K1xx/clock_S32K1xx.o
 .text.SIM_SetMpuClockGate
                0x00006964       0x3c ./SDK/platform/drivers/src/clock/S32K1xx/clock_S32K1xx.o
 .text.SIM_GetMpuClockGate
                0x000069a0       0x28 ./SDK/platform/drivers/src/clock/S32K1xx/clock_S32K1xx.o
 .text.SIM_SetMscmClockGate
                0x000069c8       0x3c ./SDK/platform/drivers/src/clock/S32K1xx/clock_S32K1xx.o
 .text.SIM_GetMscmClockGate
                0x00006a04       0x28 ./SDK/platform/drivers/src/clock/S32K1xx/clock_S32K1xx.o
 .text.SIM_GetFtm0ExternalClkPinMode
                0x00006a2c       0x1c ./SDK/platform/drivers/src/clock/S32K1xx/clock_S32K1xx.o
 .text.SIM_GetFtm1ExternalClkPinMode
                0x00006a48       0x1c ./SDK/platform/drivers/src/clock/S32K1xx/clock_S32K1xx.o
 .text.SIM_GetLpo32KStatus
                0x00006a64       0x20 ./SDK/platform/drivers/src/clock/S32K1xx/clock_S32K1xx.o
 .text.SIM_GetLpo1KStatus
                0x00006a84       0x20 ./SDK/platform/drivers/src/clock/S32K1xx/clock_S32K1xx.o
 .text.SIM_GetLpoClkSelectorValue
                0x00006aa4       0x1c ./SDK/platform/drivers/src/clock/S32K1xx/clock_S32K1xx.o
 .text.SIM_GetClockoutStatus
                0x00006ac0       0x24 ./SDK/platform/drivers/src/clock/S32K1xx/clock_S32K1xx.o
 .text.SIM_GetClockoutDividerValue
                0x00006ae4       0x1c ./SDK/platform/drivers/src/clock/S32K1xx/clock_S32K1xx.o
 .text.SIM_GetClockoutSelectorValue
                0x00006b00       0x1c ./SDK/platform/drivers/src/clock/S32K1xx/clock_S32K1xx.o
 .text.SIM_SetClockout
                0x00006b1c       0x68 ./SDK/platform/drivers/src/clock/S32K1xx/clock_S32K1xx.o
 .text.SIM_SetTraceClockSource
                0x00006b84       0x38 ./SDK/platform/drivers/src/clock/S32K1xx/clock_S32K1xx.o
 .text.SIM_ClearTraceClockConfig
                0x00006bbc       0x18 ./SDK/platform/drivers/src/clock/S32K1xx/clock_S32K1xx.o
 .text.SIM_SetTraceClockConfig
                0x00006bd4       0x44 ./SDK/platform/drivers/src/clock/S32K1xx/clock_S32K1xx.o
 .text.SCG_GetClockoutSourceSel
                0x00006c18       0x1c ./SDK/platform/drivers/src/clock/S32K1xx/clock_S32K1xx.o
 .text.SCG_GetCurrentSystemClockSource
                0x00006c34       0x1c ./SDK/platform/drivers/src/clock/S32K1xx/clock_S32K1xx.o
 .text.SCG_GetCurrentCoreClockDividerRatio
                0x00006c50       0x1c ./SDK/platform/drivers/src/clock/S32K1xx/clock_S32K1xx.o
 .text.SCG_GetCurrentBusClockDividerRatio
                0x00006c6c       0x1c ./SDK/platform/drivers/src/clock/S32K1xx/clock_S32K1xx.o
 .text.SCG_GetCurrentSlowClockDividerRatio
                0x00006c88       0x18 ./SDK/platform/drivers/src/clock/S32K1xx/clock_S32K1xx.o
 .text.SCG_SetRunClockControl
                0x00006ca0       0x44 ./SDK/platform/drivers/src/clock/S32K1xx/clock_S32K1xx.o
 .text.SCG_SetVlprClockControl
                0x00006ce4       0x44 ./SDK/platform/drivers/src/clock/S32K1xx/clock_S32K1xx.o
 .text.SCG_GetFircFirstAsyncDivider
                0x00006d28       0x1c ./SDK/platform/drivers/src/clock/S32K1xx/clock_S32K1xx.o
 .text.SCG_GetFircSecondAsyncDivider
                0x00006d44       0x20 ./SDK/platform/drivers/src/clock/S32K1xx/clock_S32K1xx.o
 .text.SCG_SetFircAsyncConfig
                0x00006d64       0x30 ./SDK/platform/drivers/src/clock/S32K1xx/clock_S32K1xx.o
 .text.SCG_GetSircFirstAsyncDivider
                0x00006d94       0x1c ./SDK/platform/drivers/src/clock/S32K1xx/clock_S32K1xx.o
 .text.SCG_GetSircSecondAsyncDivider
                0x00006db0       0x20 ./SDK/platform/drivers/src/clock/S32K1xx/clock_S32K1xx.o
 .text.SCG_SetSircAsyncConfig
                0x00006dd0       0x30 ./SDK/platform/drivers/src/clock/S32K1xx/clock_S32K1xx.o
 .text.SCG_GetSoscFirstAsyncDivider
                0x00006e00       0x1c ./SDK/platform/drivers/src/clock/S32K1xx/clock_S32K1xx.o
 .text.SCG_GetSoscSecondAsyncDivider
                0x00006e1c       0x20 ./SDK/platform/drivers/src/clock/S32K1xx/clock_S32K1xx.o
 .text.SCG_SetSoscAsyncConfig
                0x00006e3c       0x30 ./SDK/platform/drivers/src/clock/S32K1xx/clock_S32K1xx.o
 .text.SCG_SetClockoutSourceSel
                0x00006e6c       0x38 ./SDK/platform/drivers/src/clock/S32K1xx/clock_S32K1xx.o
 .text.SCG_GetSircSystemClockMode
                0x00006ea4       0x30 ./SDK/platform/drivers/src/clock/S32K1xx/clock_S32K1xx.o
 .text.SCG_GetSircStatus
                0x00006ed4       0x28 ./SDK/platform/drivers/src/clock/S32K1xx/clock_S32K1xx.o
 .text.SCG_GetSircRange
                0x00006efc       0x1c ./SDK/platform/drivers/src/clock/S32K1xx/clock_S32K1xx.o
 .text.SCG_ClearSircLock
                0x00006f18       0x28 ./SDK/platform/drivers/src/clock/S32K1xx/clock_S32K1xx.o
 .text.SCG_ClearSircControl
                0x00006f40       0x18 ./SDK/platform/drivers/src/clock/S32K1xx/clock_S32K1xx.o
 .text.SCG_SetSircConfiguration
                0x00006f58       0x28 ./SDK/platform/drivers/src/clock/S32K1xx/clock_S32K1xx.o
 .text.SCG_SetSircControl
                0x00006f80       0x64 ./SDK/platform/drivers/src/clock/S32K1xx/clock_S32K1xx.o
 .text.SCG_GetFircSystemClockMode
                0x00006fe4       0x30 ./SDK/platform/drivers/src/clock/S32K1xx/clock_S32K1xx.o
 .text.SCG_GetFircStatus
                0x00007014       0x28 ./SDK/platform/drivers/src/clock/S32K1xx/clock_S32K1xx.o
 .text.SCG_GetFircRange
                0x0000703c       0x1c ./SDK/platform/drivers/src/clock/S32K1xx/clock_S32K1xx.o
 .text.SCG_ClearFircLock
                0x00007058       0x28 ./SDK/platform/drivers/src/clock/S32K1xx/clock_S32K1xx.o
 .text.SCG_ClearFircControl
                0x00007080       0x1c ./SDK/platform/drivers/src/clock/S32K1xx/clock_S32K1xx.o
 .text.SCG_SetFircConfiguration
                0x0000709c       0x28 ./SDK/platform/drivers/src/clock/S32K1xx/clock_S32K1xx.o
 .text.SCG_SetFircControl
                0x000070c4       0x4c ./SDK/platform/drivers/src/clock/S32K1xx/clock_S32K1xx.o
 .text.SCG_GetSoscSystemClockMode
                0x00007110       0x30 ./SDK/platform/drivers/src/clock/S32K1xx/clock_S32K1xx.o
 .text.SCG_GetSoscStatus
                0x00007140       0x28 ./SDK/platform/drivers/src/clock/S32K1xx/clock_S32K1xx.o
 .text.SCG_ClearSoscLock
                0x00007168       0x28 ./SDK/platform/drivers/src/clock/S32K1xx/clock_S32K1xx.o
 .text.SCG_ClearSoscControl
                0x00007190       0x1c ./SDK/platform/drivers/src/clock/S32K1xx/clock_S32K1xx.o
 .text.SCG_SetSoscConfiguration
                0x000071ac       0x3c ./SDK/platform/drivers/src/clock/S32K1xx/clock_S32K1xx.o
 .text.SCG_SetSoscControl
                0x000071e8       0x68 ./SDK/platform/drivers/src/clock/S32K1xx/clock_S32K1xx.o
 .text.PCC_SetPeripheralClockControl
                0x00007250       0x70 ./SDK/platform/drivers/src/clock/S32K1xx/clock_S32K1xx.o
 .text.PCC_SetClockMode
                0x000072c0       0x88 ./SDK/platform/drivers/src/clock/S32K1xx/clock_S32K1xx.o
 .text.PCC_GetClockMode
                0x00007348       0x44 ./SDK/platform/drivers/src/clock/S32K1xx/clock_S32K1xx.o
 .text.PCC_GetClockSourceSel
                0x0000738c       0x34 ./SDK/platform/drivers/src/clock/S32K1xx/clock_S32K1xx.o
 .text.PCC_GetFracValueSel
                0x000073c0       0x34 ./SDK/platform/drivers/src/clock/S32K1xx/clock_S32K1xx.o
 .text.PCC_GetDividerSel
                0x000073f4       0x30 ./SDK/platform/drivers/src/clock/S32K1xx/clock_S32K1xx.o
 .text.PMC_SetLpoMode
                0x00007424       0x54 ./SDK/platform/drivers/src/clock/S32K1xx/clock_S32K1xx.o
 .text.PMC_GetLpoMode
                0x00007478       0x34 ./SDK/platform/drivers/src/clock/S32K1xx/clock_S32K1xx.o
 .text.PMC_SetLpoTrimValue
                0x000074ac       0x94 ./SDK/platform/drivers/src/clock/S32K1xx/clock_S32K1xx.o
 .text.SMC_GetCurrentRunningMode
                0x00007540       0x18 ./SDK/platform/drivers/src/clock/S32K1xx/clock_S32K1xx.o
 .text.CLOCK_SYS_SetConfiguration
                0x00007558       0x80 ./SDK/platform/drivers/src/clock/S32K1xx/clock_S32K1xx.o
                0x00007558                CLOCK_SYS_SetConfiguration
 .text.CLOCK_SYS_SetScgConfiguration
                0x000075d8       0xc8 ./SDK/platform/drivers/src/clock/S32K1xx/clock_S32K1xx.o
 .text.CLOCK_SYS_SetPccConfiguration
                0x000076a0       0xb8 ./SDK/platform/drivers/src/clock/S32K1xx/clock_S32K1xx.o
 .text.CLOCK_SYS_SetSimConfiguration
                0x00007758      0x160 ./SDK/platform/drivers/src/clock/S32K1xx/clock_S32K1xx.o
 .text.CLOCK_SYS_SetPmcConfiguration
                0x000078b8       0x38 ./SDK/platform/drivers/src/clock/S32K1xx/clock_S32K1xx.o
 .text.CLOCK_SYS_GetDefaultConfiguration
                0x000078f0      0x228 ./SDK/platform/drivers/src/clock/S32K1xx/clock_S32K1xx.o
 .text.CLOCK_SYS_GetScgClockFreq
                0x00007b18      0x10c ./SDK/platform/drivers/src/clock/S32K1xx/clock_S32K1xx.o
 .text.CLOCK_SYS_GetSimClockFreq
                0x00007c24      0x1e8 ./SDK/platform/drivers/src/clock/S32K1xx/clock_S32K1xx.o
 .text.CLOCK_SYS_GetPccClockFreq
                0x00007e0c      0x184 ./SDK/platform/drivers/src/clock/S32K1xx/clock_S32K1xx.o
 .text.CLOCK_SYS_GetFreq
                0x00007f90       0x84 ./SDK/platform/drivers/src/clock/S32K1xx/clock_S32K1xx.o
                0x00007f90                CLOCK_SYS_GetFreq
 .text.CLOCK_SYS_GetPeripheralClock
                0x00008014       0xd4 ./SDK/platform/drivers/src/clock/S32K1xx/clock_S32K1xx.o
 .text.CLOCK_SYS_GetCurrentRunMode
                0x000080e8       0x50 ./SDK/platform/drivers/src/clock/S32K1xx/clock_S32K1xx.o
 .text.CLOCK_SYS_TransitionSystemClock
                0x00008138       0x80 ./SDK/platform/drivers/src/clock/S32K1xx/clock_S32K1xx.o
 .text.CLOCK_SYS_GetSimClkOutFreq
                0x000081b8       0xb0 ./SDK/platform/drivers/src/clock/S32K1xx/clock_S32K1xx.o
 .text.CLOCK_SYS_GetScgClkOutFreq
                0x00008268       0x60 ./SDK/platform/drivers/src/clock/S32K1xx/clock_S32K1xx.o
 .text.CLOCK_SYS_GetSimRtcClkFreq
                0x000082c8       0x74 ./SDK/platform/drivers/src/clock/S32K1xx/clock_S32K1xx.o
 .text.CLOCK_SYS_ConfigureSIRC
                0x0000833c      0x100 ./SDK/platform/drivers/src/clock/S32K1xx/clock_S32K1xx.o
 .text.CLOCK_SYS_ConfigureFIRC
                0x0000843c      0x108 ./SDK/platform/drivers/src/clock/S32K1xx/clock_S32K1xx.o
 .text.CLOCK_SYS_ConfigureSOSC
                0x00008544      0x170 ./SDK/platform/drivers/src/clock/S32K1xx/clock_S32K1xx.o
 .text.CLOCK_SYS_ConfigureTemporarySystemClock
                0x000086b4       0x70 ./SDK/platform/drivers/src/clock/S32K1xx/clock_S32K1xx.o
 .text.CLOCK_SYS_ConfigureModulesFromScg
                0x00008724      0x1e8 ./SDK/platform/drivers/src/clock/S32K1xx/clock_S32K1xx.o
 .text.CLOCK_SYS_GetSystemClockFreq
                0x0000890c       0xbc ./SDK/platform/drivers/src/clock/S32K1xx/clock_S32K1xx.o
 .text.CLOCK_SYS_SetSystemClockConfig
                0x000089c8      0x180 ./SDK/platform/drivers/src/clock/S32K1xx/clock_S32K1xx.o
 .text.CLOCK_SYS_GetSysAsyncFreq
                0x00008b48      0x108 ./SDK/platform/drivers/src/clock/S32K1xx/clock_S32K1xx.o
 .text.CLOCK_SYS_GetSysOscFreq
                0x00008c50       0x30 ./SDK/platform/drivers/src/clock/S32K1xx/clock_S32K1xx.o
 .text.CLOCK_SYS_GetSircFreq
                0x00008c80       0x44 ./SDK/platform/drivers/src/clock/S32K1xx/clock_S32K1xx.o
 .text.CLOCK_SYS_GetFircFreq
                0x00008cc4       0x3c ./SDK/platform/drivers/src/clock/S32K1xx/clock_S32K1xx.o
 .text.CLOCK_SYS_GetLpoFreq
                0x00008d00       0x70 ./SDK/platform/drivers/src/clock/S32K1xx/clock_S32K1xx.o
 .text.init_data_bss
                0x00008d70      0x11c ./SDK/platform/devices/startup.o
                0x00008d70                init_data_bss
 .text.SystemInit
                0x00008e8c       0x30 ./SDK/platform/devices/S32K116/startup/system_S32K116.o
                0x00008e8c                SystemInit
 .text.memcpy   0x00008ebc       0x12 C:/NXP/S32DS_ARM_v2018.R1/S32DS/arm_ewl2/lib/armv6-m\libc99.a(memcpy.o)
                0x00008ebc                memcpy
 *(.rodata)
 *fill*         0x00008ece        0x2 
 .rodata        0x00008ed0        0x4 ./SDK/platform/drivers/src/lpit/lpit_driver.o
 .rodata        0x00008ed4       0x24 ./SDK/platform/drivers/src/clock/S32K1xx/clock_S32K1xx.o
 *(.rodata*)
 .rodata.LPUART_SetIntMode
                0x00008ef8       0x20 ./SDK/platform/drivers/src/lpuart/lpuart_hw_access.o
 .rodata.LPUART_GetIntMode
                0x00008f18       0x20 ./SDK/platform/drivers/src/lpuart/lpuart_hw_access.o
 .rodata.LPUART_GetStatusFlag
                0x00008f38       0x20 ./SDK/platform/drivers/src/lpuart/lpuart_hw_access.o
 .rodata.s_lpuartBase
                0x00008f58        0x8 ./SDK/platform/drivers/src/lpuart/lpuart_driver.o
 .rodata.s_lpuartRxTxIrqId
                0x00008f60        0x2 ./SDK/platform/drivers/src/lpuart/lpuart_driver.o
 *fill*         0x00008f62        0x2 
 .rodata.s_lpuartClkNames
                0x00008f64        0x2 ./SDK/platform/drivers/src/lpuart/lpuart_driver.o
 *fill*         0x00008f66        0x2 
 .rodata.s_baudratePrescaler
                0x00008f68       0x20 ./SDK/platform/drivers/src/lpspi/lpspi_hw_access.o
 .rodata.FLEXCAN_ComputePayloadSize
                0x00008f88       0x1c ./SDK/platform/drivers/src/flexcan/flexcan_hw_access.o
 .rodata.g_flexcanOredMessageBufferIrqId
                0x00008fa4        0x2 ./SDK/platform/drivers/src/flexcan/flexcan_driver.o
 *fill*         0x00008fa6        0x2 
 .rodata.clockNameMappings
                0x00008fa8       0x8a ./SDK/platform/drivers/src/clock/S32K1xx/clock_S32K1xx.o
                0x00008fa8                clockNameMappings
 *fill*         0x00009032        0x2 
 .rodata.peripheralFeaturesList
                0x00009034       0x45 ./SDK/platform/drivers/src/clock/S32K1xx/clock_S32K1xx.o
                0x00009034                peripheralFeaturesList
 *fill*         0x00009079        0x3 
 .rodata.CLOCK_SYS_GetScgClockFreq
                0x0000907c       0x40 ./SDK/platform/drivers/src/clock/S32K1xx/clock_S32K1xx.o
 .rodata.CLOCK_SYS_GetSimClockFreq
                0x000090bc       0x34 ./SDK/platform/drivers/src/clock/S32K1xx/clock_S32K1xx.o
 .rodata.CLOCK_SYS_GetSimClkOutFreq
                0x000090f0       0x3c ./SDK/platform/drivers/src/clock/S32K1xx/clock_S32K1xx.o
 .rodata.fircFreq.6194
                0x0000912c       0x10 ./SDK/platform/drivers/src/clock/S32K1xx/clock_S32K1xx.o
 .rodata.lpuart1_InitConfig0
                0x0000913c        0xc ./Generated_Code/lpuart1.o
                0x0000913c                lpuart1_InitConfig0
 .rodata.lpspiCom1_MasterConfig0
                0x00009148       0x20 ./Generated_Code/lpspiCom1.o
                0x00009148                lpspiCom1_MasterConfig0
 .rodata.lpit1_InitConfig
                0x00009168        0x2 ./Generated_Code/lpit1.o
                0x00009168                lpit1_InitConfig
 *fill*         0x0000916a        0x2 
 .rodata.canCom1_InitConfig0
                0x0000916c       0x38 ./Generated_Code/canCom1.o
                0x0000916c                canCom1_InitConfig0
 *(.glue_7)
 .glue_7        0x00000000        0x0 linker stubs
 *(.glue_7t)
 .glue_7t       0x00000000        0x0 linker stubs
 *(.eh_frame)
 *(.init)
 *(.fini)
                0x000091a4                . = ALIGN (0x4)

.vfp11_veneer   0x000091a4        0x0
 .vfp11_veneer  0x00000000        0x0 linker stubs

.v4_bx          0x000091a4        0x0
 .v4_bx         0x00000000        0x0 linker stubs

.iplt           0x000091a4        0x0
 .iplt          0x00000000        0x0 C:/NXP/S32DS_ARM_v2018.R1/S32DS/arm_ewl2/lib/armv6-m/__arm_start.o

.ARM.extab
 *(.ARM.extab* .gnu.linkonce.armextab.*)

.ARM            0x000091a4        0x8
                0x000091a4                __exidx_start = .
 *(.ARM.exidx*)
 .ARM.exidx     0x000091a4        0x8 c:/nxp/s32ds_arm_v2018.r1/cross_tools/gcc-arm-none-eabi-4_9/bin/../lib/gcc/arm-none-eabi/4.9.3/armv6-m\libgcc.a(_divdi3.o)
 .ARM.exidx     0x000091ac        0x0 c:/nxp/s32ds_arm_v2018.r1/cross_tools/gcc-arm-none-eabi-4_9/bin/../lib/gcc/arm-none-eabi/4.9.3/armv6-m\libgcc.a(_udivdi3.o)
                                  0x8 (size before relaxing)
                0x000091ac                __exidx_end = .

.rel.dyn        0x000091ac        0x0
 .rel.iplt      0x00000000        0x0 C:/NXP/S32DS_ARM_v2018.R1/S32DS/arm_ewl2/lib/armv6-m/__arm_start.o

.ctors          0x000091ac        0x0
                0x000091ac                __CTOR_LIST__ = .
 *crtbegin.o(.ctors)
 *crtbegin?.o(.ctors)
 *(EXCLUDE_FILE(*crtend.o *crtend?.o) .ctors)
 *(SORT(.ctors.*))
 *(.ctors)
                0x000091ac                __CTOR_END__ = .

.dtors          0x000091ac        0x0
                0x000091ac                __DTOR_LIST__ = .
 *crtbegin.o(.dtors)
 *crtbegin?.o(.dtors)
 *(EXCLUDE_FILE(*crtend.o *crtend?.o) .dtors)
 *(SORT(.dtors.*))
 *(.dtors)
                0x000091ac                __DTOR_END__ = .

.preinit_array  0x000091ac        0x0
                0x000091ac                PROVIDE (__preinit_array_start, .)
 *(.preinit_array*)
                0x000091ac                PROVIDE (__preinit_array_end, .)

.init_array     0x000091ac        0x0
                0x000091ac                PROVIDE (__init_array_start, .)
 *(SORT(.init_array.*))
 *(.init_array*)
                0x000091ac                PROVIDE (__init_array_end, .)

.fini_array     0x000091ac        0x0
                0x000091ac                PROVIDE (__fini_array_start, .)
 *(SORT(.fini_array.*))
 *(.fini_array*)
                0x000091ac                PROVIDE (__fini_array_end, .)
                0x000091ac                __etext = .
                0x000091ac                __DATA_ROM = .

.interrupts_ram
                0x20000000       0xc0
                0x20000000                . = ALIGN (0x4)
                0x20000000                __VECTOR_RAM__ = .
                0x20000000                __RAM_START = .
                0x20000000                __interrupts_ram_start__ = .
 *(.m_interrupts_ram)
                0x200000c0                . = (. + M_VECTOR_RAM_SIZE)
 *fill*         0x20000000       0xc0 
                0x200000c0                . = ALIGN (0x4)
                0x200000c0                __interrupts_ram_end__ = .
                0x20000000                __VECTOR_RAM = DEFINED (__flash_vector_table__)?ORIGIN (m_interrupts):__VECTOR_RAM__
                0x000000c0                __RAM_VECTOR_TABLE_SIZE = DEFINED (__flash_vector_table__)?0x0:(__interrupts_ram_end__ - __interrupts_ram_start__)

.data           0x200000c0      0x550 load address 0x000091ac
                0x200000c0                . = ALIGN (0x4)
                0x200000c0                __DATA_RAM = .
                0x200000c0                __data_start__ = .
 *(.data)
 *(.data*)
 .data.g_lpuartIsr
                0x200000c0        0x8 ./SDK/platform/drivers/src/lpuart/lpuart_irq.o
                0x200000c0                g_lpuartIsr
 .data.g_lpspiBase
                0x200000c8        0x4 ./SDK/platform/drivers/src/lpspi/lpspi_shared_function.o
                0x200000c8                g_lpspiBase
 .data.g_lpspiIrqId
                0x200000cc        0x1 ./SDK/platform/drivers/src/lpspi/lpspi_shared_function.o
                0x200000cc                g_lpspiIrqId
 *fill*         0x200000cd        0x3 
 .data.peripheralClockConfig.5951
                0x200000d0       0x6e ./SDK/platform/drivers/src/clock/S32K1xx/clock_S32K1xx.o
 *fill*         0x2000013e        0x2 
 .data.g_pin_mux_InitConfigArr
                0x20000140      0x408 ./Generated_Code/pin_mux.o
                0x20000140                g_pin_mux_InitConfigArr
 .data.lpit1_ChnConfig0
                0x20000548       0x18 ./Generated_Code/lpit1.o
                0x20000548                lpit1_ChnConfig0
 .data.peripheralClockConfig0
                0x20000560       0x32 ./Generated_Code/clockMan1.o
                0x20000560                peripheralClockConfig0
 *fill*         0x20000592        0x2 
 .data.clockMan1_InitConfig0
                0x20000594       0x78 ./Generated_Code/clockMan1.o
                0x20000594                clockMan1_InitConfig0
 .data.g_clockManConfigsArr
                0x2000060c        0x4 ./Generated_Code/clockMan1.o
                0x2000060c                g_clockManConfigsArr
 *(.jcr*)
                0x20000610                . = ALIGN (0x4)
                0x20000610                __data_end__ = .
                0x000096fc                __DATA_END = (__DATA_ROM + (__data_end__ - __data_start__))
                0x000096fc                __CODE_ROM = __DATA_END

.igot.plt       0x20000610        0x0 load address 0x000096fc
 .igot.plt      0x00000000        0x0 C:/NXP/S32DS_ARM_v2018.R1/S32DS/arm_ewl2/lib/armv6-m/__arm_start.o

.code           0x20000610        0x0 load address 0x000096fc
                0x20000610                . = ALIGN (0x4)
                0x20000610                __CODE_RAM = .
                0x20000610                __code_start__ = .
 *(.code_ram)
                0x20000610                . = ALIGN (0x4)
                0x20000610                __code_end__ = .
                0x000096fc                __CODE_END = (__CODE_ROM + (__code_end__ - __code_start__))

.customSectionBlock
 *(.customSection)

.bss            0x200020c0      0x1c0
                0x200020c0                . = ALIGN (0x4)
                0x200020c0                __BSS_START = .
                0x200020c0                __bss_start__ = .
 *(.bss)
 *(.bss*)
 .bss.send_WD   0x200020c0        0x4 ./Sources/main.o
                0x200020c0                send_WD
 .bss.s_osif_tick_cnt
                0x200020c4        0x4 ./SDK/rtos/osif/osif_baremetal.o
 .bss.s_lpuartStatePtr
                0x200020c8        0x8 ./SDK/platform/drivers/src/lpuart/lpuart_driver.o
 .bss.g_lpspiStatePtr
                0x200020d0        0x4 ./SDK/platform/drivers/src/lpspi/lpspi_shared_function.o
                0x200020d0                g_lpspiStatePtr
 .bss.s_lpitSourceClockFrequency
                0x200020d4        0x4 ./SDK/platform/drivers/src/lpit/lpit_driver.o
 .bss.g_interruptDisableCount
                0x200020d8        0x4 ./SDK/platform/drivers/src/interrupt/interrupt_manager.o
 .bss.g_flexcanStatePtr
                0x200020dc        0x4 ./SDK/platform/drivers/src/flexcan/flexcan_driver.o
 .bss.s_virtEdmaState
                0x200020e0        0x4 ./SDK/platform/drivers/src/edma/edma_driver.o
 .bss.g_clockState
                0x200020e4       0x10 ./SDK/platform/drivers/src/clock/clock_manager.o
 .bss.g_clockManCallbacksArr
                0x200020f4        0x4 ./Generated_Code/clockMan1.o
                0x200020f4                g_clockManCallbacksArr
 *(COMMON)
 COMMON         0x200020f8       0x14 ./SDK/platform/drivers/src/clock/S32K1xx/clock_S32K1xx.o
                0x200020f8                g_xtal0ClkFreq
                0x200020fc                g_RtcClkInFreq
                0x20002100                g_TClkFreq
 COMMON         0x2000210c       0x34 ./Generated_Code/lpuart1.o
                0x2000210c                lpuart1_State
 COMMON         0x20002140       0x34 ./Generated_Code/lpspiCom1.o
                0x20002140                lpspiCom1State
 COMMON         0x20002174      0x10c ./Generated_Code/canCom1.o
                0x20002174                canCom1_State
                0x20002280                . = ALIGN (0x4)
                0x20002280                __bss_end__ = .
                0x20002280                __BSS_END = .

.heap           0x20002280      0x200
                0x20002280                . = ALIGN (0x8)
                0x20002280                __end__ = .
                0x20002280                PROVIDE (end, .)
                0x20002280                PROVIDE (_end, .)
                0x20002280                PROVIDE (__end, .)
                0x20002280                __HeapBase = .
                0x20002480                . = (. + HEAP_SIZE)
 *fill*         0x20002280      0x200 
                0x20002480                __HeapLimit = .
                0x20002480                __heap_limit = .

.stack          0x20002480      0x200
                0x20002480                . = ALIGN (0x8)
                0x20002680                . = (. + STACK_SIZE)
 *fill*         0x20002480      0x200 
                0x20003800                __StackTop = (ORIGIN (m_data_2) + 0x1740)
                0x20003600                __StackLimit = (__StackTop - STACK_SIZE)
                0x20003800                PROVIDE (__stack, __StackTop)
                0x20003800                __RAM_END = __StackTop

.ARM.attributes
                0x00000000       0x29
 *(.ARM.attributes)
 .ARM.attributes
                0x00000000       0x32 ./Sources/main.o
 .ARM.attributes
                0x00000032       0x32 ./SDK/rtos/osif/osif_baremetal.o
 .ARM.attributes
                0x00000064       0x32 ./SDK/platform/drivers/src/pins/pins_port_hw_access.o
 .ARM.attributes
                0x00000096       0x32 ./SDK/platform/drivers/src/pins/pins_driver.o
 .ARM.attributes
                0x000000c8       0x32 ./SDK/platform/drivers/src/lpuart/lpuart_irq.o
 .ARM.attributes
                0x000000fa       0x32 ./SDK/platform/drivers/src/lpuart/lpuart_hw_access.o
 .ARM.attributes
                0x0000012c       0x32 ./SDK/platform/drivers/src/lpuart/lpuart_driver.o
 .ARM.attributes
                0x0000015e       0x32 ./SDK/platform/drivers/src/lpspi/lpspi_slave_driver.o
 .ARM.attributes
                0x00000190       0x32 ./SDK/platform/drivers/src/lpspi/lpspi_shared_function.o
 .ARM.attributes
                0x000001c2       0x32 ./SDK/platform/drivers/src/lpspi/lpspi_master_driver.o
 .ARM.attributes
                0x000001f4       0x32 ./SDK/platform/drivers/src/lpspi/lpspi_irq.o
 .ARM.attributes
                0x00000226       0x32 ./SDK/platform/drivers/src/lpspi/lpspi_hw_access.o
 .ARM.attributes
                0x00000258       0x32 ./SDK/platform/drivers/src/lpit/lpit_driver.o
 .ARM.attributes
                0x0000028a       0x32 ./SDK/platform/drivers/src/interrupt/interrupt_manager.o
 .ARM.attributes
                0x000002bc       0x32 ./SDK/platform/drivers/src/flexcan/flexcan_irq.o
 .ARM.attributes
                0x000002ee       0x32 ./SDK/platform/drivers/src/flexcan/flexcan_hw_access.o
 .ARM.attributes
                0x00000320       0x32 ./SDK/platform/drivers/src/flexcan/flexcan_driver.o
 .ARM.attributes
                0x00000352       0x32 ./SDK/platform/drivers/src/edma/edma_irq.o
 .ARM.attributes
                0x00000384       0x32 ./SDK/platform/drivers/src/edma/edma_hw_access.o
 .ARM.attributes
                0x000003b6       0x32 ./SDK/platform/drivers/src/edma/edma_driver.o
 .ARM.attributes
                0x000003e8       0x32 ./SDK/platform/drivers/src/clock/clock_manager.o
 .ARM.attributes
                0x0000041a       0x32 ./SDK/platform/drivers/src/clock/S32K1xx/clock_S32K1xx.o
 .ARM.attributes
                0x0000044c       0x32 ./SDK/platform/devices/startup.o
 .ARM.attributes
                0x0000047e       0x32 ./SDK/platform/devices/S32K116/startup/system_S32K116.o
 .ARM.attributes
                0x000004b0       0x1b ./Project_Settings/Startup_Code/startup_S32K116.o
 .ARM.attributes
                0x000004cb       0x32 ./Generated_Code/pin_mux.o
 .ARM.attributes
                0x000004fd       0x32 ./Generated_Code/lpuart1.o
 .ARM.attributes
                0x0000052f       0x32 ./Generated_Code/lpspiCom1.o
 .ARM.attributes
                0x00000561       0x32 ./Generated_Code/lpit1.o
 .ARM.attributes
                0x00000593       0x32 ./Generated_Code/clockMan1.o
 .ARM.attributes
                0x000005c5       0x32 ./Generated_Code/canCom1.o
 .ARM.attributes
                0x000005f7       0x31 C:/NXP/S32DS_ARM_v2018.R1/S32DS/arm_ewl2/lib/armv6-m\libc99.a(memcpy.o)
 .ARM.attributes
                0x00000628       0x1e c:/nxp/s32ds_arm_v2018.r1/cross_tools/gcc-arm-none-eabi-4_9/bin/../lib/gcc/arm-none-eabi/4.9.3/armv6-m\libgcc.a(_udivsi3.o)
 .ARM.attributes
                0x00000646       0x1e c:/nxp/s32ds_arm_v2018.r1/cross_tools/gcc-arm-none-eabi-4_9/bin/../lib/gcc/arm-none-eabi/4.9.3/armv6-m\libgcc.a(_divsi3.o)
 .ARM.attributes
                0x00000664       0x1e c:/nxp/s32ds_arm_v2018.r1/cross_tools/gcc-arm-none-eabi-4_9/bin/../lib/gcc/arm-none-eabi/4.9.3/armv6-m\libgcc.a(_dvmd_tls.o)
 .ARM.attributes
                0x00000682       0x1e c:/nxp/s32ds_arm_v2018.r1/cross_tools/gcc-arm-none-eabi-4_9/bin/../lib/gcc/arm-none-eabi/4.9.3/armv6-m\libgcc.a(_aeabi_uldivmod.o)
 .ARM.attributes
                0x000006a0       0x2c c:/nxp/s32ds_arm_v2018.r1/cross_tools/gcc-arm-none-eabi-4_9/bin/../lib/gcc/arm-none-eabi/4.9.3/armv6-m\libgcc.a(_muldi3.o)
 .ARM.attributes
                0x000006cc       0x2c c:/nxp/s32ds_arm_v2018.r1/cross_tools/gcc-arm-none-eabi-4_9/bin/../lib/gcc/arm-none-eabi/4.9.3/armv6-m\libgcc.a(bpabi.o)
 .ARM.attributes
                0x000006f8       0x2c c:/nxp/s32ds_arm_v2018.r1/cross_tools/gcc-arm-none-eabi-4_9/bin/../lib/gcc/arm-none-eabi/4.9.3/armv6-m\libgcc.a(_divdi3.o)
 .ARM.attributes
                0x00000724       0x2c c:/nxp/s32ds_arm_v2018.r1/cross_tools/gcc-arm-none-eabi-4_9/bin/../lib/gcc/arm-none-eabi/4.9.3/armv6-m\libgcc.a(_udivdi3.o)
 .ARM.attributes
                0x00000750       0x1e c:/nxp/s32ds_arm_v2018.r1/cross_tools/gcc-arm-none-eabi-4_9/bin/../lib/gcc/arm-none-eabi/4.9.3/armv6-m\libgcc.a(_clzdi2.o)
 .ARM.attributes
                0x0000076e       0x1e c:/nxp/s32ds_arm_v2018.r1/cross_tools/gcc-arm-none-eabi-4_9/bin/../lib/gcc/arm-none-eabi/4.9.3/armv6-m\libgcc.a(_clzsi2.o)
                0x00000001                ASSERT ((__StackLimit >= __HeapLimit), region m_data_2 overflowed with stack and heap)
OUTPUT(ControlBoard_CORE.elf elf32-littlearm)

.debug_info     0x00000000    0x1a63a
 .debug_info    0x00000000     0x2150 ./Sources/main.o
 .debug_info    0x00002150      0x825 ./SDK/rtos/osif/osif_baremetal.o
 .debug_info    0x00002975      0x7a5 ./SDK/platform/drivers/src/pins/pins_port_hw_access.o
 .debug_info    0x0000311a     0x10a2 ./SDK/platform/drivers/src/pins/pins_driver.o
 .debug_info    0x000041bc       0xcc ./SDK/platform/drivers/src/lpuart/lpuart_irq.o
 .debug_info    0x00004288      0x823 ./SDK/platform/drivers/src/lpuart/lpuart_hw_access.o
 .debug_info    0x00004aab     0x1855 ./SDK/platform/drivers/src/lpuart/lpuart_driver.o
 .debug_info    0x00006300     0x10ba ./SDK/platform/drivers/src/lpspi/lpspi_slave_driver.o
 .debug_info    0x000073ba      0x9d5 ./SDK/platform/drivers/src/lpspi/lpspi_shared_function.o
 .debug_info    0x00007d8f     0x1495 ./SDK/platform/drivers/src/lpspi/lpspi_master_driver.o
 .debug_info    0x00009224       0x8f ./SDK/platform/drivers/src/lpspi/lpspi_irq.o
 .debug_info    0x000092b3     0x102a ./SDK/platform/drivers/src/lpspi/lpspi_hw_access.o
 .debug_info    0x0000a2dd     0x12d0 ./SDK/platform/drivers/src/lpit/lpit_driver.o
 .debug_info    0x0000b5ad      0x67e ./SDK/platform/drivers/src/interrupt/interrupt_manager.o
 .debug_info    0x0000bc2b       0x99 ./SDK/platform/drivers/src/flexcan/flexcan_irq.o
 .debug_info    0x0000bcc4     0x1719 ./SDK/platform/drivers/src/flexcan/flexcan_hw_access.o
 .debug_info    0x0000d3dd     0x25d2 ./SDK/platform/drivers/src/flexcan/flexcan_driver.o
 .debug_info    0x0000f9af      0x50b ./SDK/platform/drivers/src/edma/edma_irq.o
 .debug_info    0x0000feba      0x8f6 ./SDK/platform/drivers/src/edma/edma_hw_access.o
 .debug_info    0x000107b0     0x2779 ./SDK/platform/drivers/src/edma/edma_driver.o
 .debug_info    0x00012f29     0x1157 ./SDK/platform/drivers/src/clock/clock_manager.o
 .debug_info    0x00014080     0x32af ./SDK/platform/drivers/src/clock/S32K1xx/clock_S32K1xx.o
 .debug_info    0x0001732f      0x380 ./SDK/platform/devices/startup.o
 .debug_info    0x000176af      0x3d8 ./SDK/platform/devices/S32K116/startup/system_S32K116.o
 .debug_info    0x00017a87       0xae ./Project_Settings/Startup_Code/startup_S32K116.o
 .debug_info    0x00017b35      0x3d2 ./Generated_Code/pin_mux.o
 .debug_info    0x00017f07      0x6ee ./Generated_Code/lpuart1.o
 .debug_info    0x000185f5      0x5f5 ./Generated_Code/lpspiCom1.o
 .debug_info    0x00018bea      0x33e ./Generated_Code/lpit1.o
 .debug_info    0x00018f28     0x1036 ./Generated_Code/clockMan1.o
 .debug_info    0x00019f5e      0x5cd ./Generated_Code/canCom1.o
 .debug_info    0x0001a52b      0x10f C:/NXP/S32DS_ARM_v2018.R1/S32DS/arm_ewl2/lib/armv6-m\libc99.a(memcpy.o)

.debug_abbrev   0x00000000     0x2e29
 .debug_abbrev  0x00000000      0x224 ./Sources/main.o
 .debug_abbrev  0x00000224      0x1fc ./SDK/rtos/osif/osif_baremetal.o
 .debug_abbrev  0x00000420      0x144 ./SDK/platform/drivers/src/pins/pins_port_hw_access.o
 .debug_abbrev  0x00000564      0x234 ./SDK/platform/drivers/src/pins/pins_driver.o
 .debug_abbrev  0x00000798       0x85 ./SDK/platform/drivers/src/lpuart/lpuart_irq.o
 .debug_abbrev  0x0000081d      0x156 ./SDK/platform/drivers/src/lpuart/lpuart_hw_access.o
 .debug_abbrev  0x00000973      0x23e ./SDK/platform/drivers/src/lpuart/lpuart_driver.o
 .debug_abbrev  0x00000bb1      0x205 ./SDK/platform/drivers/src/lpspi/lpspi_slave_driver.o
 .debug_abbrev  0x00000db6      0x1cb ./SDK/platform/drivers/src/lpspi/lpspi_shared_function.o
 .debug_abbrev  0x00000f81      0x21f ./SDK/platform/drivers/src/lpspi/lpspi_master_driver.o
 .debug_abbrev  0x000011a0       0x45 ./SDK/platform/drivers/src/lpspi/lpspi_irq.o
 .debug_abbrev  0x000011e5      0x215 ./SDK/platform/drivers/src/lpspi/lpspi_hw_access.o
 .debug_abbrev  0x000013fa      0x1f5 ./SDK/platform/drivers/src/lpit/lpit_driver.o
 .debug_abbrev  0x000015ef      0x199 ./SDK/platform/drivers/src/interrupt/interrupt_manager.o
 .debug_abbrev  0x00001788       0x45 ./SDK/platform/drivers/src/flexcan/flexcan_irq.o
 .debug_abbrev  0x000017cd      0x288 ./SDK/platform/drivers/src/flexcan/flexcan_hw_access.o
 .debug_abbrev  0x00001a55      0x2d1 ./SDK/platform/drivers/src/flexcan/flexcan_driver.o
 .debug_abbrev  0x00001d26      0x169 ./SDK/platform/drivers/src/edma/edma_irq.o
 .debug_abbrev  0x00001e8f      0x1cc ./SDK/platform/drivers/src/edma/edma_hw_access.o
 .debug_abbrev  0x0000205b      0x28c ./SDK/platform/drivers/src/edma/edma_driver.o
 .debug_abbrev  0x000022e7      0x16b ./SDK/platform/drivers/src/clock/clock_manager.o
 .debug_abbrev  0x00002452      0x22f ./SDK/platform/drivers/src/clock/S32K1xx/clock_S32K1xx.o
 .debug_abbrev  0x00002681      0x101 ./SDK/platform/devices/startup.o
 .debug_abbrev  0x00002782      0x132 ./SDK/platform/devices/S32K116/startup/system_S32K116.o
 .debug_abbrev  0x000028b4       0x14 ./Project_Settings/Startup_Code/startup_S32K116.o
 .debug_abbrev  0x000028c8       0xbe ./Generated_Code/pin_mux.o
 .debug_abbrev  0x00002986       0xb4 ./Generated_Code/lpuart1.o
 .debug_abbrev  0x00002a3a       0xc3 ./Generated_Code/lpspiCom1.o
 .debug_abbrev  0x00002afd       0x8d ./Generated_Code/lpit1.o
 .debug_abbrev  0x00002b8a      0x10a ./Generated_Code/clockMan1.o
 .debug_abbrev  0x00002c94      0x100 ./Generated_Code/canCom1.o
 .debug_abbrev  0x00002d94       0x95 C:/NXP/S32DS_ARM_v2018.R1/S32DS/arm_ewl2/lib/armv6-m\libc99.a(memcpy.o)

.debug_aranges  0x00000000     0x14e0
 .debug_aranges
                0x00000000       0x58 ./Sources/main.o
 .debug_aranges
                0x00000058       0x98 ./SDK/rtos/osif/osif_baremetal.o
 .debug_aranges
                0x000000f0       0x38 ./SDK/platform/drivers/src/pins/pins_port_hw_access.o
 .debug_aranges
                0x00000128      0x170 ./SDK/platform/drivers/src/pins/pins_driver.o
 .debug_aranges
                0x00000298       0x28 ./SDK/platform/drivers/src/lpuart/lpuart_irq.o
 .debug_aranges
                0x000002c0       0x70 ./SDK/platform/drivers/src/lpuart/lpuart_hw_access.o
 .debug_aranges
                0x00000330      0x150 ./SDK/platform/drivers/src/lpuart/lpuart_driver.o
 .debug_aranges
                0x00000480       0x90 ./SDK/platform/drivers/src/lpspi/lpspi_slave_driver.o
 .debug_aranges
                0x00000510       0x70 ./SDK/platform/drivers/src/lpspi/lpspi_shared_function.o
 .debug_aranges
                0x00000580       0xe0 ./SDK/platform/drivers/src/lpspi/lpspi_master_driver.o
 .debug_aranges
                0x00000660       0x20 ./SDK/platform/drivers/src/lpspi/lpspi_irq.o
 .debug_aranges
                0x00000680       0xd8 ./SDK/platform/drivers/src/lpspi/lpspi_hw_access.o
 .debug_aranges
                0x00000758      0x140 ./SDK/platform/drivers/src/lpit/lpit_driver.o
 .debug_aranges
                0x00000898       0x68 ./SDK/platform/drivers/src/interrupt/interrupt_manager.o
 .debug_aranges
                0x00000900       0x28 ./SDK/platform/drivers/src/flexcan/flexcan_irq.o
 .debug_aranges
                0x00000928      0x140 ./SDK/platform/drivers/src/flexcan/flexcan_hw_access.o
 .debug_aranges
                0x00000a68      0x260 ./SDK/platform/drivers/src/flexcan/flexcan_driver.o
 .debug_aranges
                0x00000cc8       0xa8 ./SDK/platform/drivers/src/edma/edma_irq.o
 .debug_aranges
                0x00000d70       0x88 ./SDK/platform/drivers/src/edma/edma_hw_access.o
 .debug_aranges
                0x00000df8      0x220 ./SDK/platform/drivers/src/edma/edma_driver.o
 .debug_aranges
                0x00001018       0x38 ./SDK/platform/drivers/src/clock/clock_manager.o
 .debug_aranges
                0x00001050      0x370 ./SDK/platform/drivers/src/clock/S32K1xx/clock_S32K1xx.o
 .debug_aranges
                0x000013c0       0x20 ./SDK/platform/devices/startup.o
 .debug_aranges
                0x000013e0       0x30 ./SDK/platform/devices/S32K116/startup/system_S32K116.o
 .debug_aranges
                0x00001410       0x20 ./Project_Settings/Startup_Code/startup_S32K116.o
 .debug_aranges
                0x00001430       0x18 ./Generated_Code/pin_mux.o
 .debug_aranges
                0x00001448       0x18 ./Generated_Code/lpuart1.o
 .debug_aranges
                0x00001460       0x18 ./Generated_Code/lpspiCom1.o
 .debug_aranges
                0x00001478       0x18 ./Generated_Code/lpit1.o
 .debug_aranges
                0x00001490       0x18 ./Generated_Code/clockMan1.o
 .debug_aranges
                0x000014a8       0x18 ./Generated_Code/canCom1.o
 .debug_aranges
                0x000014c0       0x20 C:/NXP/S32DS_ARM_v2018.R1/S32DS/arm_ewl2/lib/armv6-m\libc99.a(memcpy.o)

.debug_ranges   0x00000000     0x1290
 .debug_ranges  0x00000000       0x48 ./Sources/main.o
 .debug_ranges  0x00000048       0x88 ./SDK/rtos/osif/osif_baremetal.o
 .debug_ranges  0x000000d0       0x28 ./SDK/platform/drivers/src/pins/pins_port_hw_access.o
 .debug_ranges  0x000000f8      0x160 ./SDK/platform/drivers/src/pins/pins_driver.o
 .debug_ranges  0x00000258       0x18 ./SDK/platform/drivers/src/lpuart/lpuart_irq.o
 .debug_ranges  0x00000270       0x60 ./SDK/platform/drivers/src/lpuart/lpuart_hw_access.o
 .debug_ranges  0x000002d0      0x140 ./SDK/platform/drivers/src/lpuart/lpuart_driver.o
 .debug_ranges  0x00000410       0x80 ./SDK/platform/drivers/src/lpspi/lpspi_slave_driver.o
 .debug_ranges  0x00000490       0x60 ./SDK/platform/drivers/src/lpspi/lpspi_shared_function.o
 .debug_ranges  0x000004f0       0xd0 ./SDK/platform/drivers/src/lpspi/lpspi_master_driver.o
 .debug_ranges  0x000005c0       0x10 ./SDK/platform/drivers/src/lpspi/lpspi_irq.o
 .debug_ranges  0x000005d0       0xc8 ./SDK/platform/drivers/src/lpspi/lpspi_hw_access.o
 .debug_ranges  0x00000698      0x130 ./SDK/platform/drivers/src/lpit/lpit_driver.o
 .debug_ranges  0x000007c8       0x58 ./SDK/platform/drivers/src/interrupt/interrupt_manager.o
 .debug_ranges  0x00000820       0x18 ./SDK/platform/drivers/src/flexcan/flexcan_irq.o
 .debug_ranges  0x00000838      0x130 ./SDK/platform/drivers/src/flexcan/flexcan_hw_access.o
 .debug_ranges  0x00000968      0x250 ./SDK/platform/drivers/src/flexcan/flexcan_driver.o
 .debug_ranges  0x00000bb8       0x98 ./SDK/platform/drivers/src/edma/edma_irq.o
 .debug_ranges  0x00000c50       0x78 ./SDK/platform/drivers/src/edma/edma_hw_access.o
 .debug_ranges  0x00000cc8      0x210 ./SDK/platform/drivers/src/edma/edma_driver.o
 .debug_ranges  0x00000ed8       0x28 ./SDK/platform/drivers/src/clock/clock_manager.o
 .debug_ranges  0x00000f00      0x360 ./SDK/platform/drivers/src/clock/S32K1xx/clock_S32K1xx.o
 .debug_ranges  0x00001260       0x10 ./SDK/platform/devices/startup.o
 .debug_ranges  0x00001270       0x20 ./SDK/platform/devices/S32K116/startup/system_S32K116.o

.debug_macro    0x00000000    0x1d669
 .debug_macro   0x00000000      0x236 ./Sources/main.o
 .debug_macro   0x00000236      0x81a ./Sources/main.o
 .debug_macro   0x00000a50       0x52 ./Sources/main.o
 .debug_macro   0x00000aa2       0xa0 ./Sources/main.o
 .debug_macro   0x00000b42       0x16 ./Sources/main.o
 .debug_macro   0x00000b58       0x10 ./Sources/main.o
 .debug_macro   0x00000b68       0x6b ./Sources/main.o
 .debug_macro   0x00000bd3       0x16 ./Sources/main.o
 .debug_macro   0x00000be9       0x64 ./Sources/main.o
 .debug_macro   0x00000c4d      0x185 ./Sources/main.o
 .debug_macro   0x00000dd2      0x140 ./Sources/main.o
 .debug_macro   0x00000f12       0x9d ./Sources/main.o
 .debug_macro   0x00000faf       0x10 ./Sources/main.o
 .debug_macro   0x00000fbf      0x15b ./Sources/main.o
 .debug_macro   0x0000111a       0x28 ./Sources/main.o
 .debug_macro   0x00001142       0x58 ./Sources/main.o
 .debug_macro   0x0000119a     0xc62a ./Sources/main.o
 .debug_macro   0x0000d7c4      0x8b1 ./Sources/main.o
 .debug_macro   0x0000e075       0x22 ./Sources/main.o
 .debug_macro   0x0000e097       0x71 ./Sources/main.o
 .debug_macro   0x0000e108       0x16 ./Sources/main.o
 .debug_macro   0x0000e11e       0x16 ./Sources/main.o
 .debug_macro   0x0000e134       0x16 ./Sources/main.o
 .debug_macro   0x0000e14a       0x16 ./Sources/main.o
 .debug_macro   0x0000e160       0x10 ./Sources/main.o
 .debug_macro   0x0000e170       0x1c ./Sources/main.o
 .debug_macro   0x0000e18c       0x22 ./Sources/main.o
 .debug_macro   0x0000e1ae       0x16 ./Sources/main.o
 .debug_macro   0x0000e1c4       0x16 ./Sources/main.o
 .debug_macro   0x0000e1da       0x10 ./Sources/main.o
 .debug_macro   0x0000e1ea       0x10 ./Sources/main.o
 .debug_macro   0x0000e1fa       0x10 ./Sources/main.o
 .debug_macro   0x0000e20a      0x14f ./SDK/rtos/osif/osif_baremetal.o
 .debug_macro   0x0000e359     0xc63c ./SDK/rtos/osif/osif_baremetal.o
 .debug_macro   0x0001a995      0x135 ./SDK/platform/drivers/src/pins/pins_port_hw_access.o
 .debug_macro   0x0001aaca      0x1af ./SDK/platform/drivers/src/pins/pins_port_hw_access.o
 .debug_macro   0x0001ac79      0x13b ./SDK/platform/drivers/src/pins/pins_driver.o
 .debug_macro   0x0001adb4       0xee ./SDK/platform/drivers/src/lpuart/lpuart_irq.o
 .debug_macro   0x0001aea2      0x156 ./SDK/platform/drivers/src/lpuart/lpuart_hw_access.o
 .debug_macro   0x0001aff8       0x1c ./SDK/platform/drivers/src/lpuart/lpuart_hw_access.o
 .debug_macro   0x0001b014       0x34 ./SDK/platform/drivers/src/lpuart/lpuart_hw_access.o
 .debug_macro   0x0001b048      0x170 ./SDK/platform/drivers/src/lpuart/lpuart_driver.o
 .debug_macro   0x0001b1b8       0x10 ./SDK/platform/drivers/src/lpuart/lpuart_driver.o
 .debug_macro   0x0001b1c8      0x1a0 ./SDK/platform/drivers/src/lpspi/lpspi_slave_driver.o
 .debug_macro   0x0001b368       0x10 ./SDK/platform/drivers/src/lpspi/lpspi_slave_driver.o
 .debug_macro   0x0001b378      0x172 ./SDK/platform/drivers/src/lpspi/lpspi_shared_function.o
 .debug_macro   0x0001b4ea      0x1a6 ./SDK/platform/drivers/src/lpspi/lpspi_master_driver.o
 .debug_macro   0x0001b690      0x173 ./SDK/platform/drivers/src/lpspi/lpspi_irq.o
 .debug_macro   0x0001b803      0x154 ./SDK/platform/drivers/src/lpspi/lpspi_hw_access.o
 .debug_macro   0x0001b957      0x141 ./SDK/platform/drivers/src/lpit/lpit_driver.o
 .debug_macro   0x0001ba98       0x16 ./SDK/platform/drivers/src/lpit/lpit_driver.o
 .debug_macro   0x0001baae       0xe4 ./SDK/platform/drivers/src/interrupt/interrupt_manager.o
 .debug_macro   0x0001bb92       0xe4 ./SDK/platform/drivers/src/flexcan/flexcan_irq.o
 .debug_macro   0x0001bc76      0x235 ./SDK/platform/drivers/src/flexcan/flexcan_hw_access.o
 .debug_macro   0x0001beab       0xcb ./SDK/platform/drivers/src/flexcan/flexcan_hw_access.o
 .debug_macro   0x0001bf76      0x174 ./SDK/platform/drivers/src/flexcan/flexcan_driver.o
 .debug_macro   0x0001c0ea      0x12e ./SDK/platform/drivers/src/edma/edma_irq.o
 .debug_macro   0x0001c218      0x12a ./SDK/platform/drivers/src/edma/edma_hw_access.o
 .debug_macro   0x0001c342      0x14b ./SDK/platform/drivers/src/edma/edma_driver.o
 .debug_macro   0x0001c48d      0x134 ./SDK/platform/drivers/src/clock/clock_manager.o
 .debug_macro   0x0001c5c1      0x2ac ./SDK/platform/drivers/src/clock/S32K1xx/clock_S32K1xx.o
 .debug_macro   0x0001c86d       0xe4 ./SDK/platform/devices/startup.o
 .debug_macro   0x0001c951       0xe3 ./SDK/platform/devices/S32K116/startup/system_S32K116.o
 .debug_macro   0x0001ca34      0x13a ./Generated_Code/pin_mux.o
 .debug_macro   0x0001cb6e      0x22d ./Generated_Code/lpuart1.o
 .debug_macro   0x0001cd9b       0x1c ./Generated_Code/lpuart1.o
 .debug_macro   0x0001cdb7       0x10 ./Generated_Code/lpuart1.o
 .debug_macro   0x0001cdc7      0x22d ./Generated_Code/lpspiCom1.o
 .debug_macro   0x0001cff4      0x22d ./Generated_Code/lpit1.o
 .debug_macro   0x0001d221      0x222 ./Generated_Code/clockMan1.o
 .debug_macro   0x0001d443      0x226 ./Generated_Code/canCom1.o

.debug_line     0x00000000     0xca57
 .debug_line    0x00000000      0x6e7 ./Sources/main.o
 .debug_line    0x000006e7      0x55e ./SDK/rtos/osif/osif_baremetal.o
 .debug_line    0x00000c45      0x45f ./SDK/platform/drivers/src/pins/pins_port_hw_access.o
 .debug_line    0x000010a4      0x73a ./SDK/platform/drivers/src/pins/pins_driver.o
 .debug_line    0x000017de      0x373 ./SDK/platform/drivers/src/lpuart/lpuart_irq.o
 .debug_line    0x00001b51      0x5e1 ./SDK/platform/drivers/src/lpuart/lpuart_hw_access.o
 .debug_line    0x00002132      0x9c3 ./SDK/platform/drivers/src/lpuart/lpuart_driver.o
 .debug_line    0x00002af5      0x70a ./SDK/platform/drivers/src/lpspi/lpspi_slave_driver.o
 .debug_line    0x000031ff      0x620 ./SDK/platform/drivers/src/lpspi/lpspi_shared_function.o
 .debug_line    0x0000381f      0x834 ./SDK/platform/drivers/src/lpspi/lpspi_master_driver.o
 .debug_line    0x00004053      0x4b5 ./SDK/platform/drivers/src/lpspi/lpspi_irq.o
 .debug_line    0x00004508      0x746 ./SDK/platform/drivers/src/lpspi/lpspi_hw_access.o
 .debug_line    0x00004c4e      0x7f7 ./SDK/platform/drivers/src/lpit/lpit_driver.o
 .debug_line    0x00005445      0x46b ./SDK/platform/drivers/src/interrupt/interrupt_manager.o
 .debug_line    0x000058b0      0x311 ./SDK/platform/drivers/src/flexcan/flexcan_irq.o
 .debug_line    0x00005bc1      0xacc ./SDK/platform/drivers/src/flexcan/flexcan_hw_access.o
 .debug_line    0x0000668d      0xc60 ./SDK/platform/drivers/src/flexcan/flexcan_driver.o
 .debug_line    0x000072ed      0x519 ./SDK/platform/drivers/src/edma/edma_irq.o
 .debug_line    0x00007806      0x56e ./SDK/platform/drivers/src/edma/edma_hw_access.o
 .debug_line    0x00007d74      0xd24 ./SDK/platform/drivers/src/edma/edma_driver.o
 .debug_line    0x00008a98      0x4c1 ./SDK/platform/drivers/src/clock/clock_manager.o
 .debug_line    0x00008f59     0x1375 ./SDK/platform/drivers/src/clock/S32K1xx/clock_S32K1xx.o
 .debug_line    0x0000a2ce      0x270 ./SDK/platform/devices/startup.o
 .debug_line    0x0000a53e      0x34b ./SDK/platform/devices/S32K116/startup/system_S32K116.o
 .debug_line    0x0000a889       0x92 ./Project_Settings/Startup_Code/startup_S32K116.o
 .debug_line    0x0000a91b      0x37e ./Generated_Code/pin_mux.o
 .debug_line    0x0000ac99      0x5d6 ./Generated_Code/lpuart1.o
 .debug_line    0x0000b26f      0x5d8 ./Generated_Code/lpspiCom1.o
 .debug_line    0x0000b847      0x5d4 ./Generated_Code/lpit1.o
 .debug_line    0x0000be1b      0x5d8 ./Generated_Code/clockMan1.o
 .debug_line    0x0000c3f3      0x5d6 ./Generated_Code/canCom1.o
 .debug_line    0x0000c9c9       0x8e C:/NXP/S32DS_ARM_v2018.R1/S32DS/arm_ewl2/lib/armv6-m\libc99.a(memcpy.o)

.debug_str      0x00000000    0x62ca8
 .debug_str     0x00000000    0x5acb7 ./Sources/main.o
                              0x5adc7 (size before relaxing)
 .debug_str     0x0005acb7      0x1f1 ./SDK/rtos/osif/osif_baremetal.o
                              0x58761 (size before relaxing)
 .debug_str     0x0005aea8      0x16c ./SDK/platform/drivers/src/pins/pins_port_hw_access.o
                              0x585a6 (size before relaxing)
 .debug_str     0x0005b014      0x493 ./SDK/platform/drivers/src/pins/pins_driver.o
                              0x589ba (size before relaxing)
 .debug_str     0x0005b4a7       0x72 ./SDK/platform/drivers/src/lpuart/lpuart_irq.o
                              0x5777a (size before relaxing)
 .debug_str     0x0005b519      0x586 ./SDK/platform/drivers/src/lpuart/lpuart_hw_access.o
                              0x587ed (size before relaxing)
 .debug_str     0x0005ba9f      0x6ab ./SDK/platform/drivers/src/lpuart/lpuart_driver.o
                              0x5961b (size before relaxing)
 .debug_str     0x0005c14a      0x550 ./SDK/platform/drivers/src/lpspi/lpspi_slave_driver.o
                              0x591bd (size before relaxing)
 .debug_str     0x0005c69a      0x1cd ./SDK/platform/drivers/src/lpspi/lpspi_shared_function.o
                              0x58549 (size before relaxing)
 .debug_str     0x0005c867      0x390 ./SDK/platform/drivers/src/lpspi/lpspi_master_driver.o
                              0x59458 (size before relaxing)
 .debug_str     0x0005cbf7       0x40 ./SDK/platform/drivers/src/lpspi/lpspi_irq.o
                              0x57b64 (size before relaxing)
 .debug_str     0x0005cc37      0x50e ./SDK/platform/drivers/src/lpspi/lpspi_hw_access.o
                              0x58fed (size before relaxing)
 .debug_str     0x0005d145      0x5b7 ./SDK/platform/drivers/src/lpit/lpit_driver.o
                              0x58fbb (size before relaxing)
 .debug_str     0x0005d6fc      0x1f8 ./SDK/platform/drivers/src/interrupt/interrupt_manager.o
                              0x57b69 (size before relaxing)
 .debug_str     0x0005d8f4       0x7e ./SDK/platform/drivers/src/flexcan/flexcan_irq.o
                              0x5776b (size before relaxing)
 .debug_str     0x0005d972     0x135d ./SDK/platform/drivers/src/flexcan/flexcan_hw_access.o
                              0x5973c (size before relaxing)
 .debug_str     0x0005eccf      0x8ff ./SDK/platform/drivers/src/flexcan/flexcan_driver.o
                              0x59e29 (size before relaxing)
 .debug_str     0x0005f5ce      0x22b ./SDK/platform/drivers/src/edma/edma_irq.o
                              0x57b8a (size before relaxing)
 .debug_str     0x0005f7f9      0x3fc ./SDK/platform/drivers/src/edma/edma_hw_access.o
                              0x57e85 (size before relaxing)
 .debug_str     0x0005fbf5      0xf91 ./SDK/platform/drivers/src/edma/edma_driver.o
                              0x59d53 (size before relaxing)
 .debug_str     0x00060b86      0x19a ./SDK/platform/drivers/src/clock/clock_manager.o
                              0x59630 (size before relaxing)
 .debug_str     0x00060d20     0x1b57 ./SDK/platform/drivers/src/clock/S32K1xx/clock_S32K1xx.o
                              0x5aec8 (size before relaxing)
 .debug_str     0x00062877      0x119 ./SDK/platform/devices/startup.o
                              0x57890 (size before relaxing)
 .debug_str     0x00062990       0xb1 ./SDK/platform/devices/S32K116/startup/system_S32K116.o
                              0x57927 (size before relaxing)
 .debug_str     0x00062a41       0x1c ./Generated_Code/pin_mux.o
                              0x57c58 (size before relaxing)
 .debug_str     0x00062a5d       0x1c ./Generated_Code/lpuart1.o
                              0x58bac (size before relaxing)
 .debug_str     0x00062a79       0x35 ./Generated_Code/lpspiCom1.o
                              0x5840a (size before relaxing)
 .debug_str     0x00062aae       0x1a ./Generated_Code/lpit1.o
                              0x58299 (size before relaxing)
 .debug_str     0x00062ac8       0x4b ./Generated_Code/clockMan1.o
                              0x59882 (size before relaxing)
 .debug_str     0x00062b13       0x1c ./Generated_Code/canCom1.o
                              0x586e7 (size before relaxing)
 .debug_str     0x00062b2f      0x179 C:/NXP/S32DS_ARM_v2018.R1/S32DS/arm_ewl2/lib/armv6-m\libc99.a(memcpy.o)
                                0x217 (size before relaxing)

.comment        0x00000000       0x70
 .comment       0x00000000       0x70 ./Sources/main.o
                                 0x71 (size before relaxing)
 .comment       0x00000000       0x71 ./SDK/rtos/osif/osif_baremetal.o
 .comment       0x00000000       0x71 ./SDK/platform/drivers/src/pins/pins_port_hw_access.o
 .comment       0x00000000       0x71 ./SDK/platform/drivers/src/pins/pins_driver.o
 .comment       0x00000000       0x71 ./SDK/platform/drivers/src/lpuart/lpuart_irq.o
 .comment       0x00000000       0x71 ./SDK/platform/drivers/src/lpuart/lpuart_hw_access.o
 .comment       0x00000000       0x71 ./SDK/platform/drivers/src/lpuart/lpuart_driver.o
 .comment       0x00000000       0x71 ./SDK/platform/drivers/src/lpspi/lpspi_slave_driver.o
 .comment       0x00000000       0x71 ./SDK/platform/drivers/src/lpspi/lpspi_shared_function.o
 .comment       0x00000000       0x71 ./SDK/platform/drivers/src/lpspi/lpspi_master_driver.o
 .comment       0x00000000       0x71 ./SDK/platform/drivers/src/lpspi/lpspi_irq.o
 .comment       0x00000000       0x71 ./SDK/platform/drivers/src/lpspi/lpspi_hw_access.o
 .comment       0x00000000       0x71 ./SDK/platform/drivers/src/lpit/lpit_driver.o
 .comment       0x00000000       0x71 ./SDK/platform/drivers/src/interrupt/interrupt_manager.o
 .comment       0x00000000       0x71 ./SDK/platform/drivers/src/flexcan/flexcan_irq.o
 .comment       0x00000000       0x71 ./SDK/platform/drivers/src/flexcan/flexcan_hw_access.o
 .comment       0x00000000       0x71 ./SDK/platform/drivers/src/flexcan/flexcan_driver.o
 .comment       0x00000000       0x71 ./SDK/platform/drivers/src/edma/edma_irq.o
 .comment       0x00000000       0x71 ./SDK/platform/drivers/src/edma/edma_hw_access.o
 .comment       0x00000000       0x71 ./SDK/platform/drivers/src/edma/edma_driver.o
 .comment       0x00000000       0x71 ./SDK/platform/drivers/src/clock/clock_manager.o
 .comment       0x00000000       0x71 ./SDK/platform/drivers/src/clock/S32K1xx/clock_S32K1xx.o
 .comment       0x00000000       0x71 ./SDK/platform/devices/startup.o