Archive member included because of file (symbol)

C:/NXP/S32DS_ARM_v2018.R1/S32DS/arm_ewl2/lib/armv6-m\libc99.a(exit.o)
                              C:/NXP/S32DS_ARM_v2018.R1/S32DS/arm_ewl2/lib/armv6-m/__arm_start.o (exit)
C:/NXP/S32DS_ARM_v2018.R1/S32DS/arm_ewl2/lib/armv6-m\libc99.a(memcpy.o)
                              ./SDK/platform/drivers/src/lpit/lpit_driver.o (memcpy)
C:/NXP/S32DS_ARM_v2018.R1/S32DS/arm_ewl2/lib/armv6-m\libc99.a(memset.o)
                              C:/NXP/S32DS_ARM_v2018.R1/S32DS/arm_ewl2/lib/armv6-m/__arm_start.o (memset)
C:/NXP/S32DS_ARM_v2018.R1/S32DS/arm_ewl2/lib/armv6-m\libc99.a(__filll_mem.o)
                              C:/NXP/S32DS_ARM_v2018.R1/S32DS/arm_ewl2/lib/armv6-m\libc99.a(memset.o) (__fill_mem)
c:/nxp/s32ds_arm_v2018.r1/cross_tools/gcc-arm-none-eabi-4_9/bin/../lib/gcc/arm-none-eabi/4.9.3/armv6-m\libgcc.a(_udivsi3.o)
                              ./Sources/main.o (__aeabi_uidiv)
c:/nxp/s32ds_arm_v2018.r1/cross_tools/gcc-arm-none-eabi-4_9/bin/../lib/gcc/arm-none-eabi/4.9.3/armv6-m\libgcc.a(_divsi3.o)
                              ./SDK/platform/drivers/src/lpspi/lpspi_shared_function.o (__aeabi_idivmod)
c:/nxp/s32ds_arm_v2018.r1/cross_tools/gcc-arm-none-eabi-4_9/bin/../lib/gcc/arm-none-eabi/4.9.3/armv6-m\libgcc.a(_dvmd_tls.o)
                              c:/nxp/s32ds_arm_v2018.r1/cross_tools/gcc-arm-none-eabi-4_9/bin/../lib/gcc/arm-none-eabi/4.9.3/armv6-m\libgcc.a(_udivsi3.o) (__aeabi_idiv0)
c:/nxp/s32ds_arm_v2018.r1/cross_tools/gcc-arm-none-eabi-4_9/bin/../lib/gcc/arm-none-eabi/4.9.3/armv6-m\libgcc.a(_aeabi_uldivmod.o)
                              ./SDK/platform/drivers/src/lpit/lpit_driver.o (__aeabi_uldivmod)
c:/nxp/s32ds_arm_v2018.r1/cross_tools/gcc-arm-none-eabi-4_9/bin/../lib/gcc/arm-none-eabi/4.9.3/armv6-m\libgcc.a(_muldi3.o)
                              ./SDK/platform/drivers/src/lpit/lpit_driver.o (__aeabi_lmul)
c:/nxp/s32ds_arm_v2018.r1/cross_tools/gcc-arm-none-eabi-4_9/bin/../lib/gcc/arm-none-eabi/4.9.3/armv6-m\libgcc.a(bpabi.o)
                              c:/nxp/s32ds_arm_v2018.r1/cross_tools/gcc-arm-none-eabi-4_9/bin/../lib/gcc/arm-none-eabi/4.9.3/armv6-m\libgcc.a(_aeabi_uldivmod.o) (__gnu_uldivmod_helper)
c:/nxp/s32ds_arm_v2018.r1/cross_tools/gcc-arm-none-eabi-4_9/bin/../lib/gcc/arm-none-eabi/4.9.3/armv6-m\libgcc.a(_divdi3.o)
                              c:/nxp/s32ds_arm_v2018.r1/cross_tools/gcc-arm-none-eabi-4_9/bin/../lib/gcc/arm-none-eabi/4.9.3/armv6-m\libgcc.a(bpabi.o) (__divdi3)
c:/nxp/s32ds_arm_v2018.r1/cross_tools/gcc-arm-none-eabi-4_9/bin/../lib/gcc/arm-none-eabi/4.9.3/armv6-m\libgcc.a(_udivdi3.o)
                              c:/nxp/s32ds_arm_v2018.r1/cross_tools/gcc-arm-none-eabi-4_9/bin/../lib/gcc/arm-none-eabi/4.9.3/armv6-m\libgcc.a(bpabi.o) (__udivdi3)
c:/nxp/s32ds_arm_v2018.r1/cross_tools/gcc-arm-none-eabi-4_9/bin/../lib/gcc/arm-none-eabi/4.9.3/armv6-m\libgcc.a(_clzdi2.o)
                              c:/nxp/s32ds_arm_v2018.r1/cross_tools/gcc-arm-none-eabi-4_9/bin/../lib/gcc/arm-none-eabi/4.9.3/armv6-m\libgcc.a(_divdi3.o) (__clzdi2)
c:/nxp/s32ds_arm_v2018.r1/cross_tools/gcc-arm-none-eabi-4_9/bin/../lib/gcc/arm-none-eabi/4.9.3/armv6-m\libgcc.a(_clzsi2.o)
                              c:/nxp/s32ds_arm_v2018.r1/cross_tools/gcc-arm-none-eabi-4_9/bin/../lib/gcc/arm-none-eabi/4.9.3/armv6-m\libgcc.a(_clzdi2.o) (__clzsi2)
C:/NXP/S32DS_ARM_v2018.R1/S32DS/arm_ewl2/lib/armv6-m\librt.a(gcc_ctor_dtor.o)
                              C:/NXP/S32DS_ARM_v2018.R1/S32DS/arm_ewl2/lib/armv6-m/__arm_start.o (__init_cpp)
C:/NXP/S32DS_ARM_v2018.R1/S32DS/arm_ewl2/lib/armv6-m\librt.a(__arm_eabi_init.o)
                              C:/NXP/S32DS_ARM_v2018.R1/S32DS/arm_ewl2/lib/armv6-m\libc99.a(exit.o) (__destroy_global_chain)
C:/NXP/S32DS_ARM_v2018.R1/S32DS/arm_ewl2/lib/armv6-m\librt.a(ROMCopy.o)
                              C:/NXP/S32DS_ARM_v2018.R1/S32DS/arm_ewl2/lib/armv6-m/__arm_start.o (__copy_rom_sections_to_ram)

Allocating common symbols
Common symbol       size              file

lpuart1_State       0x34              ./Generated_Code/lpuart1.o
g_xtal0ClkFreq      0x4               ./SDK/platform/drivers/src/clock/S32K1xx/clock_S32K1xx.o
canCom1_State       0x10c             ./Generated_Code/canCom1.o
g_RtcClkInFreq      0x4               ./SDK/platform/drivers/src/clock/S32K1xx/clock_S32K1xx.o
data                0x4c              ./Sources/main.o
g_TClkFreq          0xc               ./SDK/platform/drivers/src/clock/S32K1xx/clock_S32K1xx.o
lpspiCom1State      0x34              ./Generated_Code/lpspiCom1.o
dmaController1_State
                    0x10              ./Generated_Code/dmaController1.o
dmaController1Chn0_State
                    0x10              ./Generated_Code/dmaController1.o

Discarded input sections

 .text          0x00000000        0x0 C:/NXP/S32DS_ARM_v2018.R1/S32DS/arm_ewl2/lib/armv6-m/__arm_start.o
[...]
Memory Configuration

Name             Origin             Length             Attributes
m_interrupts     0x00000000         0x000000c0         xr
m_flash_config   0x00000400         0x00000010         xr
m_text           0x00000410         0x0001fbf0         xr
m_data           0x20000000         0x000020c0         rw
m_data_2         0x200020c0         0x00001740         rw
*default*        0x00000000         0xffffffff

Linker script and memory map

LOAD C:/NXP/S32DS_ARM_v2018.R1/S32DS/arm_ewl2/lib/armv6-m/__arm_start.o
LOAD ./Sources/main.o
LOAD ./SDK/rtos/osif/osif_baremetal.o
LOAD ./SDK/platform/drivers/src/pins/pins_port_hw_access.o
LOAD ./SDK/platform/drivers/src/pins/pins_driver.o
LOAD ./SDK/platform/drivers/src/lpuart/lpuart_irq.o
LOAD ./SDK/platform/drivers/src/lpuart/lpuart_hw_access.o
LOAD ./SDK/platform/drivers/src/lpuart/lpuart_driver.o
LOAD ./SDK/platform/drivers/src/lpspi/lpspi_slave_driver.o
LOAD ./SDK/platform/drivers/src/lpspi/lpspi_shared_function.o
LOAD ./SDK/platform/drivers/src/lpspi/lpspi_master_driver.o
LOAD ./SDK/platform/drivers/src/lpspi/lpspi_irq.o
LOAD ./SDK/platform/drivers/src/lpspi/lpspi_hw_access.o
LOAD ./SDK/platform/drivers/src/lpit/lpit_driver.o
LOAD ./SDK/platform/drivers/src/interrupt/interrupt_manager.o
LOAD ./SDK/platform/drivers/src/flexcan/flexcan_irq.o
LOAD ./SDK/platform/drivers/src/flexcan/flexcan_hw_access.o
LOAD ./SDK/platform/drivers/src/flexcan/flexcan_driver.o
LOAD ./SDK/platform/drivers/src/edma/edma_irq.o
LOAD ./SDK/platform/drivers/src/edma/edma_hw_access.o
LOAD ./SDK/platform/drivers/src/edma/edma_driver.o
LOAD ./SDK/platform/drivers/src/clock/clock_manager.o
LOAD ./SDK/platform/drivers/src/clock/S32K1xx/clock_S32K1xx.o
LOAD ./SDK/platform/devices/startup.o
LOAD ./SDK/platform/devices/S32K116/startup/system_S32K116.o
LOAD ./Project_Settings/Startup_Code/startup_S32K116.o
LOAD ./Generated_Code/pin_mux.o
LOAD ./Generated_Code/lpuart1.o
LOAD ./Generated_Code/lpspiCom1.o
LOAD ./Generated_Code/lpit1.o
LOAD ./Generated_Code/dmaController1.o
LOAD ./Generated_Code/clockMan1.o
LOAD ./Generated_Code/canCom1.o
LOAD ./Generated_Code/Cpu.o
START GROUP
LOAD C:/NXP/S32DS_ARM_v2018.R1/S32DS/arm_ewl2/lib/armv6-m\libc99.a
LOAD C:/NXP/S32DS_ARM_v2018.R1/S32DS/arm_ewl2/lib/armv6-m\libm.a
LOAD c:/nxp/s32ds_arm_v2018.r1/cross_tools/gcc-arm-none-eabi-4_9/bin/../lib/gcc/arm-none-eabi/4.9.3/armv6-m\libgcc.a
LOAD C:/NXP/S32DS_ARM_v2018.R1/S32DS/arm_ewl2/lib/armv6-m\librt.a
LOAD C:/NXP/S32DS_ARM_v2018.R1/S32DS/arm_ewl2/lib/armv6-m\libnoio.a
END GROUP
LOAD C:/NXP/S32DS_ARM_v2018.R1/S32DS/arm_ewl2/lib/armv6-m/__arm_end.o
                0x00000200                HEAP_SIZE = DEFINED (__heap_size__)?__heap_size__:0x200
                0x00000200                STACK_SIZE = DEFINED (__stack_size__)?__stack_size__:0x200
                0x000000c0                M_VECTOR_RAM_SIZE = DEFINED (__flash_vector_table__)?0x0:0xc0

.interrupts     0x00000000       0xc0
                0x00000000                __VECTOR_TABLE = .
                0x00000000                . = ALIGN (0x4)
 *(.isr_vector)
 .isr_vector    0x00000000       0xc0 ./Project_Settings/Startup_Code/startup_S32K116.o
                0x00000000                __isr_vector
                0x000000c0                . = ALIGN (0x4)

.flash_config   0x00000400       0x10
                0x00000400                . = ALIGN (0x4)
 *(.FlashConfig)
 .FlashConfig   0x00000400       0x10 ./Project_Settings/Startup_Code/startup_S32K116.o
                0x00000410                . = ALIGN (0x4)

.text           0x00000410     0x84c4
                0x00000410                . = ALIGN (0x4)
 *(.text)
 .text          0x00000410       0x60 ./Project_Settings/Startup_Code/startup_S32K116.o
                0x00000410                Reset_Handler
                0x0000046c                ERM_fault_IRQHandler
                0x0000046c                PendSV_Handler
                0x0000046c                NMI_Handler
                0x0000046c                LPIT0_IRQHandler
                0x0000046c                ADC0_IRQHandler
                0x0000046c                FTM0_Ovf_Reload_IRQHandler
                0x0000046c                FTM1_Ch0_7_IRQHandler
                0x0000046c                DefaultISR
                0x0000046c                SCG_CMU_LVD_LVWSCG_IRQHandler
                0x0000046c                FTM0_Ch0_7_IRQHandler
                0x0000046c                RTC_IRQHandler
                0x0000046c                PDB0_IRQHandler
                0x0000046c                HardFault_Handler
                0x0000046c                Reserved27_IRQHandler
                0x0000046c                LPUART1_RxTx_IRQHandler
                0x0000046c                RTC_Seconds_IRQHandler
                0x0000046c                FTFC_IRQHandler
                0x0000046c                FTM0_Fault_IRQHandler
                0x0000046c                SVC_Handler
                0x0000046c                RCM_IRQHandler
                0x0000046c                FTM1_Fault_IRQHandler
                0x0000046c                LPI2C0_Master_Slave_IRQHandler
                0x0000046c                LPUART0_RxTx_IRQHandler
                0x0000046c                WDOG_IRQHandler
                0x0000046c                LPTMR0_IRQHandler
                0x0000046c                FTM1_Ovf_Reload_IRQHandler
                0x0000046c                CMP0_IRQHandler
                0x0000046c                PORT_IRQHandler
                0x0000046c                FLEXIO_IRQHandler
 .text          0x00000470      0x120 c:/nxp/s32ds_arm_v2018.r1/cross_tools/gcc-arm-none-eabi-4_9/bin/../lib/gcc/arm-none-eabi/4.9.3/armv6-m\libgcc.a(_udivsi3.o)
                0x00000470                __aeabi_uidiv
                0x00000470                __udivsi3
                0x0000057c                __aeabi_uidivmod
 .text          0x00000590      0x1e0 c:/nxp/s32ds_arm_v2018.r1/cross_tools/gcc-arm-none-eabi-4_9/bin/../lib/gcc/arm-none-eabi/4.9.3/armv6-m\libgcc.a(_divsi3.o)
                0x00000590                __divsi3
                0x00000590                __aeabi_idiv
                0x0000075c                __aeabi_idivmod
 .text          0x00000770        0x4 c:/nxp/s32ds_arm_v2018.r1/cross_tools/gcc-arm-none-eabi-4_9/bin/../lib/gcc/arm-none-eabi/4.9.3/armv6-m\libgcc.a(_dvmd_tls.o)
                0x00000770                __aeabi_idiv0
                0x00000770                __aeabi_ldiv0
 .text          0x00000774       0x40 c:/nxp/s32ds_arm_v2018.r1/cross_tools/gcc-arm-none-eabi-4_9/bin/../lib/gcc/arm-none-eabi/4.9.3/armv6-m\libgcc.a(_aeabi_uldivmod.o)
                0x00000774                __aeabi_uldivmod
 .text          0x000007b4       0x54 c:/nxp/s32ds_arm_v2018.r1/cross_tools/gcc-arm-none-eabi-4_9/bin/../lib/gcc/arm-none-eabi/4.9.3/armv6-m\libgcc.a(_muldi3.o)
                0x000007b4                __muldi3
                0x000007b4                __aeabi_lmul
 .text          0x00000808       0x6c c:/nxp/s32ds_arm_v2018.r1/cross_tools/gcc-arm-none-eabi-4_9/bin/../lib/gcc/arm-none-eabi/4.9.3/armv6-m\libgcc.a(bpabi.o)
                0x00000808                __gnu_ldivmod_helper
                0x00000840                __gnu_uldivmod_helper
 .text          0x00000874      0x1f0 c:/nxp/s32ds_arm_v2018.r1/cross_tools/gcc-arm-none-eabi-4_9/bin/../lib/gcc/arm-none-eabi/4.9.3/armv6-m\libgcc.a(_divdi3.o)
                0x00000874                __divdi3
 .text          0x00000a64      0x158 c:/nxp/s32ds_arm_v2018.r1/cross_tools/gcc-arm-none-eabi-4_9/bin/../lib/gcc/arm-none-eabi/4.9.3/armv6-m\libgcc.a(_udivdi3.o)
                0x00000a64                __udivdi3
 .text          0x00000bbc       0x18 c:/nxp/s32ds_arm_v2018.r1/cross_tools/gcc-arm-none-eabi-4_9/bin/../lib/gcc/arm-none-eabi/4.9.3/armv6-m\libgcc.a(_clzdi2.o)
                0x00000bbc                __clzdi2
 .text          0x00000bd4       0x3c c:/nxp/s32ds_arm_v2018.r1/cross_tools/gcc-arm-none-eabi-4_9/bin/../lib/gcc/arm-none-eabi/4.9.3/armv6-m\libgcc.a(_clzsi2.o)
                0x00000bd4                __clzsi2
 *(.text*)
 .text.Init_SBC
                0x00000c10       0x48 ./Sources/main.o
                0x00000c10                Init_SBC
 .text.FeedWatchDog
                0x00000c58       0x2c ./Sources/main.o
                0x00000c58                FeedWatchDog
 .text.start_Shifting_Timer
                0x00000c84       0x28 ./Sources/main.o
                0x00000c84                start_Shifting_Timer
 .text.execute_UpShift
                0x00000cac       0x50 ./Sources/main.o
                0x00000cac                execute_UpShift
 .text.execute_DownShift
                0x00000cfc       0x50 ./Sources/main.o
                0x00000cfc                execute_DownShift
 .text.execute_NeutralShift
                0x00000d4c       0x50 ./Sources/main.o
                0x00000d4c                execute_NeutralShift
 .text.stop_Shifting
                0x00000d9c       0x78 ./Sources/main.o
                0x00000d9c                stop_Shifting
 .text.LPIT_ISR
                0x00000e14       0x4c ./Sources/main.o
                0x00000e14                LPIT_ISR
 .text.Init_Board
                0x00000e60       0xbc ./Sources/main.o
                0x00000e60                Init_Board
 .text.init_CAN
                0x00000f1c       0x30 ./Sources/main.o
                0x00000f1c                init_CAN
 .text.main     0x00000f4c      0x180 ./Sources/main.o
                0x00000f4c                main
 .text.osif_Tick
                0x000010cc       0x18 ./SDK/rtos/osif/osif_baremetal.o
 .text.osif_GetCurrentTickCount
                0x000010e4       0x14 ./SDK/rtos/osif/osif_baremetal.o
 .text.SysTick_Handler
                0x000010f8        0xc ./SDK/rtos/osif/osif_baremetal.o
                0x000010f8                SysTick_Handler
 .text.osif_UpdateTickConfig
                0x00001104       0x58 ./SDK/rtos/osif/osif_baremetal.o
 .text.osif_DisableIrqGlobal
                0x0000115c        0xc ./SDK/rtos/osif/osif_baremetal.o
 .text.osif_EnableIrqGlobal
                0x00001168        0xc ./SDK/rtos/osif/osif_baremetal.o
 .text.OSIF_SemaWait
                0x00001174       0xa4 ./SDK/rtos/osif/osif_baremetal.o
                0x00001174                OSIF_SemaWait
 .text.OSIF_SemaPost
                0x00001218       0x48 ./SDK/rtos/osif/osif_baremetal.o
                0x00001218                OSIF_SemaPost
 .text.OSIF_SemaCreate
                0x00001260       0x28 ./SDK/rtos/osif/osif_baremetal.o
                0x00001260                OSIF_SemaCreate
 .text.OSIF_SemaDestroy
                0x00001288       0x14 ./SDK/rtos/osif/osif_baremetal.o
                0x00001288                OSIF_SemaDestroy
 .text.PINS_GPIO_WritePin
                0x0000129c       0x40 ./SDK/platform/drivers/src/pins/pins_port_hw_access.o
 .text.PINS_Init
                0x000012dc      0x1b8 ./SDK/platform/drivers/src/pins/pins_port_hw_access.o
                0x000012dc                PINS_Init
 .text.PINS_GPIO_WritePin
                0x00001494       0x40 ./SDK/platform/drivers/src/pins/pins_driver.o
 .text.PINS_GPIO_TogglePins
                0x000014d4       0x18 ./SDK/platform/drivers/src/pins/pins_driver.o
 .text.PINS_DRV_Init
                0x000014ec       0x68 ./SDK/platform/drivers/src/pins/pins_driver.o
                0x000014ec                PINS_DRV_Init
 .text.PINS_DRV_WritePin
                0x00001554       0x28 ./SDK/platform/drivers/src/pins/pins_driver.o
                0x00001554                PINS_DRV_WritePin
 .text.PINS_DRV_TogglePins
                0x0000157c       0x1c ./SDK/platform/drivers/src/pins/pins_driver.o
                0x0000157c                PINS_DRV_TogglePins
 .text.LPSPI_GetStatusFlag
                0x00001598       0x2c ./SDK/platform/drivers/src/lpspi/lpspi_slave_driver.o
 .text.LPSPI_SetIntMode
                0x000015c4       0x58 ./SDK/platform/drivers/src/lpspi/lpspi_slave_driver.o
 .text.LPSPI_SetTxDmaCmd
                0x0000161c       0x28 ./SDK/platform/drivers/src/lpspi/lpspi_slave_driver.o
 .text.LPSPI_SetRxDmaCmd
                0x00001644       0x2c ./SDK/platform/drivers/src/lpspi/lpspi_slave_driver.o
 .text.LPSPI_DRV_SlaveIRQHandler
                0x00001670      0x160 ./SDK/platform/drivers/src/lpspi/lpspi_slave_driver.o
                0x00001670                LPSPI_DRV_SlaveIRQHandler
 .text.LPSPI_DRV_SlaveAbortTransfer
                0x000017d0       0xa4 ./SDK/platform/drivers/src/lpspi/lpspi_slave_driver.o
                0x000017d0                LPSPI_DRV_SlaveAbortTransfer
 .text.LPSPI_IsMaster
                0x00001874       0x20 ./SDK/platform/drivers/src/lpspi/lpspi_shared_function.o
 .text.LPSPI_SetIntMode
                0x00001894       0x58 ./SDK/platform/drivers/src/lpspi/lpspi_shared_function.o
 .text.LPSPI_WriteData
                0x000018ec       0x18 ./SDK/platform/drivers/src/lpspi/lpspi_shared_function.o
 .text.LPSPI_ReadData
                0x00001904       0x14 ./SDK/platform/drivers/src/lpspi/lpspi_shared_function.o
 .text.LPSPI_ReadTxCount
                0x00001918       0x18 ./SDK/platform/drivers/src/lpspi/lpspi_shared_function.o
 .text.LPSPI_ReadRxCount
                0x00001930       0x1c ./SDK/platform/drivers/src/lpspi/lpspi_shared_function.o
 .text.LPSPI_ClearContCBit
                0x0000194c       0x20 ./SDK/platform/drivers/src/lpspi/lpspi_shared_function.o
 .text.LPSPI_DRV_IRQHandler
                0x0000196c       0x40 ./SDK/platform/drivers/src/lpspi/lpspi_shared_function.o
                0x0000196c                LPSPI_DRV_IRQHandler
 .text.LPSPI_DRV_FillupTxBuffer
                0x000019ac      0x1e4 ./SDK/platform/drivers/src/lpspi/lpspi_shared_function.o
                0x000019ac                LPSPI_DRV_FillupTxBuffer
 .text.LPSPI_DRV_ReadRXBuffer
                0x00001b90      0x1e8 ./SDK/platform/drivers/src/lpspi/lpspi_shared_function.o
                0x00001b90                LPSPI_DRV_ReadRXBuffer
 .text.LPSPI_DRV_DisableTEIEInterrupts
                0x00001d78       0x48 ./SDK/platform/drivers/src/lpspi/lpspi_shared_function.o
                0x00001d78                LPSPI_DRV_DisableTEIEInterrupts
 .text.LPSPI_Enable
                0x00001dc0       0x1c ./SDK/platform/drivers/src/lpspi/lpspi_master_driver.o
 .text.LPSPI_SetRxWatermarks
                0x00001ddc       0x34 ./SDK/platform/drivers/src/lpspi/lpspi_master_driver.o
 .text.LPSPI_SetTxWatermarks
                0x00001e10       0x2c ./SDK/platform/drivers/src/lpspi/lpspi_master_driver.o
 .text.LPSPI_GetStatusFlag
                0x00001e3c       0x2c ./SDK/platform/drivers/src/lpspi/lpspi_master_driver.o
 .text.LPSPI_SetIntMode
                0x00001e68       0x58 ./SDK/platform/drivers/src/lpspi/lpspi_master_driver.o
 .text.LPSPI_SetTxDmaCmd
                0x00001ec0       0x28 ./SDK/platform/drivers/src/lpspi/lpspi_master_driver.o
 .text.LPSPI_SetRxDmaCmd
                0x00001ee8       0x2c ./SDK/platform/drivers/src/lpspi/lpspi_master_driver.o
 .text.LPSPI_ClearContCBit
                0x00001f14       0x20 ./SDK/platform/drivers/src/lpspi/lpspi_master_driver.o
 .text.LPSPI_SetContCBit
                0x00001f34       0x1c ./SDK/platform/drivers/src/lpspi/lpspi_master_driver.o
 .text.LPSPI_SetSamplingPoint
                0x00001f50       0x34 ./SDK/platform/drivers/src/lpspi/lpspi_master_driver.o
 .text.LPSPI_DRV_MasterInit
                0x00001f84       0xcc ./SDK/platform/drivers/src/lpspi/lpspi_master_driver.o
                0x00001f84                LPSPI_DRV_MasterInit
 .text.LPSPI_DRV_MasterConfigureBus
                0x00002050      0x1b8 ./SDK/platform/drivers/src/lpspi/lpspi_master_driver.o
                0x00002050                LPSPI_DRV_MasterConfigureBus
 .text.LPSPI_DRV_MasterTransferBlocking
                0x00002208      0x110 ./SDK/platform/drivers/src/lpspi/lpspi_master_driver.o
                0x00002208                LPSPI_DRV_MasterTransferBlocking
 .text.LPSPI_DRV_MasterAbortTransfer
                0x00002318       0x40 ./SDK/platform/drivers/src/lpspi/lpspi_master_driver.o
                0x00002318                LPSPI_DRV_MasterAbortTransfer
 .text.LPSPI_DRV_MasterStartTransfer
                0x00002358      0x310 ./SDK/platform/drivers/src/lpspi/lpspi_master_driver.o
 .text.LPSPI_DRV_MasterCompleteTransfer
                0x00002668       0xb8 ./SDK/platform/drivers/src/lpspi/lpspi_master_driver.o
 .text.LPSPI_DRV_MasterCompleteDMATransfer
                0x00002720       0x20 ./SDK/platform/drivers/src/lpspi/lpspi_master_driver.o
 .text.LPSPI_DRV_MasterClearCountinuous
                0x00002740       0x30 ./SDK/platform/drivers/src/lpspi/lpspi_master_driver.o
 .text.LPSPI_DRV_MasterIRQHandler
                0x00002770      0x138 ./SDK/platform/drivers/src/lpspi/lpspi_master_driver.o
                0x00002770                LPSPI_DRV_MasterIRQHandler
 .text.LPSPI0_IRQHandler
                0x000028a8       0x10 ./SDK/platform/drivers/src/lpspi/lpspi_irq.o
                0x000028a8                LPSPI0_IRQHandler
 .text.LPSPI_IsModuleEnabled
                0x000028b8       0x20 ./SDK/platform/drivers/src/lpspi/lpspi_hw_access.o
 .text.LPSPI_IsMaster
                0x000028d8       0x20 ./SDK/platform/drivers/src/lpspi/lpspi_hw_access.o
 .text.LPSPI_Init
                0x000028f8       0x1c ./SDK/platform/drivers/src/lpspi/lpspi_hw_access.o
                0x000028f8                LPSPI_Init
 .text.LPSPI_Disable
                0x00002914       0x3c ./SDK/platform/drivers/src/lpspi/lpspi_hw_access.o
                0x00002914                LPSPI_Disable
 .text.LPSPI_SetMasterSlaveMode
                0x00002950       0x3c ./SDK/platform/drivers/src/lpspi/lpspi_hw_access.o
                0x00002950                LPSPI_SetMasterSlaveMode
 .text.LPSPI_GetFifoSizes
                0x0000298c       0x4c ./SDK/platform/drivers/src/lpspi/lpspi_hw_access.o
                0x0000298c                LPSPI_GetFifoSizes
 .text.LPSPI_SetFlushFifoCmd
                0x000029d8       0x40 ./SDK/platform/drivers/src/lpspi/lpspi_hw_access.o
                0x000029d8                LPSPI_SetFlushFifoCmd
 .text.LPSPI_ClearStatusFlag
                0x00002a18       0x64 ./SDK/platform/drivers/src/lpspi/lpspi_hw_access.o
                0x00002a18                LPSPI_ClearStatusFlag
 .text.LPSPI_SetPcsPolarityMode
                0x00002a7c       0x64 ./SDK/platform/drivers/src/lpspi/lpspi_hw_access.o
                0x00002a7c                LPSPI_SetPcsPolarityMode
 .text.LPSPI_SetPinConfigMode
                0x00002ae0       0x74 ./SDK/platform/drivers/src/lpspi/lpspi_hw_access.o
                0x00002ae0                LPSPI_SetPinConfigMode
 .text.LPSPI_SetBaudRate
                0x00002b54      0x134 ./SDK/platform/drivers/src/lpspi/lpspi_hw_access.o
                0x00002b54                LPSPI_SetBaudRate
 .text.LPSPI_SetDelay
                0x00002c88       0x84 ./SDK/platform/drivers/src/lpspi/lpspi_hw_access.o
                0x00002c88                LPSPI_SetDelay
 .text.LPSPI_SetTxCommandReg
                0x00002d0c       0x74 ./SDK/platform/drivers/src/lpspi/lpspi_hw_access.o
                0x00002d0c                LPSPI_SetTxCommandReg
 .text.LPIT_Enable
                0x00002d80       0x1c ./SDK/platform/drivers/src/lpit/lpit_driver.o
 .text.LPIT_Reset
                0x00002d9c       0x28 ./SDK/platform/drivers/src/lpit/lpit_driver.o
 .text.LPIT_StartTimerChannels
                0x00002dc4       0x1c ./SDK/platform/drivers/src/lpit/lpit_driver.o
 .text.LPIT_StopTimerChannels
                0x00002de0       0x1c ./SDK/platform/drivers/src/lpit/lpit_driver.o
 .text.LPIT_SetTimerPeriodByCount
                0x00002dfc       0x20 ./SDK/platform/drivers/src/lpit/lpit_driver.o
 .text.LPIT_EnableInterruptTimerChannels
                0x00002e1c       0x1c ./SDK/platform/drivers/src/lpit/lpit_driver.o
 .text.LPIT_DisableInterruptTimerChannels
                0x00002e38       0x20 ./SDK/platform/drivers/src/lpit/lpit_driver.o
 .text.LPIT_GetInterruptFlagTimerChannels
                0x00002e58       0x1c ./SDK/platform/drivers/src/lpit/lpit_driver.o
 .text.LPIT_ClearInterruptFlagTimerChannels
                0x00002e74       0x18 ./SDK/platform/drivers/src/lpit/lpit_driver.o
 .text.LPIT_SetTimerChannelModeCmd
                0x00002e8c       0x58 ./SDK/platform/drivers/src/lpit/lpit_driver.o
 .text.LPIT_GetTimerChannelModeCmd
                0x00002ee4       0x70 ./SDK/platform/drivers/src/lpit/lpit_driver.o
 .text.LPIT_SetTriggerSelectCmd
                0x00002f54       0x58 ./SDK/platform/drivers/src/lpit/lpit_driver.o
 .text.LPIT_SetTriggerSourceCmd
                0x00002fac       0x5c ./SDK/platform/drivers/src/lpit/lpit_driver.o
 .text.LPIT_SetReloadOnTriggerCmd
                0x00003008       0x60 ./SDK/platform/drivers/src/lpit/lpit_driver.o
 .text.LPIT_SetStopOnInterruptCmd
                0x00003068       0x60 ./SDK/platform/drivers/src/lpit/lpit_driver.o
 .text.LPIT_SetStartOnTriggerCmd
                0x000030c8       0x60 ./SDK/platform/drivers/src/lpit/lpit_driver.o
 .text.LPIT_SetTimerChannelChainCmd
                0x00003128       0x5c ./SDK/platform/drivers/src/lpit/lpit_driver.o
 .text.LPIT_SetTimerRunInDebugCmd
                0x00003184       0x3c ./SDK/platform/drivers/src/lpit/lpit_driver.o
 .text.LPIT_SetTimerRunInDozeCmd
                0x000031c0       0x3c ./SDK/platform/drivers/src/lpit/lpit_driver.o
 .text.LPIT_DRV_Init
                0x000031fc       0x64 ./SDK/platform/drivers/src/lpit/lpit_driver.o
                0x000031fc                LPIT_DRV_Init
 .text.LPIT_DRV_InitChannel
                0x00003260      0x16c ./SDK/platform/drivers/src/lpit/lpit_driver.o
                0x00003260                LPIT_DRV_InitChannel
 .text.LPIT_DRV_StartTimerChannels
                0x000033cc       0x24 ./SDK/platform/drivers/src/lpit/lpit_driver.o
                0x000033cc                LPIT_DRV_StartTimerChannels
 .text.LPIT_DRV_StopTimerChannels
                0x000033f0       0x24 ./SDK/platform/drivers/src/lpit/lpit_driver.o
                0x000033f0                LPIT_DRV_StopTimerChannels
 .text.LPIT_DRV_SetTimerPeriodByUs
                0x00003414      0x174 ./SDK/platform/drivers/src/lpit/lpit_driver.o
                0x00003414                LPIT_DRV_SetTimerPeriodByUs
 .text.LPIT_DRV_SetTimerPeriodByCount
                0x00003588       0x2c ./SDK/platform/drivers/src/lpit/lpit_driver.o
                0x00003588                LPIT_DRV_SetTimerPeriodByCount
 .text.LPIT_DRV_GetInterruptFlagTimerChannels
                0x000035b4       0x28 ./SDK/platform/drivers/src/lpit/lpit_driver.o
                0x000035b4                LPIT_DRV_GetInterruptFlagTimerChannels
 .text.LPIT_DRV_ClearInterruptFlagTimerChannels
                0x000035dc       0x24 ./SDK/platform/drivers/src/lpit/lpit_driver.o
                0x000035dc                LPIT_DRV_ClearInterruptFlagTimerChannels
 .text.INT_SYS_InstallHandler
                0x00003600       0x50 ./SDK/platform/drivers/src/interrupt/interrupt_manager.o
                0x00003600                INT_SYS_InstallHandler
 .text.INT_SYS_EnableIRQ
                0x00003650       0x34 ./SDK/platform/drivers/src/interrupt/interrupt_manager.o
                0x00003650                INT_SYS_EnableIRQ
 .text.INT_SYS_DisableIRQ
                0x00003684       0x38 ./SDK/platform/drivers/src/interrupt/interrupt_manager.o
                0x00003684                INT_SYS_DisableIRQ
 .text.INT_SYS_EnableIRQGlobal
                0x000036bc       0x28 ./SDK/platform/drivers/src/interrupt/interrupt_manager.o
                0x000036bc                INT_SYS_EnableIRQGlobal
 .text.INT_SYS_DisableIRQGlobal
                0x000036e4       0x18 ./SDK/platform/drivers/src/interrupt/interrupt_manager.o
                0x000036e4                INT_SYS_DisableIRQGlobal
 .text.CAN0_ORed_Err_Wakeup_IRQHandler
                0x000036fc       0x10 ./SDK/platform/drivers/src/flexcan/flexcan_irq.o
                0x000036fc                CAN0_ORed_Err_Wakeup_IRQHandler
 .text.CAN0_ORed_0_31_MB_IRQHandler
                0x0000370c       0x10 ./SDK/platform/drivers/src/flexcan/flexcan_irq.o
                0x0000370c                CAN0_ORed_0_31_MB_IRQHandler
 .text.FLEXCAN_IsFDEnabled
                0x0000371c       0x24 ./SDK/platform/drivers/src/flexcan/flexcan_hw_access.o
 .text.FLEXCAN_IsRxFifoEnabled
                0x00003740       0x24 ./SDK/platform/drivers/src/flexcan/flexcan_hw_access.o
 .text.RxFifoOcuppiedLastMsgBuff
                0x00003764       0x1c ./SDK/platform/drivers/src/flexcan/flexcan_hw_access.o
 .text.FLEXCAN_GetMsgBuffRegion
                0x00003780       0xa0 ./SDK/platform/drivers/src/flexcan/flexcan_hw_access.o
 .text.FLEXCAN_ComputePayloadSize
                0x00003820       0x98 ./SDK/platform/drivers/src/flexcan/flexcan_hw_access.o
 .text.FLEXCAN_GetMaxMbNum
                0x000038b8       0x5c ./SDK/platform/drivers/src/flexcan/flexcan_hw_access.o
 .text.FLEXCAN_ClearRAM
                0x00003914       0x7c ./SDK/platform/drivers/src/flexcan/flexcan_hw_access.o
 .text.FLEXCAN_Enable
                0x00003990       0x5c ./SDK/platform/drivers/src/flexcan/flexcan_hw_access.o
                0x00003990                FLEXCAN_Enable
 .text.FLEXCAN_Disable
                0x000039ec       0x34 ./SDK/platform/drivers/src/flexcan/flexcan_hw_access.o
                0x000039ec                FLEXCAN_Disable
 .text.FLEXCAN_Init
                0x00003a20       0x58 ./SDK/platform/drivers/src/flexcan/flexcan_hw_access.o
                0x00003a20                FLEXCAN_Init
 .text.FLEXCAN_SetRxMsgBuff
                0x00003a78      0x154 ./SDK/platform/drivers/src/flexcan/flexcan_hw_access.o
                0x00003a78                FLEXCAN_SetRxMsgBuff
 .text.FLEXCAN_GetMsgBuff
                0x00003bcc      0x19c ./SDK/platform/drivers/src/flexcan/flexcan_hw_access.o
                0x00003bcc                FLEXCAN_GetMsgBuff
 .text.FLEXCAN_LockRxMsgBuff
                0x00003d68       0x58 ./SDK/platform/drivers/src/flexcan/flexcan_hw_access.o
                0x00003d68                FLEXCAN_LockRxMsgBuff
 .text.FLEXCAN_EnableRxFifo
                0x00003dc0       0x98 ./SDK/platform/drivers/src/flexcan/flexcan_hw_access.o
                0x00003dc0                FLEXCAN_EnableRxFifo
 .text.FLEXCAN_SetMaxMsgBuffNum
                0x00003e58      0x114 ./SDK/platform/drivers/src/flexcan/flexcan_hw_access.o
                0x00003e58                FLEXCAN_SetMaxMsgBuffNum
 .text.FLEXCAN_SetMsgBuffIntCmd
                0x00003f6c       0x80 ./SDK/platform/drivers/src/flexcan/flexcan_hw_access.o
                0x00003f6c                FLEXCAN_SetMsgBuffIntCmd
 .text.FLEXCAN_SetErrIntCmd
                0x00003fec       0x70 ./SDK/platform/drivers/src/flexcan/flexcan_hw_access.o
                0x00003fec                FLEXCAN_SetErrIntCmd
 .text.FLEXCAN_ExitFreezeMode
                0x0000405c       0x40 ./SDK/platform/drivers/src/flexcan/flexcan_hw_access.o
                0x0000405c                FLEXCAN_ExitFreezeMode
 .text.FLEXCAN_EnterFreezeMode
                0x0000409c       0x3c ./SDK/platform/drivers/src/flexcan/flexcan_hw_access.o
                0x0000409c                FLEXCAN_EnterFreezeMode
 .text.FLEXCAN_ClearErrIntStatusFlag
                0x000040d8       0x20 ./SDK/platform/drivers/src/flexcan/flexcan_hw_access.o
                0x000040d8                FLEXCAN_ClearErrIntStatusFlag
 .text.FLEXCAN_ReadRxFifo
                0x000040f8       0xb8 ./SDK/platform/drivers/src/flexcan/flexcan_hw_access.o
                0x000040f8                FLEXCAN_ReadRxFifo
 .text.FLEXCAN_SetOperationMode
                0x000041b0       0xb0 ./SDK/platform/drivers/src/flexcan/flexcan_hw_access.o
                0x000041b0                FLEXCAN_SetOperationMode
 .text.FLEXCAN_SetPayloadSize
                0x00004260       0x4c ./SDK/platform/drivers/src/flexcan/flexcan_hw_access.o
                0x00004260                FLEXCAN_SetPayloadSize
 .text.FLEXCAN_GetPayloadSize
                0x000042ac       0x4c ./SDK/platform/drivers/src/flexcan/flexcan_hw_access.o
                0x000042ac                FLEXCAN_GetPayloadSize
 .text.FLEXCAN_SelectClock
                0x000042f8       0x34 ./SDK/platform/drivers/src/flexcan/flexcan_driver.o
 .text.FLEXCAN_SetTimeSegments
                0x0000432c       0x64 ./SDK/platform/drivers/src/flexcan/flexcan_driver.o
 .text.FLEXCAN_SetExtendedTimeSegments
                0x00004390       0x68 ./SDK/platform/drivers/src/flexcan/flexcan_driver.o
 .text.FLEXCAN_SetFDTimeSegments
                0x000043f8       0x78 ./SDK/platform/drivers/src/flexcan/flexcan_driver.o
 .text.FLEXCAN_SetFDEnabled
                0x00004470       0x50 ./SDK/platform/drivers/src/flexcan/flexcan_driver.o
 .text.FLEXCAN_IsFDEnabled
                0x000044c0       0x24 ./SDK/platform/drivers/src/flexcan/flexcan_driver.o
 .text.FLEXCAN_UnlockRxMsgBuff
                0x000044e4       0x14 ./SDK/platform/drivers/src/flexcan/flexcan_driver.o
 .text.FLEXCAN_IsRxFifoEnabled
                0x000044f8       0x24 ./SDK/platform/drivers/src/flexcan/flexcan_driver.o
 .text.FLEXCAN_GetMsgBuffIntStatusFlag
                0x0000451c       0x4c ./SDK/platform/drivers/src/flexcan/flexcan_driver.o
 .text.FLEXCAN_ClearMsgBuffIntStatusFlag
                0x00004568       0x2c ./SDK/platform/drivers/src/flexcan/flexcan_driver.o
 .text.FLEXCAN_SetStuffBitCount
                0x00004594       0x38 ./SDK/platform/drivers/src/flexcan/flexcan_driver.o
 .text.FLEXCAN_SetSelfReception
                0x000045cc       0x38 ./SDK/platform/drivers/src/flexcan/flexcan_driver.o
 .text.FLEXCAN_SetRxFifoDMA
                0x00004604       0x38 ./SDK/platform/drivers/src/flexcan/flexcan_driver.o
 .text.FLEXCAN_IsPNEnabled
                0x0000463c       0x24 ./SDK/platform/drivers/src/flexcan/flexcan_driver.o
 .text.FLEXCAN_GetWTOF
                0x00004660       0x24 ./SDK/platform/drivers/src/flexcan/flexcan_driver.o
 .text.FLEXCAN_ClearWTOF
                0x00004684       0x24 ./SDK/platform/drivers/src/flexcan/flexcan_driver.o
 .text.FLEXCAN_GetWUMF
                0x000046a8       0x24 ./SDK/platform/drivers/src/flexcan/flexcan_driver.o
 .text.FLEXCAN_ClearWUMF
                0x000046cc       0x24 ./SDK/platform/drivers/src/flexcan/flexcan_driver.o
 .text.FLEXCAN_DRV_Init
                0x000046f0      0x2b8 ./SDK/platform/drivers/src/flexcan/flexcan_driver.o
                0x000046f0                FLEXCAN_DRV_Init
 .text.FLEXCAN_DRV_ConfigRxMb
                0x000049a8       0xcc ./SDK/platform/drivers/src/flexcan/flexcan_driver.o
                0x000049a8                FLEXCAN_DRV_ConfigRxMb
 .text.FLEXCAN_DRV_ReceiveBlocking
                0x00004a74       0xf0 ./SDK/platform/drivers/src/flexcan/flexcan_driver.o
                0x00004a74                FLEXCAN_DRV_ReceiveBlocking
 .text.FLEXCAN_IRQHandler
                0x00004b64      0x278 ./SDK/platform/drivers/src/flexcan/flexcan_driver.o
                0x00004b64                FLEXCAN_IRQHandler
 .text.FLEXCAN_WakeUpHandler
                0x00004ddc       0x98 ./SDK/platform/drivers/src/flexcan/flexcan_driver.o
                0x00004ddc                FLEXCAN_WakeUpHandler
 .text.FLEXCAN_StartRxMessageBufferData
                0x00004e74       0xd0 ./SDK/platform/drivers/src/flexcan/flexcan_driver.o
 .text.FLEXCAN_CompleteTransfer
                0x00004f44       0x74 ./SDK/platform/drivers/src/flexcan/flexcan_driver.o
 .text.FLEXCAN_CompleteRxMessageFifoData
                0x00004fb8       0xe8 ./SDK/platform/drivers/src/flexcan/flexcan_driver.o
 .text.EDMA_GetErrorIntStatusFlag
                0x000050a0       0x14 ./SDK/platform/drivers/src/edma/edma_irq.o
 .text.DMA0_IRQHandler
                0x000050b4       0x10 ./SDK/platform/drivers/src/edma/edma_irq.o
                0x000050b4                DMA0_IRQHandler
 .text.DMA1_IRQHandler
                0x000050c4       0x10 ./SDK/platform/drivers/src/edma/edma_irq.o
                0x000050c4                DMA1_IRQHandler
 .text.DMA2_IRQHandler
                0x000050d4       0x10 ./SDK/platform/drivers/src/edma/edma_irq.o
                0x000050d4                DMA2_IRQHandler
 .text.DMA3_IRQHandler
                0x000050e4       0x10 ./SDK/platform/drivers/src/edma/edma_irq.o
                0x000050e4                DMA3_IRQHandler
 .text.DMA_Error_IRQHandler
                0x000050f4       0x68 ./SDK/platform/drivers/src/edma/edma_irq.o
                0x000050f4                DMA_Error_IRQHandler
 .text.EDMA_SetDmaRequestCmd
                0x0000515c       0x38 ./SDK/platform/drivers/src/edma/edma_hw_access.o
                0x0000515c                EDMA_SetDmaRequestCmd
 .text.EDMA_TCDClearReg
                0x00005194       0xe0 ./SDK/platform/drivers/src/edma/edma_hw_access.o
                0x00005194                EDMA_TCDClearReg
 .text.EDMA_TCDSetAttribute
                0x00005274       0x90 ./SDK/platform/drivers/src/edma/edma_hw_access.o
                0x00005274                EDMA_TCDSetAttribute
 .text.EDMA_TCDSetNbytes
                0x00005304       0xe8 ./SDK/platform/drivers/src/edma/edma_hw_access.o
                0x00005304                EDMA_TCDSetNbytes
 .text.EDMA_TCDSetMajorCount
                0x000053ec      0x1b0 ./SDK/platform/drivers/src/edma/edma_hw_access.o
                0x000053ec                EDMA_TCDSetMajorCount
 .text.EDMA_SetHaltCmd
                0x0000559c       0x3c ./SDK/platform/drivers/src/edma/edma_driver.o
 .text.EDMA_ClearErrorIntStatusFlag
                0x000055d8       0x1c ./SDK/platform/drivers/src/edma/edma_driver.o
 .text.EDMA_ClearDoneStatusFlag
                0x000055f4       0x1c ./SDK/platform/drivers/src/edma/edma_driver.o
 .text.EDMA_ClearIntStatusFlag
                0x00005610       0x1c ./SDK/platform/drivers/src/edma/edma_driver.o
 .text.EDMA_TCDSetSrcAddr
                0x0000562c       0x28 ./SDK/platform/drivers/src/edma/edma_driver.o
 .text.EDMA_TCDSetSrcOffset
                0x00005654       0x34 ./SDK/platform/drivers/src/edma/edma_driver.o
 .text.EDMA_TCDSetDestAddr
                0x00005688       0x30 ./SDK/platform/drivers/src/edma/edma_driver.o
 .text.EDMA_TCDSetDestOffset
                0x000056b8       0x38 ./SDK/platform/drivers/src/edma/edma_driver.o
 .text.EDMA_TCDSetDisableDmaRequestAfterTCDDoneCmd
                0x000056f0       0x7c ./SDK/platform/drivers/src/edma/edma_driver.o
 .text.EDMA_TCDSetMajorCompleteIntCmd
                0x0000576c       0x7c ./SDK/platform/drivers/src/edma/edma_driver.o
 .text.EDMA_DRV_InstallCallback
                0x000057e8       0x44 ./SDK/platform/drivers/src/edma/edma_driver.o
                0x000057e8                EDMA_DRV_InstallCallback
 .text.EDMA_DRV_ClearIntStatus
                0x0000582c       0x54 ./SDK/platform/drivers/src/edma/edma_driver.o
 .text.EDMA_DRV_IRQHandler
                0x00005880       0x50 ./SDK/platform/drivers/src/edma/edma_driver.o
                0x00005880                EDMA_DRV_IRQHandler
 .text.EDMA_DRV_ErrorIRQHandler
                0x000058d0       0xa4 ./SDK/platform/drivers/src/edma/edma_driver.o
                0x000058d0                EDMA_DRV_ErrorIRQHandler
 .text.EDMA_DRV_ConfigSingleBlockTransfer
                0x00005974      0x208 ./SDK/platform/drivers/src/edma/edma_driver.o
                0x00005974                EDMA_DRV_ConfigSingleBlockTransfer
 .text.EDMA_DRV_ConfigMultiBlockTransfer
                0x00005b7c       0xb8 ./SDK/platform/drivers/src/edma/edma_driver.o
                0x00005b7c                EDMA_DRV_ConfigMultiBlockTransfer
 .text.EDMA_DRV_StartChannel
                0x00005c34       0x4c ./SDK/platform/drivers/src/edma/edma_driver.o
                0x00005c34                EDMA_DRV_StartChannel
 .text.EDMA_DRV_StopChannel
                0x00005c80       0x4c ./SDK/platform/drivers/src/edma/edma_driver.o
                0x00005c80                EDMA_DRV_StopChannel
 .text.EDMA_DRV_GetDmaRegBaseAddr
                0x00005ccc       0x18 ./SDK/platform/drivers/src/edma/edma_driver.o
                0x00005ccc                EDMA_DRV_GetDmaRegBaseAddr
 .text.CLOCK_SYS_Init
                0x00005ce4       0x58 ./SDK/platform/drivers/src/clock/clock_manager.o
                0x00005ce4                CLOCK_SYS_Init
 .text.CLOCK_SYS_UpdateConfiguration
                0x00005d3c      0x200 ./SDK/platform/drivers/src/clock/clock_manager.o
                0x00005d3c                CLOCK_SYS_UpdateConfiguration
 .text.SIM_GetRtcClkSrc
                0x00005f3c       0x1c ./SDK/platform/drivers/src/clock/S32K1xx/clock_S32K1xx.o
 .text.SIM_SetLpoClocks
                0x00005f58       0x80 ./SDK/platform/drivers/src/clock/S32K1xx/clock_S32K1xx.o
 .text.SIM_SetEimClockGate
                0x00005fd8       0x3c ./SDK/platform/drivers/src/clock/S32K1xx/clock_S32K1xx.o
 .text.SIM_GetEimClockGate
                0x00006014       0x28 ./SDK/platform/drivers/src/clock/S32K1xx/clock_S32K1xx.o
 .text.SIM_SetErmClockGate
                0x0000603c       0x3c ./SDK/platform/drivers/src/clock/S32K1xx/clock_S32K1xx.o
 .text.SIM_GetErmClockGate
                0x00006078       0x28 ./SDK/platform/drivers/src/clock/S32K1xx/clock_S32K1xx.o
 .text.SIM_SetDmaClockGate
                0x000060a0       0x3c ./SDK/platform/drivers/src/clock/S32K1xx/clock_S32K1xx.o
 .text.SIM_GetDmaClockGate
                0x000060dc       0x28 ./SDK/platform/drivers/src/clock/S32K1xx/clock_S32K1xx.o
 .text.SIM_SetMpuClockGate
                0x00006104       0x3c ./SDK/platform/drivers/src/clock/S32K1xx/clock_S32K1xx.o
 .text.SIM_GetMpuClockGate
                0x00006140       0x28 ./SDK/platform/drivers/src/clock/S32K1xx/clock_S32K1xx.o
 .text.SIM_SetMscmClockGate
                0x00006168       0x3c ./SDK/platform/drivers/src/clock/S32K1xx/clock_S32K1xx.o
 .text.SIM_GetMscmClockGate
                0x000061a4       0x28 ./SDK/platform/drivers/src/clock/S32K1xx/clock_S32K1xx.o
 .text.SIM_GetFtm0ExternalClkPinMode
                0x000061cc       0x1c ./SDK/platform/drivers/src/clock/S32K1xx/clock_S32K1xx.o
 .text.SIM_GetFtm1ExternalClkPinMode
                0x000061e8       0x1c ./SDK/platform/drivers/src/clock/S32K1xx/clock_S32K1xx.o
 .text.SIM_GetLpo32KStatus
                0x00006204       0x20 ./SDK/platform/drivers/src/clock/S32K1xx/clock_S32K1xx.o
 .text.SIM_GetLpo1KStatus
                0x00006224       0x20 ./SDK/platform/drivers/src/clock/S32K1xx/clock_S32K1xx.o
 .text.SIM_GetLpoClkSelectorValue
                0x00006244       0x1c ./SDK/platform/drivers/src/clock/S32K1xx/clock_S32K1xx.o
 .text.SIM_GetClockoutStatus
                0x00006260       0x24 ./SDK/platform/drivers/src/clock/S32K1xx/clock_S32K1xx.o
 .text.SIM_GetClockoutDividerValue
                0x00006284       0x1c ./SDK/platform/drivers/src/clock/S32K1xx/clock_S32K1xx.o
 .text.SIM_GetClockoutSelectorValue
                0x000062a0       0x1c ./SDK/platform/drivers/src/clock/S32K1xx/clock_S32K1xx.o
 .text.SIM_SetClockout
                0x000062bc       0x68 ./SDK/platform/drivers/src/clock/S32K1xx/clock_S32K1xx.o
 .text.SIM_SetTraceClockSource
                0x00006324       0x38 ./SDK/platform/drivers/src/clock/S32K1xx/clock_S32K1xx.o
 .text.SIM_ClearTraceClockConfig
                0x0000635c       0x18 ./SDK/platform/drivers/src/clock/S32K1xx/clock_S32K1xx.o
 .text.SIM_SetTraceClockConfig
                0x00006374       0x44 ./SDK/platform/drivers/src/clock/S32K1xx/clock_S32K1xx.o
 .text.SCG_GetClockoutSourceSel
                0x000063b8       0x1c ./SDK/platform/drivers/src/clock/S32K1xx/clock_S32K1xx.o
 .text.SCG_GetCurrentSystemClockSource
                0x000063d4       0x1c ./SDK/platform/drivers/src/clock/S32K1xx/clock_S32K1xx.o
 .text.SCG_GetCurrentCoreClockDividerRatio
                0x000063f0       0x1c ./SDK/platform/drivers/src/clock/S32K1xx/clock_S32K1xx.o
 .text.SCG_GetCurrentBusClockDividerRatio
                0x0000640c       0x1c ./SDK/platform/drivers/src/clock/S32K1xx/clock_S32K1xx.o
 .text.SCG_GetCurrentSlowClockDividerRatio
                0x00006428       0x18 ./SDK/platform/drivers/src/clock/S32K1xx/clock_S32K1xx.o
 .text.SCG_SetRunClockControl
                0x00006440       0x44 ./SDK/platform/drivers/src/clock/S32K1xx/clock_S32K1xx.o
 .text.SCG_SetVlprClockControl
                0x00006484       0x44 ./SDK/platform/drivers/src/clock/S32K1xx/clock_S32K1xx.o
 .text.SCG_GetFircFirstAsyncDivider
                0x000064c8       0x1c ./SDK/platform/drivers/src/clock/S32K1xx/clock_S32K1xx.o
 .text.SCG_GetFircSecondAsyncDivider
                0x000064e4       0x20 ./SDK/platform/drivers/src/clock/S32K1xx/clock_S32K1xx.o
 .text.SCG_SetFircAsyncConfig
                0x00006504       0x30 ./SDK/platform/drivers/src/clock/S32K1xx/clock_S32K1xx.o
 .text.SCG_GetSircFirstAsyncDivider
                0x00006534       0x1c ./SDK/platform/drivers/src/clock/S32K1xx/clock_S32K1xx.o
 .text.SCG_GetSircSecondAsyncDivider
                0x00006550       0x20 ./SDK/platform/drivers/src/clock/S32K1xx/clock_S32K1xx.o
 .text.SCG_SetSircAsyncConfig
                0x00006570       0x30 ./SDK/platform/drivers/src/clock/S32K1xx/clock_S32K1xx.o
 .text.SCG_GetSoscFirstAsyncDivider
                0x000065a0       0x1c ./SDK/platform/drivers/src/clock/S32K1xx/clock_S32K1xx.o
 .text.SCG_GetSoscSecondAsyncDivider
                0x000065bc       0x20 ./SDK/platform/drivers/src/clock/S32K1xx/clock_S32K1xx.o
 .text.SCG_SetSoscAsyncConfig
                0x000065dc       0x30 ./SDK/platform/drivers/src/clock/S32K1xx/clock_S32K1xx.o
 .text.SCG_SetClockoutSourceSel
                0x0000660c       0x38 ./SDK/platform/drivers/src/clock/S32K1xx/clock_S32K1xx.o
 .text.SCG_GetSircSystemClockMode
                0x00006644       0x30 ./SDK/platform/drivers/src/clock/S32K1xx/clock_S32K1xx.o
 .text.SCG_GetSircStatus
                0x00006674       0x28 ./SDK/platform/drivers/src/clock/S32K1xx/clock_S32K1xx.o
 .text.SCG_GetSircRange
                0x0000669c       0x1c ./SDK/platform/drivers/src/clock/S32K1xx/clock_S32K1xx.o
 .text.SCG_ClearSircLock
                0x000066b8       0x28 ./SDK/platform/drivers/src/clock/S32K1xx/clock_S32K1xx.o
 .text.SCG_ClearSircControl
                0x000066e0       0x18 ./SDK/platform/drivers/src/clock/S32K1xx/clock_S32K1xx.o
 .text.SCG_SetSircConfiguration
                0x000066f8       0x28 ./SDK/platform/drivers/src/clock/S32K1xx/clock_S32K1xx.o
 .text.SCG_SetSircControl
                0x00006720       0x64 ./SDK/platform/drivers/src/clock/S32K1xx/clock_S32K1xx.o
 .text.SCG_GetFircSystemClockMode
                0x00006784       0x30 ./SDK/platform/drivers/src/clock/S32K1xx/clock_S32K1xx.o
 .text.SCG_GetFircStatus
                0x000067b4       0x28 ./SDK/platform/drivers/src/clock/S32K1xx/clock_S32K1xx.o
 .text.SCG_GetFircRange
                0x000067dc       0x1c ./SDK/platform/drivers/src/clock/S32K1xx/clock_S32K1xx.o
 .text.SCG_ClearFircLock
                0x000067f8       0x28 ./SDK/platform/drivers/src/clock/S32K1xx/clock_S32K1xx.o
 .text.SCG_ClearFircControl
                0x00006820       0x1c ./SDK/platform/drivers/src/clock/S32K1xx/clock_S32K1xx.o
 .text.SCG_SetFircConfiguration
                0x0000683c       0x28 ./SDK/platform/drivers/src/clock/S32K1xx/clock_S32K1xx.o
 .text.SCG_SetFircControl
                0x00006864       0x4c ./SDK/platform/drivers/src/clock/S32K1xx/clock_S32K1xx.o
 .text.SCG_GetSoscSystemClockMode
                0x000068b0       0x30 ./SDK/platform/drivers/src/clock/S32K1xx/clock_S32K1xx.o
 .text.SCG_GetSoscStatus
                0x000068e0       0x28 ./SDK/platform/drivers/src/clock/S32K1xx/clock_S32K1xx.o
 .text.SCG_ClearSoscLock
                0x00006908       0x28 ./SDK/platform/drivers/src/clock/S32K1xx/clock_S32K1xx.o
 .text.SCG_ClearSoscControl
                0x00006930       0x1c ./SDK/platform/drivers/src/clock/S32K1xx/clock_S32K1xx.o
 .text.SCG_SetSoscConfiguration
                0x0000694c       0x3c ./SDK/platform/drivers/src/clock/S32K1xx/clock_S32K1xx.o
 .text.SCG_SetSoscControl
                0x00006988       0x68 ./SDK/platform/drivers/src/clock/S32K1xx/clock_S32K1xx.o
 .text.PCC_SetPeripheralClockControl
                0x000069f0       0x70 ./SDK/platform/drivers/src/clock/S32K1xx/clock_S32K1xx.o
 .text.PCC_SetClockMode
                0x00006a60       0x88 ./SDK/platform/drivers/src/clock/S32K1xx/clock_S32K1xx.o
 .text.PCC_GetClockMode
                0x00006ae8       0x44 ./SDK/platform/drivers/src/clock/S32K1xx/clock_S32K1xx.o
 .text.PCC_GetClockSourceSel
                0x00006b2c       0x34 ./SDK/platform/drivers/src/clock/S32K1xx/clock_S32K1xx.o
 .text.PCC_GetFracValueSel
                0x00006b60       0x34 ./SDK/platform/drivers/src/clock/S32K1xx/clock_S32K1xx.o
 .text.PCC_GetDividerSel
                0x00006b94       0x30 ./SDK/platform/drivers/src/clock/S32K1xx/clock_S32K1xx.o
 .text.PMC_SetLpoMode
                0x00006bc4       0x54 ./SDK/platform/drivers/src/clock/S32K1xx/clock_S32K1xx.o
 .text.PMC_GetLpoMode
                0x00006c18       0x34 ./SDK/platform/drivers/src/clock/S32K1xx/clock_S32K1xx.o
 .text.PMC_SetLpoTrimValue
                0x00006c4c       0x94 ./SDK/platform/drivers/src/clock/S32K1xx/clock_S32K1xx.o
 .text.SMC_GetCurrentRunningMode
                0x00006ce0       0x18 ./SDK/platform/drivers/src/clock/S32K1xx/clock_S32K1xx.o
 .text.CLOCK_SYS_SetConfiguration
                0x00006cf8       0x80 ./SDK/platform/drivers/src/clock/S32K1xx/clock_S32K1xx.o
                0x00006cf8                CLOCK_SYS_SetConfiguration
 .text.CLOCK_SYS_SetScgConfiguration
                0x00006d78       0xc8 ./SDK/platform/drivers/src/clock/S32K1xx/clock_S32K1xx.o
 .text.CLOCK_SYS_SetPccConfiguration
                0x00006e40       0xb8 ./SDK/platform/drivers/src/clock/S32K1xx/clock_S32K1xx.o
 .text.CLOCK_SYS_SetSimConfiguration
                0x00006ef8      0x160 ./SDK/platform/drivers/src/clock/S32K1xx/clock_S32K1xx.o
 .text.CLOCK_SYS_SetPmcConfiguration
                0x00007058       0x38 ./SDK/platform/drivers/src/clock/S32K1xx/clock_S32K1xx.o
 .text.CLOCK_SYS_GetDefaultConfiguration
                0x00007090      0x228 ./SDK/platform/drivers/src/clock/S32K1xx/clock_S32K1xx.o
 .text.CLOCK_SYS_GetScgClockFreq
                0x000072b8      0x10c ./SDK/platform/drivers/src/clock/S32K1xx/clock_S32K1xx.o
 .text.CLOCK_SYS_GetSimClockFreq
                0x000073c4      0x1e8 ./SDK/platform/drivers/src/clock/S32K1xx/clock_S32K1xx.o
 .text.CLOCK_SYS_GetPccClockFreq
                0x000075ac      0x184 ./SDK/platform/drivers/src/clock/S32K1xx/clock_S32K1xx.o
 .text.CLOCK_SYS_GetFreq
                0x00007730       0x84 ./SDK/platform/drivers/src/clock/S32K1xx/clock_S32K1xx.o
                0x00007730                CLOCK_SYS_GetFreq
 .text.CLOCK_SYS_GetPeripheralClock
                0x000077b4       0xd4 ./SDK/platform/drivers/src/clock/S32K1xx/clock_S32K1xx.o
 .text.CLOCK_SYS_GetCurrentRunMode
                0x00007888       0x50 ./SDK/platform/drivers/src/clock/S32K1xx/clock_S32K1xx.o
 .text.CLOCK_SYS_TransitionSystemClock
                0x000078d8       0x80 ./SDK/platform/drivers/src/clock/S32K1xx/clock_S32K1xx.o
 .text.CLOCK_SYS_GetSimClkOutFreq
                0x00007958       0xb0 ./SDK/platform/drivers/src/clock/S32K1xx/clock_S32K1xx.o
 .text.CLOCK_SYS_GetScgClkOutFreq
                0x00007a08       0x60 ./SDK/platform/drivers/src/clock/S32K1xx/clock_S32K1xx.o
 .text.CLOCK_SYS_GetSimRtcClkFreq
                0x00007a68       0x74 ./SDK/platform/drivers/src/clock/S32K1xx/clock_S32K1xx.o
 .text.CLOCK_SYS_ConfigureSIRC
                0x00007adc      0x100 ./SDK/platform/drivers/src/clock/S32K1xx/clock_S32K1xx.o
 .text.CLOCK_SYS_ConfigureFIRC
                0x00007bdc      0x108 ./SDK/platform/drivers/src/clock/S32K1xx/clock_S32K1xx.o
 .text.CLOCK_SYS_ConfigureSOSC
                0x00007ce4      0x170 ./SDK/platform/drivers/src/clock/S32K1xx/clock_S32K1xx.o
 .text.CLOCK_SYS_ConfigureTemporarySystemClock
                0x00007e54       0x70 ./SDK/platform/drivers/src/clock/S32K1xx/clock_S32K1xx.o
 .text.CLOCK_SYS_ConfigureModulesFromScg
                0x00007ec4      0x1e8 ./SDK/platform/drivers/src/clock/S32K1xx/clock_S32K1xx.o
 .text.CLOCK_SYS_GetSystemClockFreq
                0x000080ac       0xbc ./SDK/platform/drivers/src/clock/S32K1xx/clock_S32K1xx.o
 .text.CLOCK_SYS_SetSystemClockConfig
                0x00008168      0x180 ./SDK/platform/drivers/src/clock/S32K1xx/clock_S32K1xx.o
 .text.CLOCK_SYS_GetSysAsyncFreq
                0x000082e8      0x108 ./SDK/platform/drivers/src/clock/S32K1xx/clock_S32K1xx.o
 .text.CLOCK_SYS_GetSysOscFreq
                0x000083f0       0x30 ./SDK/platform/drivers/src/clock/S32K1xx/clock_S32K1xx.o
 .text.CLOCK_SYS_GetSircFreq
                0x00008420       0x44 ./SDK/platform/drivers/src/clock/S32K1xx/clock_S32K1xx.o
 .text.CLOCK_SYS_GetFircFreq
                0x00008464       0x3c ./SDK/platform/drivers/src/clock/S32K1xx/clock_S32K1xx.o
 .text.CLOCK_SYS_GetLpoFreq
                0x000084a0       0x70 ./SDK/platform/drivers/src/clock/S32K1xx/clock_S32K1xx.o
 .text.init_data_bss
                0x00008510      0x11c ./SDK/platform/devices/startup.o
                0x00008510                init_data_bss
 .text.SystemInit
                0x0000862c       0x30 ./SDK/platform/devices/S32K116/startup/system_S32K116.o
                0x0000862c                SystemInit
 .text.memcpy   0x0000865c       0x12 C:/NXP/S32DS_ARM_v2018.R1/S32DS/arm_ewl2/lib/armv6-m\libc99.a(memcpy.o)
                0x0000865c                memcpy
 *(.rodata)
 *fill*         0x0000866e        0x2 
 .rodata        0x00008670        0x4 ./SDK/platform/drivers/src/lpit/lpit_driver.o
 .rodata        0x00008674       0x24 ./SDK/platform/drivers/src/clock/S32K1xx/clock_S32K1xx.o
 *(.rodata*)
 .rodata.dataInfo
                0x00008698        0xc ./Sources/main.o
                0x00008698                dataInfo
 .rodata.s_baudratePrescaler
                0x000086a4       0x20 ./SDK/platform/drivers/src/lpspi/lpspi_hw_access.o
 .rodata.FLEXCAN_ComputePayloadSize
                0x000086c4       0x1c ./SDK/platform/drivers/src/flexcan/flexcan_hw_access.o
 .rodata.g_flexcanOredMessageBufferIrqId
                0x000086e0        0x2 ./SDK/platform/drivers/src/flexcan/flexcan_driver.o
 *fill*         0x000086e2        0x2 
 .rodata.clockNameMappings
                0x000086e4       0x8a ./SDK/platform/drivers/src/clock/S32K1xx/clock_S32K1xx.o
                0x000086e4                clockNameMappings
 *fill*         0x0000876e        0x2 
 .rodata.peripheralFeaturesList
                0x00008770       0x45 ./SDK/platform/drivers/src/clock/S32K1xx/clock_S32K1xx.o
                0x00008770                peripheralFeaturesList
 *fill*         0x000087b5        0x3 
 .rodata.CLOCK_SYS_GetScgClockFreq
                0x000087b8       0x40 ./SDK/platform/drivers/src/clock/S32K1xx/clock_S32K1xx.o
 .rodata.CLOCK_SYS_GetSimClockFreq
                0x000087f8       0x34 ./SDK/platform/drivers/src/clock/S32K1xx/clock_S32K1xx.o
 .rodata.CLOCK_SYS_GetSimClkOutFreq
                0x0000882c       0x3c ./SDK/platform/drivers/src/clock/S32K1xx/clock_S32K1xx.o
 .rodata.fircFreq.6194
                0x00008868       0x10 ./SDK/platform/drivers/src/clock/S32K1xx/clock_S32K1xx.o
 .rodata.lpspiCom1_MasterConfig0
                0x00008878       0x20 ./Generated_Code/lpspiCom1.o
                0x00008878                lpspiCom1_MasterConfig0
 .rodata.lpit1_InitConfig
                0x00008898        0x2 ./Generated_Code/lpit1.o
                0x00008898                lpit1_InitConfig
 *fill*         0x0000889a        0x2 
 .rodata.canCom1_InitConfig0
                0x0000889c       0x38 ./Generated_Code/canCom1.o
                0x0000889c                canCom1_InitConfig0
 *(.glue_7)
 .glue_7        0x00000000        0x0 linker stubs
 *(.glue_7t)
 .glue_7t       0x00000000        0x0 linker stubs
 *(.eh_frame)
 *(.init)
 *(.fini)
                0x000088d4                . = ALIGN (0x4)

.vfp11_veneer   0x000088d4        0x0
 .vfp11_veneer  0x00000000        0x0 linker stubs

.v4_bx          0x000088d4        0x0
 .v4_bx         0x00000000        0x0 linker stubs

.iplt           0x000088d4        0x0
 .iplt          0x00000000        0x0 C:/NXP/S32DS_ARM_v2018.R1/S32DS/arm_ewl2/lib/armv6-m/__arm_start.o

.ARM.extab
 *(.ARM.extab* .gnu.linkonce.armextab.*)

.ARM            0x000088d4        0x8
                0x000088d4                __exidx_start = .
 *(.ARM.exidx*)
 .ARM.exidx     0x000088d4        0x8 c:/nxp/s32ds_arm_v2018.r1/cross_tools/gcc-arm-none-eabi-4_9/bin/../lib/gcc/arm-none-eabi/4.9.3/armv6-m\libgcc.a(_divdi3.o)
 .ARM.exidx     0x000088dc        0x0 c:/nxp/s32ds_arm_v2018.r1/cross_tools/gcc-arm-none-eabi-4_9/bin/../lib/gcc/arm-none-eabi/4.9.3/armv6-m\libgcc.a(_udivdi3.o)
                                  0x8 (size before relaxing)
                0x000088dc                __exidx_end = .

.rel.dyn        0x000088dc        0x0
 .rel.iplt      0x00000000        0x0 C:/NXP/S32DS_ARM_v2018.R1/S32DS/arm_ewl2/lib/armv6-m/__arm_start.o

.ctors          0x000088dc        0x0
                0x000088dc                __CTOR_LIST__ = .
 *crtbegin.o(.ctors)
 *crtbegin?.o(.ctors)
 *(EXCLUDE_FILE(*crtend.o *crtend?.o) .ctors)
 *(SORT(.ctors.*))
 *(.ctors)
                0x000088dc                __CTOR_END__ = .

.dtors          0x000088dc        0x0
                0x000088dc                __DTOR_LIST__ = .
 *crtbegin.o(.dtors)
 *crtbegin?.o(.dtors)
 *(EXCLUDE_FILE(*crtend.o *crtend?.o) .dtors)
 *(SORT(.dtors.*))
 *(.dtors)
                0x000088dc                __DTOR_END__ = .

.preinit_array  0x000088dc        0x0
                0x000088dc                PROVIDE (__preinit_array_start, .)
 *(.preinit_array*)
                0x000088dc                PROVIDE (__preinit_array_end, .)

.init_array     0x000088dc        0x0
                0x000088dc                PROVIDE (__init_array_start, .)
 *(SORT(.init_array.*))
 *(.init_array*)
                0x000088dc                PROVIDE (__init_array_end, .)

.fini_array     0x000088dc        0x0
                0x000088dc                PROVIDE (__fini_array_start, .)
 *(SORT(.fini_array.*))
 *(.fini_array*)
                0x000088dc                PROVIDE (__fini_array_end, .)
                0x000088dc                __etext = .
                0x000088dc                __DATA_ROM = .

.interrupts_ram
                0x20000000       0xc0
                0x20000000                . = ALIGN (0x4)
                0x20000000                __VECTOR_RAM__ = .
                0x20000000                __RAM_START = .
                0x20000000                __interrupts_ram_start__ = .
 *(.m_interrupts_ram)
                0x200000c0                . = (. + M_VECTOR_RAM_SIZE)
 *fill*         0x20000000       0xc0 
                0x200000c0                . = ALIGN (0x4)
                0x200000c0                __interrupts_ram_end__ = .
                0x20000000                __VECTOR_RAM = DEFINED (__flash_vector_table__)?ORIGIN (m_interrupts):__VECTOR_RAM__
                0x000000c0                __RAM_VECTOR_TABLE_SIZE = DEFINED (__flash_vector_table__)?0x0:(__interrupts_ram_end__ - __interrupts_ram_start__)

.data           0x200000c0      0x560 load address 0x000088dc
                0x200000c0                . = ALIGN (0x4)
                0x200000c0                __DATA_RAM = .
                0x200000c0                __data_start__ = .
 *(.data)
 *(.data*)
 .data.g_lpspiBase
                0x200000c0        0x4 ./SDK/platform/drivers/src/lpspi/lpspi_shared_function.o
                0x200000c0                g_lpspiBase
 .data.g_lpspiIrqId
                0x200000c4        0x1 ./SDK/platform/drivers/src/lpspi/lpspi_shared_function.o
                0x200000c4                g_lpspiIrqId
 *fill*         0x200000c5        0x3 
 .data.peripheralClockConfig.5951
                0x200000c8       0x6e ./SDK/platform/drivers/src/clock/S32K1xx/clock_S32K1xx.o
 *fill*         0x20000136        0x2 
 .data.g_pin_mux_InitConfigArr
                0x20000138      0x408 ./Generated_Code/pin_mux.o
                0x20000138                g_pin_mux_InitConfigArr
 .data.lpit1_ChnConfig0
                0x20000540       0x18 ./Generated_Code/lpit1.o
                0x20000540                lpit1_ChnConfig0
 .data.lpit1_ChnConfig1
                0x20000558       0x18 ./Generated_Code/lpit1.o
                0x20000558                lpit1_ChnConfig1
 .data.peripheralClockConfig0
                0x20000570       0x32 ./Generated_Code/clockMan1.o
                0x20000570                peripheralClockConfig0
 *fill*         0x200005a2        0x2 
 .data.clockMan1_InitConfig0
                0x200005a4       0x78 ./Generated_Code/clockMan1.o
                0x200005a4                clockMan1_InitConfig0
 .data.g_clockManConfigsArr
                0x2000061c        0x4 ./Generated_Code/clockMan1.o
                0x2000061c                g_clockManConfigsArr
 *(.jcr*)
                0x20000620                . = ALIGN (0x4)
                0x20000620                __data_end__ = .
                0x00008e3c                __DATA_END = (__DATA_ROM + (__data_end__ - __data_start__))
                0x00008e3c                __CODE_ROM = __DATA_END

.igot.plt       0x20000620        0x0 load address 0x00008e3c
 .igot.plt      0x00000000        0x0 C:/NXP/S32DS_ARM_v2018.R1/S32DS/arm_ewl2/lib/armv6-m/__arm_start.o

.code           0x20000620        0x0 load address 0x00008e3c
                0x20000620                . = ALIGN (0x4)
                0x20000620                __CODE_RAM = .
                0x20000620                __code_start__ = .
 *(.code_ram)
                0x20000620                . = ALIGN (0x4)
                0x20000620                __code_end__ = .
                0x00008e3c                __CODE_END = (__CODE_ROM + (__code_end__ - __code_start__))

.customSectionBlock
 *(.customSection)

.bss            0x200020c0      0x1d8
                0x200020c0                . = ALIGN (0x4)
                0x200020c0                __BSS_START = .
                0x200020c0                __bss_start__ = .
 *(.bss)
 *(.bss*)
 .bss.send_WD   0x200020c0        0x4 ./Sources/main.o
                0x200020c0                send_WD
 .bss.upPaddleState
                0x200020c4        0x1 ./Sources/main.o
                0x200020c4                upPaddleState
 .bss.downPaddleState
                0x200020c5        0x1 ./Sources/main.o
                0x200020c5                downPaddleState
 .bss.neutralRequestState
                0x200020c6        0x1 ./Sources/main.o
                0x200020c6                neutralRequestState
 .bss.stopShiftState
                0x200020c7        0x1 ./Sources/main.o
                0x200020c7                stopShiftState
 .bss.clutchPosition
                0x200020c8        0x2 ./Sources/main.o
                0x200020c8                clutchPosition
 .bss.shifting  0x200020ca        0x1 ./Sources/main.o
                0x200020ca                shifting
 *fill*         0x200020cb        0x1 
 .bss.s_osif_tick_cnt
                0x200020cc        0x4 ./SDK/rtos/osif/osif_baremetal.o
 .bss.g_lpspiStatePtr
                0x200020d0        0x4 ./SDK/platform/drivers/src/lpspi/lpspi_shared_function.o
                0x200020d0                g_lpspiStatePtr
 .bss.s_lpitSourceClockFrequency
                0x200020d4        0x4 ./SDK/platform/drivers/src/lpit/lpit_driver.o
 .bss.g_interruptDisableCount
                0x200020d8        0x4 ./SDK/platform/drivers/src/interrupt/interrupt_manager.o
 .bss.g_flexcanStatePtr
                0x200020dc        0x4 ./SDK/platform/drivers/src/flexcan/flexcan_driver.o
 .bss.s_virtEdmaState
                0x200020e0        0x4 ./SDK/platform/drivers/src/edma/edma_driver.o
 .bss.g_clockState
                0x200020e4       0x10 ./SDK/platform/drivers/src/clock/clock_manager.o
 .bss.g_clockManCallbacksArr
                0x200020f4        0x4 ./Generated_Code/clockMan1.o
                0x200020f4                g_clockManCallbacksArr
 *(COMMON)
 COMMON         0x200020f8       0x4c ./Sources/main.o
                0x200020f8                data
 COMMON         0x20002144       0x14 ./SDK/platform/drivers/src/clock/S32K1xx/clock_S32K1xx.o
                0x20002144                g_xtal0ClkFreq
                0x20002148                g_RtcClkInFreq
                0x2000214c                g_TClkFreq
 COMMON         0x20002158       0x34 ./Generated_Code/lpspiCom1.o
                0x20002158                lpspiCom1State
 COMMON         0x2000218c      0x10c ./Generated_Code/canCom1.o
                0x2000218c                canCom1_State
                0x20002298                . = ALIGN (0x4)
                0x20002298                __bss_end__ = .
                0x20002298                __BSS_END = .

.heap           0x20002298      0x200
                0x20002298                . = ALIGN (0x8)
                0x20002298                __end__ = .
                0x20002298                PROVIDE (end, .)
                0x20002298                PROVIDE (_end, .)
                0x20002298                PROVIDE (__end, .)
                0x20002298                __HeapBase = .
                0x20002498                . = (. + HEAP_SIZE)
 *fill*         0x20002298      0x200 
                0x20002498                __HeapLimit = .
                0x20002498                __heap_limit = .

.stack          0x20002498      0x200
                0x20002498                . = ALIGN (0x8)
                0x20002698                . = (. + STACK_SIZE)
 *fill*         0x20002498      0x200 
                0x20003800                __StackTop = (ORIGIN (m_data_2) + 0x1740)
                0x20003600                __StackLimit = (__StackTop - STACK_SIZE)
                0x20003800                PROVIDE (__stack, __StackTop)
                0x20003800                __RAM_END = __StackTop

.ARM.attributes
                0x00000000       0x29
 *(.ARM.attributes)
 .ARM.attributes
                0x00000000       0x32 ./Sources/main.o
 .ARM.attributes
                0x00000032       0x32 ./SDK/rtos/osif/osif_baremetal.o
 .ARM.attributes
                0x00000064       0x32 ./SDK/platform/drivers/src/pins/pins_port_hw_access.o
 .ARM.attributes
                0x00000096       0x32 ./SDK/platform/drivers/src/pins/pins_driver.o
 .ARM.attributes
                0x000000c8       0x32 ./SDK/platform/drivers/src/lpspi/lpspi_slave_driver.o
 .ARM.attributes
                0x000000fa       0x32 ./SDK/platform/drivers/src/lpspi/lpspi_shared_function.o
 .ARM.attributes
                0x0000012c       0x32 ./SDK/platform/drivers/src/lpspi/lpspi_master_driver.o
 .ARM.attributes
                0x0000015e       0x32 ./SDK/platform/drivers/src/lpspi/lpspi_irq.o
 .ARM.attributes
                0x00000190       0x32 ./SDK/platform/drivers/src/lpspi/lpspi_hw_access.o
 .ARM.attributes
                0x000001c2       0x32 ./SDK/platform/drivers/src/lpit/lpit_driver.o
 .ARM.attributes
                0x000001f4       0x32 ./SDK/platform/drivers/src/interrupt/interrupt_manager.o
 .ARM.attributes
                0x00000226       0x32 ./SDK/platform/drivers/src/flexcan/flexcan_irq.o
 .ARM.attributes
                0x00000258       0x32 ./SDK/platform/drivers/src/flexcan/flexcan_hw_access.o
 .ARM.attributes
                0x0000028a       0x32 ./SDK/platform/drivers/src/flexcan/flexcan_driver.o
 .ARM.attributes
                0x000002bc       0x32 ./SDK/platform/drivers/src/edma/edma_irq.o
 .ARM.attributes
                0x000002ee       0x32 ./SDK/platform/drivers/src/edma/edma_hw_access.o
 .ARM.attributes
                0x00000320       0x32 ./SDK/platform/drivers/src/edma/edma_driver.o
 .ARM.attributes
                0x00000352       0x32 ./SDK/platform/drivers/src/clock/clock_manager.o
 .ARM.attributes
                0x00000384       0x32 ./SDK/platform/drivers/src/clock/S32K1xx/clock_S32K1xx.o
 .ARM.attributes
                0x000003b6       0x32 ./SDK/platform/devices/startup.o
 .ARM.attributes
                0x000003e8       0x32 ./SDK/platform/devices/S32K116/startup/system_S32K116.o
 .ARM.attributes
                0x0000041a       0x1b ./Project_Settings/Startup_Code/startup_S32K116.o
 .ARM.attributes
                0x00000435       0x32 ./Generated_Code/pin_mux.o
 .ARM.attributes
                0x00000467       0x32 ./Generated_Code/lpspiCom1.o
 .ARM.attributes
                0x00000499       0x32 ./Generated_Code/lpit1.o
 .ARM.attributes
                0x000004cb       0x32 ./Generated_Code/clockMan1.o
 .ARM.attributes
                0x000004fd       0x32 ./Generated_Code/canCom1.o
 .ARM.attributes
                0x0000052f       0x31 C:/NXP/S32DS_ARM_v2018.R1/S32DS/arm_ewl2/lib/armv6-m\libc99.a(memcpy.o)
 .ARM.attributes
                0x00000560       0x1e c:/nxp/s32ds_arm_v2018.r1/cross_tools/gcc-arm-none-eabi-4_9/bin/../lib/gcc/arm-none-eabi/4.9.3/armv6-m\libgcc.a(_udivsi3.o)
 .ARM.attributes
                0x0000057e       0x1e c:/nxp/s32ds_arm_v2018.r1/cross_tools/gcc-arm-none-eabi-4_9/bin/../lib/gcc/arm-none-eabi/4.9.3/armv6-m\libgcc.a(_divsi3.o)
 .ARM.attributes
                0x0000059c       0x1e c:/nxp/s32ds_arm_v2018.r1/cross_tools/gcc-arm-none-eabi-4_9/bin/../lib/gcc/arm-none-eabi/4.9.3/armv6-m\libgcc.a(_dvmd_tls.o)
 .ARM.attributes
                0x000005ba       0x1e c:/nxp/s32ds_arm_v2018.r1/cross_tools/gcc-arm-none-eabi-4_9/bin/../lib/gcc/arm-none-eabi/4.9.3/armv6-m\libgcc.a(_aeabi_uldivmod.o)
 .ARM.attributes
                0x000005d8       0x2c c:/nxp/s32ds_arm_v2018.r1/cross_tools/gcc-arm-none-eabi-4_9/bin/../lib/gcc/arm-none-eabi/4.9.3/armv6-m\libgcc.a(_muldi3.o)
 .ARM.attributes
                0x00000604       0x2c c:/nxp/s32ds_arm_v2018.r1/cross_tools/gcc-arm-none-eabi-4_9/bin/../lib/gcc/arm-none-eabi/4.9.3/armv6-m\libgcc.a(bpabi.o)
 .ARM.attributes
                0x00000630       0x2c c:/nxp/s32ds_arm_v2018.r1/cross_tools/gcc-arm-none-eabi-4_9/bin/../lib/gcc/arm-none-eabi/4.9.3/armv6-m\libgcc.a(_divdi3.o)
 .ARM.attributes
                0x0000065c       0x2c c:/nxp/s32ds_arm_v2018.r1/cross_tools/gcc-arm-none-eabi-4_9/bin/../lib/gcc/arm-none-eabi/4.9.3/armv6-m\libgcc.a(_udivdi3.o)
 .ARM.attributes
                0x00000688       0x1e c:/nxp/s32ds_arm_v2018.r1/cross_tools/gcc-arm-none-eabi-4_9/bin/../lib/gcc/arm-none-eabi/4.9.3/armv6-m\libgcc.a(_clzdi2.o)
 .ARM.attributes
                0x000006a6       0x1e c:/nxp/s32ds_arm_v2018.r1/cross_tools/gcc-arm-none-eabi-4_9/bin/../lib/gcc/arm-none-eabi/4.9.3/armv6-m\libgcc.a(_clzsi2.o)
                0x00000001                ASSERT ((__StackLimit >= __HeapLimit), region m_data_2 overflowed with stack and heap)
OUTPUT(ShiftController2020.elf elf32-littlearm)

.debug_info     0x00000000    0x17ceb
 .debug_info    0x00000000     0x2019 ./Sources/main.o
 .debug_info    0x00002019      0x825 ./SDK/rtos/osif/osif_baremetal.o
 .debug_info    0x0000283e      0x7a5 ./SDK/platform/drivers/src/pins/pins_port_hw_access.o
 .debug_info    0x00002fe3     0x10a2 ./SDK/platform/drivers/src/pins/pins_driver.o
 .debug_info    0x00004085     0x10ba ./SDK/platform/drivers/src/lpspi/lpspi_slave_driver.o
 .debug_info    0x0000513f      0x9d5 ./SDK/platform/drivers/src/lpspi/lpspi_shared_function.o
 .debug_info    0x00005b14     0x1495 ./SDK/platform/drivers/src/lpspi/lpspi_master_driver.o
 .debug_info    0x00006fa9       0x8f ./SDK/platform/drivers/src/lpspi/lpspi_irq.o
 .debug_info    0x00007038     0x102a ./SDK/platform/drivers/src/lpspi/lpspi_hw_access.o
 .debug_info    0x00008062     0x12d0 ./SDK/platform/drivers/src/lpit/lpit_driver.o
 .debug_info    0x00009332      0x67e ./SDK/platform/drivers/src/interrupt/interrupt_manager.o
 .debug_info    0x000099b0       0x99 ./SDK/platform/drivers/src/flexcan/flexcan_irq.o
 .debug_info    0x00009a49     0x1719 ./SDK/platform/drivers/src/flexcan/flexcan_hw_access.o
 .debug_info    0x0000b162     0x25d2 ./SDK/platform/drivers/src/flexcan/flexcan_driver.o
 .debug_info    0x0000d734      0x50b ./SDK/platform/drivers/src/edma/edma_irq.o
 .debug_info    0x0000dc3f      0x8f6 ./SDK/platform/drivers/src/edma/edma_hw_access.o
 .debug_info    0x0000e535     0x2779 ./SDK/platform/drivers/src/edma/edma_driver.o
 .debug_info    0x00010cae     0x1157 ./SDK/platform/drivers/src/clock/clock_manager.o
 .debug_info    0x00011e05     0x32af ./SDK/platform/drivers/src/clock/S32K1xx/clock_S32K1xx.o
 .debug_info    0x000150b4      0x380 ./SDK/platform/devices/startup.o
 .debug_info    0x00015434      0x3d8 ./SDK/platform/devices/S32K116/startup/system_S32K116.o
 .debug_info    0x0001580c       0xb7 ./Project_Settings/Startup_Code/startup_S32K116.o
 .debug_info    0x000158c3      0x3d2 ./Generated_Code/pin_mux.o
 .debug_info    0x00015c95      0x5f5 ./Generated_Code/lpspiCom1.o
 .debug_info    0x0001628a      0x34f ./Generated_Code/lpit1.o
 .debug_info    0x000165d9     0x1036 ./Generated_Code/clockMan1.o
 .debug_info    0x0001760f      0x5cd ./Generated_Code/canCom1.o
 .debug_info    0x00017bdc      0x10f C:/NXP/S32DS_ARM_v2018.R1/S32DS/arm_ewl2/lib/armv6-m\libc99.a(memcpy.o)

.debug_abbrev   0x00000000     0x2987
 .debug_abbrev  0x00000000      0x24f ./Sources/main.o
 .debug_abbrev  0x0000024f      0x1fc ./SDK/rtos/osif/osif_baremetal.o
 .debug_abbrev  0x0000044b      0x144 ./SDK/platform/drivers/src/pins/pins_port_hw_access.o
 .debug_abbrev  0x0000058f      0x234 ./SDK/platform/drivers/src/pins/pins_driver.o
 .debug_abbrev  0x000007c3      0x205 ./SDK/platform/drivers/src/lpspi/lpspi_slave_driver.o
 .debug_abbrev  0x000009c8      0x1cb ./SDK/platform/drivers/src/lpspi/lpspi_shared_function.o
 .debug_abbrev  0x00000b93      0x21f ./SDK/platform/drivers/src/lpspi/lpspi_master_driver.o
 .debug_abbrev  0x00000db2       0x45 ./SDK/platform/drivers/src/lpspi/lpspi_irq.o
 .debug_abbrev  0x00000df7      0x215 ./SDK/platform/drivers/src/lpspi/lpspi_hw_access.o
 .debug_abbrev  0x0000100c      0x1f5 ./SDK/platform/drivers/src/lpit/lpit_driver.o
 .debug_abbrev  0x00001201      0x199 ./SDK/platform/drivers/src/interrupt/interrupt_manager.o
 .debug_abbrev  0x0000139a       0x45 ./SDK/platform/drivers/src/flexcan/flexcan_irq.o
 .debug_abbrev  0x000013df      0x288 ./SDK/platform/drivers/src/flexcan/flexcan_hw_access.o
 .debug_abbrev  0x00001667      0x2d1 ./SDK/platform/drivers/src/flexcan/flexcan_driver.o
 .debug_abbrev  0x00001938      0x169 ./SDK/platform/drivers/src/edma/edma_irq.o
 .debug_abbrev  0x00001aa1      0x1cc ./SDK/platform/drivers/src/edma/edma_hw_access.o
 .debug_abbrev  0x00001c6d      0x28c ./SDK/platform/drivers/src/edma/edma_driver.o
 .debug_abbrev  0x00001ef9      0x16b ./SDK/platform/drivers/src/clock/clock_manager.o
 .debug_abbrev  0x00002064      0x22f ./SDK/platform/drivers/src/clock/S32K1xx/clock_S32K1xx.o
 .debug_abbrev  0x00002293      0x101 ./SDK/platform/devices/startup.o
 .debug_abbrev  0x00002394      0x132 ./SDK/platform/devices/S32K116/startup/system_S32K116.o
 .debug_abbrev  0x000024c6       0x14 ./Project_Settings/Startup_Code/startup_S32K116.o
 .debug_abbrev  0x000024da       0xbe ./Generated_Code/pin_mux.o
 .debug_abbrev  0x00002598       0xc3 ./Generated_Code/lpspiCom1.o
 .debug_abbrev  0x0000265b       0x8d ./Generated_Code/lpit1.o
 .debug_abbrev  0x000026e8      0x10a ./Generated_Code/clockMan1.o
 .debug_abbrev  0x000027f2      0x100 ./Generated_Code/canCom1.o
 .debug_abbrev  0x000028f2       0x95 C:/NXP/S32DS_ARM_v2018.R1/S32DS/arm_ewl2/lib/armv6-m\libc99.a(memcpy.o)

.debug_aranges  0x00000000     0x1308
 .debug_aranges
                0x00000000       0x80 ./Sources/main.o
 .debug_aranges
                0x00000080       0x98 ./SDK/rtos/osif/osif_baremetal.o
 .debug_aranges
                0x00000118       0x38 ./SDK/platform/drivers/src/pins/pins_port_hw_access.o
 .debug_aranges
                0x00000150      0x170 ./SDK/platform/drivers/src/pins/pins_driver.o
 .debug_aranges
                0x000002c0       0x90 ./SDK/platform/drivers/src/lpspi/lpspi_slave_driver.o
 .debug_aranges
                0x00000350       0x70 ./SDK/platform/drivers/src/lpspi/lpspi_shared_function.o
 .debug_aranges
                0x000003c0       0xe0 ./SDK/platform/drivers/src/lpspi/lpspi_master_driver.o
 .debug_aranges
                0x000004a0       0x20 ./SDK/platform/drivers/src/lpspi/lpspi_irq.o
 .debug_aranges
                0x000004c0       0xd8 ./SDK/platform/drivers/src/lpspi/lpspi_hw_access.o
 .debug_aranges
                0x00000598      0x140 ./SDK/platform/drivers/src/lpit/lpit_driver.o
 .debug_aranges
                0x000006d8       0x68 ./SDK/platform/drivers/src/interrupt/interrupt_manager.o
 .debug_aranges
                0x00000740       0x28 ./SDK/platform/drivers/src/flexcan/flexcan_irq.o
 .debug_aranges
                0x00000768      0x140 ./SDK/platform/drivers/src/flexcan/flexcan_hw_access.o
 .debug_aranges
                0x000008a8      0x260 ./SDK/platform/drivers/src/flexcan/flexcan_driver.o
 .debug_aranges
                0x00000b08       0xa8 ./SDK/platform/drivers/src/edma/edma_irq.o
 .debug_aranges
                0x00000bb0       0x88 ./SDK/platform/drivers/src/edma/edma_hw_access.o
 .debug_aranges
                0x00000c38      0x220 ./SDK/platform/drivers/src/edma/edma_driver.o
 .debug_aranges
                0x00000e58       0x38 ./SDK/platform/drivers/src/clock/clock_manager.o
 .debug_aranges
                0x00000e90      0x370 ./SDK/platform/drivers/src/clock/S32K1xx/clock_S32K1xx.o
 .debug_aranges
                0x00001200       0x20 ./SDK/platform/devices/startup.o
 .debug_aranges
                0x00001220       0x30 ./SDK/platform/devices/S32K116/startup/system_S32K116.o
 .debug_aranges
                0x00001250       0x20 ./Project_Settings/Startup_Code/startup_S32K116.o
 .debug_aranges
                0x00001270       0x18 ./Generated_Code/pin_mux.o
 .debug_aranges
                0x00001288       0x18 ./Generated_Code/lpspiCom1.o
 .debug_aranges
                0x000012a0       0x18 ./Generated_Code/lpit1.o
 .debug_aranges
                0x000012b8       0x18 ./Generated_Code/clockMan1.o
 .debug_aranges
                0x000012d0       0x18 ./Generated_Code/canCom1.o
 .debug_aranges
                0x000012e8       0x20 C:/NXP/S32DS_ARM_v2018.R1/S32DS/arm_ewl2/lib/armv6-m\libc99.a(memcpy.o)

.debug_ranges   0x00000000     0x1100
 .debug_ranges  0x00000000       0x70 ./Sources/main.o
 .debug_ranges  0x00000070       0x88 ./SDK/rtos/osif/osif_baremetal.o
 .debug_ranges  0x000000f8       0x28 ./SDK/platform/drivers/src/pins/pins_port_hw_access.o
 .debug_ranges  0x00000120      0x160 ./SDK/platform/drivers/src/pins/pins_driver.o
 .debug_ranges  0x00000280       0x80 ./SDK/platform/drivers/src/lpspi/lpspi_slave_driver.o
 .debug_ranges  0x00000300       0x60 ./SDK/platform/drivers/src/lpspi/lpspi_shared_function.o
 .debug_ranges  0x00000360       0xd0 ./SDK/platform/drivers/src/lpspi/lpspi_master_driver.o
 .debug_ranges  0x00000430       0x10 ./SDK/platform/drivers/src/lpspi/lpspi_irq.o
 .debug_ranges  0x00000440       0xc8 ./SDK/platform/drivers/src/lpspi/lpspi_hw_access.o
 .debug_ranges  0x00000508      0x130 ./SDK/platform/drivers/src/lpit/lpit_driver.o
 .debug_ranges  0x00000638       0x58 ./SDK/platform/drivers/src/interrupt/interrupt_manager.o
 .debug_ranges  0x00000690       0x18 ./SDK/platform/drivers/src/flexcan/flexcan_irq.o
 .debug_ranges  0x000006a8      0x130 ./SDK/platform/drivers/src/flexcan/flexcan_hw_access.o
 .debug_ranges  0x000007d8      0x250 ./SDK/platform/drivers/src/flexcan/flexcan_driver.o
 .debug_ranges  0x00000a28       0x98 ./SDK/platform/drivers/src/edma/edma_irq.o
 .debug_ranges  0x00000ac0       0x78 ./SDK/platform/drivers/src/edma/edma_hw_access.o
 .debug_ranges  0x00000b38      0x210 ./SDK/platform/drivers/src/edma/edma_driver.o
 .debug_ranges  0x00000d48       0x28 ./SDK/platform/drivers/src/clock/clock_manager.o
 .debug_ranges  0x00000d70      0x360 ./SDK/platform/drivers/src/clock/S32K1xx/clock_S32K1xx.o
 .debug_ranges  0x000010d0       0x10 ./SDK/platform/devices/startup.o
 .debug_ranges  0x000010e0       0x20 ./SDK/platform/devices/S32K116/startup/system_S32K116.o

.debug_macro    0x00000000    0x1d044
 .debug_macro   0x00000000      0x27e ./Sources/main.o
 .debug_macro   0x0000027e      0x81a ./Sources/main.o
 .debug_macro   0x00000a98       0x52 ./Sources/main.o
 .debug_macro   0x00000aea       0xa0 ./Sources/main.o
 .debug_macro   0x00000b8a       0x16 ./Sources/main.o
 .debug_macro   0x00000ba0       0x10 ./Sources/main.o
 .debug_macro   0x00000bb0       0x6b ./Sources/main.o
 .debug_macro   0x00000c1b       0x16 ./Sources/main.o
 .debug_macro   0x00000c31       0x64 ./Sources/main.o
 .debug_macro   0x00000c95      0x185 ./Sources/main.o
 .debug_macro   0x00000e1a      0x140 ./Sources/main.o
 .debug_macro   0x00000f5a       0x9d ./Sources/main.o
 .debug_macro   0x00000ff7       0x10 ./Sources/main.o
 .debug_macro   0x00001007      0x15b ./Sources/main.o
 .debug_macro   0x00001162       0x28 ./Sources/main.o
 .debug_macro   0x0000118a       0x58 ./Sources/main.o
 .debug_macro   0x000011e2     0xc62a ./Sources/main.o
 .debug_macro   0x0000d80c      0x8b1 ./Sources/main.o
 .debug_macro   0x0000e0bd       0x22 ./Sources/main.o
 .debug_macro   0x0000e0df       0x71 ./Sources/main.o
 .debug_macro   0x0000e150       0x16 ./Sources/main.o
 .debug_macro   0x0000e166       0x16 ./Sources/main.o
 .debug_macro   0x0000e17c       0x16 ./Sources/main.o
 .debug_macro   0x0000e192       0x16 ./Sources/main.o
 .debug_macro   0x0000e1a8       0x10 ./Sources/main.o
 .debug_macro   0x0000e1b8       0x1c ./Sources/main.o
 .debug_macro   0x0000e1d4       0x22 ./Sources/main.o
 .debug_macro   0x0000e1f6       0x16 ./Sources/main.o
 .debug_macro   0x0000e20c       0x16 ./Sources/main.o
 .debug_macro   0x0000e222       0x10 ./Sources/main.o
 .debug_macro   0x0000e232       0x10 ./Sources/main.o
 .debug_macro   0x0000e242       0x10 ./Sources/main.o
 .debug_macro   0x0000e252      0x14f ./SDK/rtos/osif/osif_baremetal.o
 .debug_macro   0x0000e3a1     0xc63c ./SDK/rtos/osif/osif_baremetal.o
 .debug_macro   0x0001a9dd      0x135 ./SDK/platform/drivers/src/pins/pins_port_hw_access.o
 .debug_macro   0x0001ab12      0x1af ./SDK/platform/drivers/src/pins/pins_port_hw_access.o
 .debug_macro   0x0001acc1      0x13b ./SDK/platform/drivers/src/pins/pins_driver.o
 .debug_macro   0x0001adfc      0x1a0 ./SDK/platform/drivers/src/lpspi/lpspi_slave_driver.o
 .debug_macro   0x0001af9c       0x10 ./SDK/platform/drivers/src/lpspi/lpspi_slave_driver.o
 .debug_macro   0x0001afac      0x172 ./SDK/platform/drivers/src/lpspi/lpspi_shared_function.o
 .debug_macro   0x0001b11e      0x1a6 ./SDK/platform/drivers/src/lpspi/lpspi_master_driver.o
 .debug_macro   0x0001b2c4      0x173 ./SDK/platform/drivers/src/lpspi/lpspi_irq.o
 .debug_macro   0x0001b437      0x154 ./SDK/platform/drivers/src/lpspi/lpspi_hw_access.o
 .debug_macro   0x0001b58b      0x141 ./SDK/platform/drivers/src/lpit/lpit_driver.o
 .debug_macro   0x0001b6cc       0x16 ./SDK/platform/drivers/src/lpit/lpit_driver.o
 .debug_macro   0x0001b6e2       0xe4 ./SDK/platform/drivers/src/interrupt/interrupt_manager.o
 .debug_macro   0x0001b7c6       0xe4 ./SDK/platform/drivers/src/flexcan/flexcan_irq.o
 .debug_macro   0x0001b8aa      0x235 ./SDK/platform/drivers/src/flexcan/flexcan_hw_access.o
 .debug_macro   0x0001badf       0xcb ./SDK/platform/drivers/src/flexcan/flexcan_hw_access.o
 .debug_macro   0x0001bbaa      0x174 ./SDK/platform/drivers/src/flexcan/flexcan_driver.o
 .debug_macro   0x0001bd1e      0x12e ./SDK/platform/drivers/src/edma/edma_irq.o
 .debug_macro   0x0001be4c      0x12a ./SDK/platform/drivers/src/edma/edma_hw_access.o
 .debug_macro   0x0001bf76      0x14b ./SDK/platform/drivers/src/edma/edma_driver.o
 .debug_macro   0x0001c0c1      0x134 ./SDK/platform/drivers/src/clock/clock_manager.o
 .debug_macro   0x0001c1f5      0x2ac ./SDK/platform/drivers/src/clock/S32K1xx/clock_S32K1xx.o
 .debug_macro   0x0001c4a1       0xe4 ./SDK/platform/devices/startup.o
 .debug_macro   0x0001c585       0xe3 ./SDK/platform/devices/S32K116/startup/system_S32K116.o
 .debug_macro   0x0001c668      0x13a ./Generated_Code/pin_mux.o
 .debug_macro   0x0001c7a2      0x22d ./Generated_Code/lpspiCom1.o
 .debug_macro   0x0001c9cf      0x22d ./Generated_Code/lpit1.o
 .debug_macro   0x0001cbfc      0x222 ./Generated_Code/clockMan1.o
 .debug_macro   0x0001ce1e      0x226 ./Generated_Code/canCom1.o

.debug_line     0x00000000     0xb207
 .debug_line    0x00000000      0x784 ./Sources/main.o
 .debug_line    0x00000784      0x55e ./SDK/rtos/osif/osif_baremetal.o
 .debug_line    0x00000ce2      0x45f ./SDK/platform/drivers/src/pins/pins_port_hw_access.o
 .debug_line    0x00001141      0x73a ./SDK/platform/drivers/src/pins/pins_driver.o
 .debug_line    0x0000187b      0x70a ./SDK/platform/drivers/src/lpspi/lpspi_slave_driver.o
 .debug_line    0x00001f85      0x620 ./SDK/platform/drivers/src/lpspi/lpspi_shared_function.o
 .debug_line    0x000025a5      0x834 ./SDK/platform/drivers/src/lpspi/lpspi_master_driver.o
 .debug_line    0x00002dd9      0x4b5 ./SDK/platform/drivers/src/lpspi/lpspi_irq.o
 .debug_line    0x0000328e      0x746 ./SDK/platform/drivers/src/lpspi/lpspi_hw_access.o
 .debug_line    0x000039d4      0x7f7 ./SDK/platform/drivers/src/lpit/lpit_driver.o
 .debug_line    0x000041cb      0x46b ./SDK/platform/drivers/src/interrupt/interrupt_manager.o
 .debug_line    0x00004636      0x311 ./SDK/platform/drivers/src/flexcan/flexcan_irq.o
 .debug_line    0x00004947      0xacc ./SDK/platform/drivers/src/flexcan/flexcan_hw_access.o
 .debug_line    0x00005413      0xc60 ./SDK/platform/drivers/src/flexcan/flexcan_driver.o
 .debug_line    0x00006073      0x519 ./SDK/platform/drivers/src/edma/edma_irq.o
 .debug_line    0x0000658c      0x56e ./SDK/platform/drivers/src/edma/edma_hw_access.o
 .debug_line    0x00006afa      0xd24 ./SDK/platform/drivers/src/edma/edma_driver.o
 .debug_line    0x0000781e      0x4c1 ./SDK/platform/drivers/src/clock/clock_manager.o
 .debug_line    0x00007cdf     0x1375 ./SDK/platform/drivers/src/clock/S32K1xx/clock_S32K1xx.o
 .debug_line    0x00009054      0x270 ./SDK/platform/devices/startup.o
 .debug_line    0x000092c4      0x34b ./SDK/platform/devices/S32K116/startup/system_S32K116.o
 .debug_line    0x0000960f       0x92 ./Project_Settings/Startup_Code/startup_S32K116.o
 .debug_line    0x000096a1      0x37e ./Generated_Code/pin_mux.o
 .debug_line    0x00009a1f      0x5d8 ./Generated_Code/lpspiCom1.o
 .debug_line    0x00009ff7      0x5d4 ./Generated_Code/lpit1.o
 .debug_line    0x0000a5cb      0x5d8 ./Generated_Code/clockMan1.o
 .debug_line    0x0000aba3      0x5d6 ./Generated_Code/canCom1.o
 .debug_line    0x0000b179       0x8e C:/NXP/S32DS_ARM_v2018.R1/S32DS/arm_ewl2/lib/armv6-m\libc99.a(memcpy.o)

.debug_str      0x00000000    0x6201e
 .debug_str     0x00000000    0x5ab9e ./Sources/main.o
                              0x5acae (size before relaxing)
 .debug_str     0x0005ab9e      0x1f1 ./SDK/rtos/osif/osif_baremetal.o
                              0x5876a (size before relaxing)
 .debug_str     0x0005ad8f      0x16c ./SDK/platform/drivers/src/pins/pins_port_hw_access.o
                              0x585af (size before relaxing)
 .debug_str     0x0005aefb      0x493 ./SDK/platform/drivers/src/pins/pins_driver.o
                              0x589c3 (size before relaxing)
 .debug_str     0x0005b38e      0x65b ./SDK/platform/drivers/src/lpspi/lpspi_slave_driver.o
                              0x591c6 (size before relaxing)
 .debug_str     0x0005b9e9      0x1cd ./SDK/platform/drivers/src/lpspi/lpspi_shared_function.o
                              0x58552 (size before relaxing)
 .debug_str     0x0005bbb6      0x399 ./SDK/platform/drivers/src/lpspi/lpspi_master_driver.o
                              0x59461 (size before relaxing)
 .debug_str     0x0005bf4f       0x40 ./SDK/platform/drivers/src/lpspi/lpspi_irq.o
                              0x57b6d (size before relaxing)
 .debug_str     0x0005bf8f      0x50e ./SDK/platform/drivers/src/lpspi/lpspi_hw_access.o
                              0x58ff6 (size before relaxing)
 .debug_str     0x0005c49d      0x5b7 ./SDK/platform/drivers/src/lpit/lpit_driver.o
                              0x58fc4 (size before relaxing)
 .debug_str     0x0005ca54      0x1f8 ./SDK/platform/drivers/src/interrupt/interrupt_manager.o
                              0x57b72 (size before relaxing)
 .debug_str     0x0005cc4c       0x7e ./SDK/platform/drivers/src/flexcan/flexcan_irq.o
                              0x57774 (size before relaxing)
 .debug_str     0x0005ccca     0x135d ./SDK/platform/drivers/src/flexcan/flexcan_hw_access.o
                              0x59745 (size before relaxing)
 .debug_str     0x0005e027      0x8fa ./SDK/platform/drivers/src/flexcan/flexcan_driver.o
                              0x59e32 (size before relaxing)
 .debug_str     0x0005e921      0x22b ./SDK/platform/drivers/src/edma/edma_irq.o
                              0x57b93 (size before relaxing)
 .debug_str     0x0005eb4c      0x3fc ./SDK/platform/drivers/src/edma/edma_hw_access.o
                              0x57e8e (size before relaxing)
 .debug_str     0x0005ef48      0xfbe ./SDK/platform/drivers/src/edma/edma_driver.o
                              0x59d5c (size before relaxing)
 .debug_str     0x0005ff06      0x19a ./SDK/platform/drivers/src/clock/clock_manager.o
                              0x59639 (size before relaxing)
 .debug_str     0x000600a0     0x1b62 ./SDK/platform/drivers/src/clock/S32K1xx/clock_S32K1xx.o
                              0x5aed1 (size before relaxing)
 .debug_str     0x00061c02      0x119 ./SDK/platform/devices/startup.o
                              0x57899 (size before relaxing)
 .debug_str     0x00061d1b       0xb1 ./SDK/platform/devices/S32K116/startup/system_S32K116.o
                              0x57930 (size before relaxing)
 .debug_str     0x00061dcc       0x1c ./Generated_Code/pin_mux.o
                              0x57c61 (size before relaxing)
 .debug_str     0x00061de8       0x35 ./Generated_Code/lpspiCom1.o
                              0x58413 (size before relaxing)
 .debug_str     0x00061e1d       0x1a ./Generated_Code/lpit1.o
                              0x582b3 (size before relaxing)
 .debug_str     0x00061e37       0x4b ./Generated_Code/clockMan1.o
                              0x5988b (size before relaxing)
 .debug_str     0x00061e82       0x1c ./Generated_Code/canCom1.o
                              0x586f0 (size before relaxing)
 .debug_str     0x00061e9e      0x180 C:/NXP/S32DS_ARM_v2018.R1/S32DS/arm_ewl2/lib/armv6-m\libc99.a(memcpy.o)
                                0x217 (size before relaxing)

.comment        0x00000000       0x70
 .comment       0x00000000       0x70 ./Sources/main.o
                                 0x71 (size before relaxing)
 .comment       0x00000000       0x71 ./SDK/rtos/osif/osif_baremetal.o
 .comment       0x00000000       0x71 ./SDK/platform/drivers/src/pins/pins_port_hw_access.o
 .comment       0x00000000       0x71 ./SDK/platform/drivers/src/pins/pins_driver.o
 .comment       0x00000000       0x71 ./SDK/platform/drivers/src/lpspi/lpspi_slave_driver.o
 .comment       0x00000000       0x71 ./SDK/platform/drivers/src/lpspi/lpspi_shared_function.o
 .comment       0x00000000       0x71 ./SDK/platform/drivers/src/lpspi/lpspi_master_driver.o
 .comment       0x00000000       0x71 ./SDK/platform/drivers/src/lpspi/lpspi_irq.o
 .comment       0x00000000       0x71 ./SDK/platform/drivers/src/lpspi/lpspi_hw_access.o
 .comment       0x00000000       0x71 ./SDK/platform/drivers/src/lpit/lpit_driver.o
 .comment       0x00000000       0x71 ./SDK/platform/drivers/src/interrupt/interrupt_manager.o
 .comment       0x00000000       0x71 ./SDK/platform/drivers/src/flexcan/flexcan_irq.o
 .comment       0x00000000       0x71 ./SDK/platform/drivers/src/flexcan/flexcan_hw_access.o
 .comment       0x00000000       0x71 ./SDK/platform/drivers/src/flexcan/flexcan_driver.o
 .comment       0x00000000       0x71 ./SDK/platform/drivers/src/edma/edma_irq.o
 .comment       0x00000000       0x71 ./SDK/platform/drivers/src/edma/edma_hw_access.o
 .comment       0x00000000       0x71 ./SDK/platform/drivers/src/edma/edma_driver.o
 .comment       0x00000000       0x71 ./SDK/platform/drivers/src/clock/clock_manager.o
 .comment       0x00000000       0x71 ./SDK/platform/drivers/src/clock/S32K1xx/clock_S32K1xx.o
 .comment       0x00000000       0x71 ./SDK/platform/devices/startup.o
 .comment       0x00000000       0x71 ./SDK/platform/devices/S32K116/startup/system_S32K116.o
 .comment       0x00000000       0x71 ./Generated_Code/pin_mux.o
 .comment       0x00000000       0x71 ./Generated_Code/lpspiCom1.o
 .comment       0x00000000       0x71 ./Generated_Code/lpit1.o
 .comment       0x00000000       0x71 ./Generated_Code/clockMan1.o
 .comment       0x00000000       0x71 ./Generated_Code/canCom1.o
 .comment       0x00000000       0x71 C:/NXP/S32DS_ARM_v2018.R1/S32DS/arm_ewl2/lib/armv6-m\libc99.a(memcpy.o)

.debug_frame    0x00000000     0x43cc
 .debug_frame   0x00000000      0x19c ./Sources/main.o
 .debug_frame   0x0000019c      0x1f8 ./SDK/rtos/osif/osif_baremetal.o
 .debug_frame   0x00000394       0x90 ./SDK/platform/drivers/src/pins/pins_port_hw_access.o
 .debug_frame   0x00000424      0x570 ./SDK/platform/drivers/src/pins/pins_driver.o
 .debug_frame   0x00000994      0x1f4 ./SDK/platform/drivers/src/lpspi/lpspi_slave_driver.o
 .debug_frame   0x00000b88      0x170 ./SDK/platform/drivers/src/lpspi/lpspi_shared_function.o
 .debug_frame   0x00000cf8      0x334 ./SDK/platform/drivers/src/lpspi/lpspi_master_driver.o
 .debug_frame   0x0000102c       0x2c ./SDK/platform/drivers/src/lpspi/lpspi_irq.o
 .debug_frame   0x00001058      0x310 ./SDK/platform/drivers/src/lpspi/lpspi_hw_access.o
 .debug_frame   0x00001368      0x4c0 ./SDK/platform/drivers/src/lpit/lpit_driver.o
 .debug_frame   0x00001828      0x148 ./SDK/platform/drivers/src/interrupt/interrupt_manager.o
 .debug_frame   0x00001970       0x48 ./SDK/platform/drivers/src/flexcan/flexcan_irq.o
 .debug_frame   0x000019b8      0x4b4 ./SDK/platform/drivers/src/flexcan/flexcan_hw_access.o
 .debug_frame   0x00001e6c      0x940 ./SDK/platform/drivers/src/flexcan/flexcan_driver.o
 .debug_frame   0x000027ac      0x210 ./SDK/platform/drivers/src/edma/edma_irq.o
 .debug_frame   0x000029bc      0x1d0 ./SDK/platform/drivers/src/edma/edma_hw_access.o
 .debug_frame   0x00002b8c      0x838 ./SDK/platform/drivers/src/edma/edma_driver.o
 .debug_frame   0x000033c4       0x8c ./SDK/platform/drivers/src/clock/clock_manager.o
 .debug_frame   0x00003450      0xd7c ./SDK/platform/drivers/src/clock/S32K1xx/clock_S32K1xx.o
 .debug_frame   0x000041cc       0x30 ./SDK/platform/devices/startup.o
 .debug_frame   0x000041fc       0x6c ./SDK/platform/devices/S32K116/startup/system_S32K116.o
 .debug_frame   0x00004268       0x28 C:/NXP/S32DS_ARM_v2018.R1/S32DS/arm_ewl2/lib/armv6-m\libc99.a(memcpy.o)
 .debug_frame   0x00004290       0x20 c:/nxp/s32ds_arm_v2018.r1/cross_tools/gcc-arm-none-eabi-4_9/bin/../lib/gcc/arm-none-eabi/4.9.3/armv6-m\libgcc.a(_udivsi3.o)
 .debug_frame   0x000042b0       0x20 c:/nxp/s32ds_arm_v2018.r1/cross_tools/gcc-arm-none-eabi-4_9/bin/../lib/gcc/arm-none-eabi/4.9.3/armv6-m\libgcc.a(_divsi3.o)
 .debug_frame   0x000042d0       0x34 c:/nxp/s32ds_arm_v2018.r1/cross_tools/gcc-arm-none-eabi-4_9/bin/../lib/gcc/arm-none-eabi/4.9.3/armv6-m\libgcc.a(_muldi3.o)
 .debug_frame   0x00004304       0x50 c:/nxp/s32ds_arm_v2018.r1/cross_tools/gcc-arm-none-eabi-4_9/bin/../lib/gcc/arm-none-eabi/4.9.3/armv6-m\libgcc.a(bpabi.o)
 .debug_frame   0x00004354       0x3c c:/nxp/s32ds_arm_v2018.r1/cross_tools/gcc-arm-none-eabi-4_9/bin/../lib/gcc/arm-none-eabi/4.9.3/armv6-m\libgcc.a(_divdi3.o)
 .debug_frame   0x00004390       0x3c c:/nxp/s32ds_arm_v2018.r1/cross_tools/gcc-arm-none-eabi-4_9/bin/../lib/gcc/arm-none-eabi/4.9.3/armv6-m\libgcc.a(_udivdi3.o)

.debug_loc      0x00000000       0x59
 .debug_loc     0x00000000       0x59 C:/NXP/S32DS_ARM_v2018.R1/S32DS/arm_ewl2/lib/armv6-m\libc99.a(memcpy.o)